Archive member included to satisfy reference by file (symbol)

bin/obj/rslib.a(imx8mp_kernel-1a53598e06c50be6.imx8mp_kernel.241a9a11e0e6ae75-cgu.0.rcgu.o)
                              bin/obj/kernel/init/init.o (rust_kernel_initcalls_stage0)
bin/obj/rslib.a(core-dca77d77b03929cc.core.bbd04c23a4fa3c72-cgu.0.rcgu.o)
                              bin/obj/rslib.a(imx8mp_kernel-1a53598e06c50be6.imx8mp_kernel.241a9a11e0e6ae75-cgu.0.rcgu.o) (core::panicking::panic_fmt)
bin/obj/rslib.a(compiler_builtins-fabd8ee97a026881.compiler_builtins.f286be164c3a919f-cgu.099.rcgu.o)
                              bin/obj/rslib.a(core-dca77d77b03929cc.core.bbd04c23a4fa3c72-cgu.0.rcgu.o) (memcmp)
bin/obj/rslib.a(compiler_builtins-fabd8ee97a026881.compiler_builtins.f286be164c3a919f-cgu.173.rcgu.o)
                              bin/obj/kernel/mm/virt/containers/containers.o (memcpy)
bin/obj/rslib.a(compiler_builtins-fabd8ee97a026881.compiler_builtins.f286be164c3a919f-cgu.242.rcgu.o)
                              bin/obj/drivers/arm_generic_timer/arm_generic_timer.o (__udivti3)
bin/obj/rslib.a(compiler_builtins-fabd8ee97a026881.compiler_builtins.f286be164c3a919f-cgu.295.rcgu.o)
                              bin/obj/kernel/mm/virt/containers/containers.o (memset)
bin/obj/rslib.a(compiler_builtins-fabd8ee97a026881.compiler_builtins.f286be164c3a919f-cgu.018.rcgu.o)
                              bin/obj/rslib.a(compiler_builtins-fabd8ee97a026881.compiler_builtins.f286be164c3a919f-cgu.242.rcgu.o) (compiler_builtins::int::specialized_div_rem::u128_div_rem)

Discarded input sections

 .llvmbc        0x0000000000000000   0x141958 bin/obj/rslib.a(core-dca77d77b03929cc.core.bbd04c23a4fa3c72-cgu.0.rcgu.o)
 .llvmcmd       0x0000000000000000        0x0 bin/obj/rslib.a(core-dca77d77b03929cc.core.bbd04c23a4fa3c72-cgu.0.rcgu.o)
 .llvmbc        0x0000000000000000     0x10b8 bin/obj/rslib.a(compiler_builtins-fabd8ee97a026881.compiler_builtins.f286be164c3a919f-cgu.099.rcgu.o)
 .llvmcmd       0x0000000000000000        0x0 bin/obj/rslib.a(compiler_builtins-fabd8ee97a026881.compiler_builtins.f286be164c3a919f-cgu.099.rcgu.o)
 .llvmbc        0x0000000000000000      0xbf4 bin/obj/rslib.a(compiler_builtins-fabd8ee97a026881.compiler_builtins.f286be164c3a919f-cgu.173.rcgu.o)
 .llvmcmd       0x0000000000000000        0x0 bin/obj/rslib.a(compiler_builtins-fabd8ee97a026881.compiler_builtins.f286be164c3a919f-cgu.173.rcgu.o)
 .llvmbc        0x0000000000000000      0xc04 bin/obj/rslib.a(compiler_builtins-fabd8ee97a026881.compiler_builtins.f286be164c3a919f-cgu.242.rcgu.o)
 .llvmcmd       0x0000000000000000        0x0 bin/obj/rslib.a(compiler_builtins-fabd8ee97a026881.compiler_builtins.f286be164c3a919f-cgu.242.rcgu.o)
 .llvmbc        0x0000000000000000      0xbf4 bin/obj/rslib.a(compiler_builtins-fabd8ee97a026881.compiler_builtins.f286be164c3a919f-cgu.295.rcgu.o)
 .llvmcmd       0x0000000000000000        0x0 bin/obj/rslib.a(compiler_builtins-fabd8ee97a026881.compiler_builtins.f286be164c3a919f-cgu.295.rcgu.o)
 .llvmbc        0x0000000000000000     0x1ca4 bin/obj/rslib.a(compiler_builtins-fabd8ee97a026881.compiler_builtins.f286be164c3a919f-cgu.018.rcgu.o)
 .llvmcmd       0x0000000000000000        0x0 bin/obj/rslib.a(compiler_builtins-fabd8ee97a026881.compiler_builtins.f286be164c3a919f-cgu.018.rcgu.o)

Memory Configuration

Name             Origin             Length             Attributes
HI_VMEM          0xffff800000000000 0x0000800000000000 xrw
DDR_HI           0x0000000100000000 0x0000000140000000 xrw
DDR_LO           0x0000000040000000 0x00000000c0000000 xrw
DDR              0x0000000040000000 0x0000000200000000 xrw
DDR_KERNEL       0x0000000040200000 0x00000001ffe00000 xrw
RESERVED_3F      0x000000003f000000 0x0000000001000000 rw
RESERVED_3E      0x000000003e000000 0x0000000001000000 rw
DDRC_PHY_BCAST   0x000000003dc00000 0x0000000000400000 rw
DDRC_PERF_MON    0x000000003d800000 0x0000000000400000 rw
DDRC_CTL         0x000000003d400000 0x0000000000400000 rw
RESERVED_3D10    0x000000003d100000 0x0000000000300000 rw
DDRC_BLK_CTRL    0x000000003d000000 0x0000000000100000 rw
DDRC_PHY         0x000000003c000000 0x0000000001000000 rw
AUDIO_DSP        0x000000003b000000 0x0000000001000000 rw
GIC              0x0000000038800000 0x0000000000100000 rw
NPU              0x0000000038500000 0x0000000000200000 rw
VPU              0x0000000038340000 0x0000000000200000 rw
VPU_BLK_CTRL     0x0000000038330000 0x0000000000200000 rw
VPU_VC8000E      0x0000000038320000 0x0000000000200000 rw
VPU_G2           0x0000000038310000 0x0000000000200000 rw
VPU_G1           0x0000000038300000 0x0000000000200000 rw
USB2             0x0000000038200000 0x0000000000100000 rw
USB1             0x0000000038100000 0x0000000000100000 rw
GPU_3D           0x0000000038000000 0x0000000000008000 rw
GPU_2D           0x0000000038008000 0x0000000000008000 rw
QSPI_RX          0x0000000036000000 0x0000000002000000 rw
QSPI_RX_1        0x0000000034000000 0x0000000002000000 rw
QSPI_TX          0x0000000033008000 0x0000000000008000 rw
APBH_DMA         0x0000000033000000 0x0000000000008000 rw
AIPS_1           0x0000000030000000 0x0000000000400000 rw
AIPS_2           0x0000000030400000 0x0000000000400000 rw
AIPS_3           0x0000000030800000 0x0000000000400000 rw
AIPS_4           0x0000000032c00000 0x0000000000400000 rw
AIPS_5           0x0000000030c00000 0x0000000000400000 rw
PCIE_REG         0x0000000018000000 0x0000000008000000 rw
OCRAM            0x0000000000900000 0x0000000000090000 xrw
OCRAM_S          0x0000000000180000 0x0000000000009000 rw
OCRAM_S2         0x0000000000189000 0x0000000000007000 rw
CAAM_SEC_RAM     0x0000000000108000 0x0000000000008000 rw
BOOT_ROM         0x0000000000000000 0x000000000003f000 r
*default*        0x0000000000000000 0xffffffffffffffff

Linker script and memory map

                0x0000000000000004                __NUM_CORES = 0x4
                0x0000000000020000                __EL2_STACK_SIZE = 0x20000
                0x0000000000100000                __EL1_STACK_SIZE = 0x100000
                0x0000000000200000                __TFA_PROTECTED_SIZE = 0x200000
                0xffff800000000000                HI_VA_BASE = 0xffff800000000000
                0x0000800000000000                HI_VA_SIZE = 0x800000000000
                0x0000000040200000                KERNEL_PA_BASE = (ORIGIN (DDR) + __TFA_PROTECTED_SIZE)
                0xffff800040200000                KERNEL_VA_BASE = (KERNEL_PA_BASE + HI_VA_BASE)
                0xffff800040200000                . = KERNEL_VA_BASE

.text           0xffff800040200000    0x36000 load address 0x0000000040200000
                0xffff800040200000                __text_start = .
 *(.text.boot)
 .text.boot     0xffff800040200000       0xa8 bin/obj/__boot/boot.o
                0xffff800040200000                _start
 *(.text*)
 .text          0xffff8000402000a8       0x20 bin/obj/__kernel/mm/mm.o
                0xffff8000402000a8                _get_pc
                0xffff8000402000b0                _mm_kva_to_kpa
                0xffff8000402000bc                _mm_kpa_to_kva
 *fill*         0xffff8000402000c8        0x8 
 .text          0xffff8000402000d0       0x40 bin/obj/__kernel/mm/reloc/reloc.o
                0xffff8000402000d0                _jmp_to_with_offset
                0xffff8000402000d8                _reloc_cfg_end
                0xffff800040200104                _return_to_kernel_entry
 .text          0xffff800040200110       0x40 bin/obj/__arm/cache/cache.o
                0xffff800040200110                _cache_flush_range
 .text          0xffff800040200150       0x3c bin/obj/__arm/cache/icache.o
                0xffff800040200150                _icache_flush_range
 .text          0xffff80004020018c       0x3c bin/obj/__arm/cache/dcache.o
                0xffff80004020018c                _dcache_flush_range
 *fill*         0xffff8000402001c8        0x8 
 .text          0xffff8000402001d0       0x10 bin/obj/__arm/tfa/smccc.o
                0xffff8000402001d0                _smc_call
 .text          0xffff8000402001e0      0x114 bin/obj/__arm/sysregs/arm_generic_timer.o
                0xffff8000402001e0                _ARM_CNTFRQ_EL0_set
                0xffff8000402001ec                _ARM_CNTFRQ_EL0_get
                0xffff8000402001f4                _ARM_CNTPCT_EL0_get
                0xffff8000402001fc                _ARM_CNTVCT_EL0_get
                0xffff800040200204                _ARM_CNTP_CTL_EL0_set
                0xffff800040200210                _ARM_CNTP_CTL_EL0_get
                0xffff800040200218                _ARM_CNTP_CVAL_EL0_set
                0xffff800040200224                _ARM_CNTP_CVAL_EL0_get
                0xffff80004020022c                _ARM_CNTP_TVAL_EL0_set
                0xffff800040200238                _ARM_CNTP_TVAL_EL0_get
                0xffff800040200240                _ARM_CNTV_CTL_EL0_set
                0xffff80004020024c                _ARM_CNTV_CTL_EL0_get
                0xffff800040200254                _ARM_CNTV_CVAL_EL0_set
                0xffff800040200260                _ARM_CNTV_CVAL_EL0_get
                0xffff800040200268                _ARM_CNTV_TVAL_EL0_set
                0xffff800040200274                _ARM_CNTV_TVAL_EL0_get
                0xffff80004020027c                _ARM_CNTKCTL_EL1_set
                0xffff800040200288                _ARM_CNTKCTL_EL1_get
                0xffff800040200290                _ARM_CNTHCTL_EL2_set
                0xffff80004020029c                _ARM_CNTHCTL_EL2_get
                0xffff8000402002a4                _ARM_CNTVOFF_EL2_set
                0xffff8000402002b0                _ARM_CNTVOFF_EL2_get
                0xffff8000402002b8                _ARM_CNTPS_CTL_EL1_set
                0xffff8000402002c4                _ARM_CNTPS_CTL_EL1_get
                0xffff8000402002cc                _ARM_CNTPS_CVAL_EL1_set
                0xffff8000402002d8                _ARM_CNTPS_CVAL_EL1_get
                0xffff8000402002e0                _ARM_CNTPS_TVAL_EL1_set
                0xffff8000402002ec                _ARM_CNTPS_TVAL_EL1_get
 .text          0xffff8000402002f4       0x74 bin/obj/__arm/sysregs/sysregs.o
                0xffff8000402002f4                _ARM_currentEL
                0xffff800040200300                _ARM_MPIDR_EL1
                0xffff800040200308                _ARM_ICC_SRE_EL2
                0xffff800040200310                _ARM_HCR_EL2
                0xffff800040200318                _ARM_ESR_EL2
                0xffff800040200320                _ARM_ELR_EL2
                0xffff800040200328                _ARM_FAR_EL2
                0xffff800040200330                _ARM_SPSR_EL2
                0xffff800040200338                _ARM_ESR_EL1
                0xffff800040200340                _ARM_ELR_EL1
                0xffff800040200348                _ARM_FAR_EL1
                0xffff800040200350                _ARM_SPSR_EL1
                0xffff800040200358                _ARM_SCTLR_EL1
                0xffff800040200360                _ARM_SCTLR_EL2
 *fill*         0xffff800040200368      0x498 
 .text          0xffff800040200800     0x1100 bin/obj/__arm/exceptions/el2_vectors.o
                0xffff800040200800                _el2_init_vector
 .text          0xffff800040201900       0x68 bin/obj/__arm/exceptions/exceptions.o
                0xffff800040201900                _exceptions_get_DAIF
                0xffff800040201908                _fiq_exceptions_enable
                0xffff800040201914                _irq_exceptions_enable
                0xffff800040201920                _serror_exceptions_enable
                0xffff80004020192c                _debug_exceptions_enable
                0xffff800040201938                _fiq_exceptions_disable
                0xffff800040201944                _irq_exceptions_disable
                0xffff800040201950                _serror_exceptions_disable
                0xffff80004020195c                _debug_exceptions_disable
 *fill*         0xffff800040201968      0x698 
 .text          0xffff800040202000     0x1100 bin/obj/__arm/exceptions/el1_vectors.o
                0xffff800040202000                _el1_init_vector
 .text          0xffff800040203100        0x8 bin/obj/__arm/cpu.o
                0xffff800040203100                _ARM_get_sp
 *fill*         0xffff800040203108        0x8 
 .text          0xffff800040203110       0xa0 bin/obj/__arm/mmu/regs/mmu_sysregs.o
                0xffff800040203110                _mmu_get_MAIR_EL1
                0xffff800040203118                _mmu_set_MAIR_EL1
                0xffff800040203150                _mmu_get_SCTLR_EL1
                0xffff800040203158                _mmu_set_SCTLR_EL1
                0xffff800040203164                _mmu_get_TTBR0_EL1
                0xffff80004020316c                _mmu_set_TTBR0_EL1
                0xffff80004020317c                _mmu_get_TTBR1_EL1
                0xffff800040203184                _mmu_set_TTBR1_EL1
                0xffff800040203194                _mmu_get_TCR_EL1
                0xffff80004020319c                _mmu_set_TCR_EL1
                0xffff8000402031a8                _mmu_get_ID_AA64MMFR0_EL1
 .text          0xffff8000402031b0       0x34 bin/obj/__lib/lock/spinlock_irq.o
                0xffff8000402031b0                _spin_lock_irqsave
                0xffff8000402031cc                _spin_unlock_irqrestore
 *fill*         0xffff8000402031e4        0xc 
 .text          0xffff8000402031f0       0x58 bin/obj/__lib/lock/spinlock.o
                0xffff8000402031f0                _spin_try_lock
                0xffff800040203218                _spin_lock
                0xffff800040203238                _spin_unlock
 *fill*         0xffff800040203248        0x8 
 .text          0xffff800040203250       0x14 bin/obj/__lib/lock/irqlock.o
                0xffff800040203250                _irq_lock
                0xffff80004020325c                _irq_unlock
 .text          0xffff800040203264       0xc0 bin/obj/__lib/lock/corelock.o
                0xffff800040203264                _core_lock
                0xffff8000402032a8                _core_unlock
                0xffff8000402032d8                _core_try_lock
 *fill*         0xffff800040203324        0xc 
 .text          0xffff800040203330      0x250 bin/obj/__lib/mem/memcpy/memcpy.o
                0xffff800040203330                _memcpy
                0xffff800040203440                _memcpy64
                0xffff800040203470                _memcpy32
                0xffff8000402034a0                _memcpy16
                0xffff8000402034d0                _memcpy8
                0xffff800040203500                _memcpy4
                0xffff800040203530                _memcpy2
                0xffff800040203560                _memcpy1
 .text          0xffff800040203580        0x0 bin/obj/__lib/mem/memzero/memzero.o
 .text          0xffff800040203580        0x8 bin/obj/__lib/mem/mem.o
                0xffff800040203580                _ID_AA64MMFR0_EL1_read
 .text          0xffff800040203588       0x60 bin/obj/__boot/clean_bss.o
                0xffff800040203588                _clean_bss
 .text          0xffff8000402035e8        0x0 bin/obj/__boot/boot.o
 *fill*         0xffff8000402035e8        0x8 
 .text          0xffff8000402035f0       0x8c bin/obj/__boot/el1.o
                0xffff8000402035f0                _switch_to_el1
                0xffff800040203650                _el1_entry
 *fill*         0xffff80004020367c        0x4 
 .text          0xffff800040203680       0x98 bin/obj/__boot/stacks.o
                0xffff800040203680                _setup_stack_el1
                0xffff8000402036b4                _reset_stack_el1
 *fill*         0xffff800040203718        0x8 
 .text          0xffff800040203720       0x58 bin/obj/__boot/secondary_entry.o
                0xffff800040203720                _secondary_entry
 .text          0xffff800040203778      0x108 bin/obj/__boot/gpr.o
                0xffff800040203778                _init_gpr
 .text          0xffff800040203880        0x8 bin/obj/__drivers/tmu/tmu_critical_default.o
                0xffff800040203880                _TMU_critical_hang
 *fill*         0xffff800040203888        0x8 
 .text          0xffff800040203890       0x3c bin/obj/__drivers/interrupts/gicv3/gicv3_arm_interface.o
                0xffff800040203890                _GICV3_ARM_ICC_SRE_EL1_write
                0xffff80004020389c                _GICV3_ARM_ICC_PMR_EL1_write
                0xffff8000402038a8                _GICV3_ARM_ICC_PMR_EL1_read
                0xffff8000402038b0                _GICV3_ARM_ICC_IGRPEN1_EL1_write
                0xffff8000402038bc                _GICV3_ARM_ICC_IAR1_EL1_read
                0xffff8000402038c4                _GICV3_ARM_ICC_EOIR1_EL1_write
 *fill*         0xffff8000402038cc        0x4 
 .text          0xffff8000402038d0      0x120 bin/obj/kernel/irq/irq.o
                0xffff8000402039d0                kernel_handle_irq
 .text          0xffff8000402039f0        0x0 bin/obj/kernel/devices/drivers.o
 .text          0xffff8000402039f0       0x44 bin/obj/kernel/init/early_init.o
                0xffff800040203a10                kernel_early_init
 *fill*         0xffff800040203a34        0xc 
 .text          0xffff800040203a40      0x104 bin/obj/kernel/init/init_drivers.o
 *fill*         0xffff800040203b44        0xc 
 .text          0xffff800040203b50      0x13c bin/obj/kernel/init/init.o
                0xffff800040203b70                kernel_init
 *fill*         0xffff800040203c8c        0x4 
 .text          0xffff800040203c90       0x6c bin/obj/kernel/lib/smp.o
                0xffff800040203c90                get_core_id
                0xffff800040203cb0                wake_core
 *fill*         0xffff800040203cfc        0x4 
 .text          0xffff800040203d00      0x384 bin/obj/kernel/lib/kvec.o
                0xffff800040203d00                kvec_push
                0xffff800040203e00                kvec_pop
                0xffff800040203fc0                kvec_set
                0xffff800040204040                kvec_get
 *fill*         0xffff800040204084        0xc 
 .text          0xffff800040204090      0xcd0 bin/obj/kernel/mm/phys/page_allocator.o
                0xffff800040204200                page_malloc
                0xffff8000402043b0                page_free
                0xffff800040204550                page_allocator_update_tag
                0xffff800040204660                page_allocator_get_data
                0xffff800040204740                page_allocator_set_data
                0xffff800040204810                page_allocator_init
                0xffff8000402049c0                page_allocator_update_memregs
                0xffff800040204c70                page_allocator_debug
 .text          0xffff800040204d60      0x3c4 bin/obj/kernel/mm/init/identity_mapping.o
                0xffff800040204e80                early_identity_mapping
 *fill*         0xffff800040205124        0xc 
 .text          0xffff800040205130      0x184 bin/obj/kernel/mm/init/init.o
                0xffff800040205220                mm_early_init
                0xffff8000402052a0                mm_init
 *fill*         0xffff8000402052b4        0xc 
 .text          0xffff8000402052c0      0xd2c bin/obj/kernel/mm/init/mem_regions/early_kalloc.o
                0xffff800040205640                early_kalloc_init
                0xffff800040205c80                early_kalloc
                0xffff800040205e20                early_kalloc_get_memregs
                0xffff800040205f10                early_kalloc_debug
 .text          0xffff800040205fec        0x0 bin/obj/kernel/mm/init/mem_regions/mem_regions.o
 *fill*         0xffff800040205fec        0x4 
 .text          0xffff800040205ff0      0x3dc bin/obj/kernel/mm/mm_info.o
                0xffff800040205ff0                mm_info_init
                0xffff800040206370                mm_info_ddr_size
                0xffff800040206380                mm_info_ddr_start
                0xffff800040206390                mm_info_ddr_end
                0xffff8000402063a0                mm_info_kernel_start
                0xffff8000402063b0                mm_info_page_count
                0xffff8000402063c0                mm_info_mm_addr_space
 *fill*         0xffff8000402063cc        0x4 
 .text          0xffff8000402063d0       0xa0 bin/obj/kernel/mm/mm.o
                0xffff8000402063d0                mm_kernel_is_relocated
                0xffff8000402063f0                mm_dbg_print_mmu
                0xffff800040206430                mm_va_is_in_kmap_range
 .text          0xffff800040206470      0x59c bin/obj/kernel/mm/virt/containers/containers.o
                0xffff800040206470                vmalloc_init_containers
                0xffff8000402064f0                get_new_fva_node
                0xffff8000402065a0                get_new_rva_node
                0xffff800040206650                free_fva_node
                0xffff800040206790                free_rva_node
                0xffff8000402068d0                vmalloc_containers_debug_fva
                0xffff800040206970                vmalloc_containers_debug_rva
 *fill*         0xffff800040206a0c        0x4 
 .text          0xffff800040206a10     0x2088 bin/obj/kernel/mm/virt/vmalloc.o
                0xffff8000402070b0                vmalloc_init
                0xffff8000402072f0                vmalloc_update_memregs
                0xffff8000402075e0                vmalloc
                0xffff8000402077a0                vmalloc_get_free_bytes
                0xffff8000402077f0                vmalloc_get_reserved_bytes
                0xffff800040207840                vmalloc_update_tag
                0xffff8000402079b0                vmalloc_get_addr_info
                0xffff800040207d10                vmalloc_get_token
                0xffff800040207f10                __vmalloc_token__vmalloc_get_mdt
                0xffff800040207f20                __voidptr__vmalloc_get_mdt
                0xffff800040207f40                vmalloc_push_pa
                0xffff800040207f50                vmalloc_get_pa_count
                0xffff800040207f60                vmalloc_get_pa_info
                0xffff800040207fc0                __vmalloc_token__vfree
                0xffff8000402082f0                __voidptr__vfree
                0xffff800040208380                vmalloc_debug_free
                0xffff8000402085f0                vmalloc_debug_reserved
                0xffff8000402088f0                vmalloc_debug_nodes
 *fill*         0xffff800040208a98        0x8 
 .text          0xffff800040208aa0      0x270 bin/obj/kernel/mm/virt/mdt/mdt.o
                0xffff800040208aa0                vmalloc_pa_mdt_init
                0xffff800040208b00                vmalloc_pa_mdt_push
                0xffff800040208c60                vmalloc_pa_mdt_free
 .text          0xffff800040208d10      0x57c bin/obj/kernel/mm/malloc/raw_kmalloc/raw_kmalloc.o
                0xffff800040208d10                raw_kmalloc_init
                0xffff800040208d20                raw_kmalloc
                0xffff8000402090a0                raw_kfree
                0xffff800040209270                raw_kmalloc_lock
                0xffff800040209280                raw_kmalloc_unlock
 *fill*         0xffff80004020928c        0x4 
 .text          0xffff800040209290     0x1058 bin/obj/kernel/mm/malloc/cache_malloc/cache_malloc.o
                0xffff800040209290                cache_malloc_init
                0xffff8000402092d0                cache_malloc
                0xffff800040209a60                cache_free
                0xffff80004020a250                cache_malloc_size_from_ptr
 *fill*         0xffff80004020a2e8        0x8 
 .text          0xffff80004020a2f0      0x330 bin/obj/kernel/mm/malloc/internal/reserve_malloc.o
                0xffff80004020a2f0                reserve_malloc_init
                0xffff80004020a440                reserve_malloc
                0xffff80004020a540                reserve_malloc_fill
 .text          0xffff80004020a620      0x114 bin/obj/kernel/mm/malloc/kmalloc/kmalloc.o
                0xffff80004020a620                kmalloc
                0xffff80004020a690                kfree
 *fill*         0xffff80004020a734        0xc 
 .text          0xffff80004020a740      0x11c bin/obj/kernel/mm/reloc/reloc.o
                0xffff80004020a740                mm_reloc_kernel
                0xffff80004020a7c0                reloc_cfg_end
 *fill*         0xffff80004020a85c        0x4 
 .text          0xffff80004020a860      0x254 bin/obj/kernel/kernel_entry.o
                0xffff80004020a860                kernel_entry
 *fill*         0xffff80004020aab4        0xc 
 .text          0xffff80004020aac0      0x34c bin/obj/kernel/io/term/term.o
                0xffff80004020ab50                term_init_full
                0xffff80004020ab90                term_add_output
                0xffff80004020abd0                term_printc
                0xffff80004020ac50                term_prints
                0xffff80004020ace0                term_init_early
                0xffff80004020ad20                term_printf
 *fill*         0xffff80004020ae0c        0x4 
 .text          0xffff80004020ae10        0x4 bin/obj/kernel/io/term/buffers.o
                0xffff80004020ae10                term_buffers_init
 .text          0xffff80004020ae14        0x0 bin/obj/kernel/panic/panic.o
 .text.unlikely
                0xffff80004020ae14      0x21c bin/obj/kernel/panic/panic.o
                0xffff80004020b008                panic
                0xffff80004020b018                panicr
 .text          0xffff80004020b030       0xb0 bin/obj/kernel/panic/panic_puts.o
                0xffff80004020b080                panic_puts
 .text          0xffff80004020b0e0      0x134 bin/obj/kernel/panic/panic_exception/panic_exception_handlers.o
                0xffff80004020b0e0                handle_sync_panic
                0xffff80004020b180                handle_irq_panic
                0xffff80004020b200                handle_fiq_panic
                0xffff80004020b210                handle_serror_panic
 *fill*         0xffff80004020b214        0xc 
 .text          0xffff80004020b220      0x10c bin/obj/kernel/panic/panic_exception/esr/esr.o
                0xffff80004020b220                print_esr
 *fill*         0xffff80004020b32c        0x4 
 .text          0xffff80004020b330      0x1fc bin/obj/kernel/panic/panic_exception/esr/data_abort.o
                0xffff80004020b330                print_data_abort_info
 .text          0xffff80004020b52c        0x0 bin/obj/arm/tfa/smccc.o
 *fill*         0xffff80004020b52c        0x4 
 .text          0xffff80004020b530       0x38 bin/obj/arm/cpu.o
                0xffff80004020b530                ARM_get_cpu_affinity
 *fill*         0xffff80004020b568        0x8 
 .text          0xffff80004020b570       0x4c bin/obj/arm/exceptions/handlers/el1/el1_low_a32_serror.o
                0xffff80004020b570                el1_low_a32_serror_handler
 *fill*         0xffff80004020b5bc        0x4 
 .text          0xffff80004020b5c0       0x4c bin/obj/arm/exceptions/handlers/el1/el1_low_a32_fiq.o
                0xffff80004020b5c0                el1_low_a32_fiq_handler
 *fill*         0xffff80004020b60c        0x4 
 .text          0xffff80004020b610       0x4c bin/obj/arm/exceptions/handlers/el1/el1_low_a64_sync.o
                0xffff80004020b610                el1_low_a64_sync_handler
 *fill*         0xffff80004020b65c        0x4 
 .text          0xffff80004020b660       0x4c bin/obj/arm/exceptions/handlers/el1/el1_cur_spx_fiq.o
                0xffff80004020b660                el1_cur_spx_fiq_handler
 *fill*         0xffff80004020b6ac        0x4 
 .text          0xffff80004020b6b0       0x28 bin/obj/arm/exceptions/handlers/el1/el1_cur_spx_irq.o
                0xffff80004020b6b0                el1_cur_spx_irq_handler
 *fill*         0xffff80004020b6d8        0x8 
 .text          0xffff80004020b6e0       0x4c bin/obj/arm/exceptions/handlers/el1/el1_cur_spx_serror.o
                0xffff80004020b6e0                el1_cur_spx_serror_handler
 *fill*         0xffff80004020b72c        0x4 
 .text          0xffff80004020b730       0x4c bin/obj/arm/exceptions/handlers/el1/el1_low_a32_irq.o
                0xffff80004020b730                el1_low_a32_irq_handler
 *fill*         0xffff80004020b77c        0x4 
 .text          0xffff80004020b780       0x4c bin/obj/arm/exceptions/handlers/el1/el1_low_a64_fiq.o
                0xffff80004020b780                el1_low_a64_fiq_handler
 *fill*         0xffff80004020b7cc        0x4 
 .text          0xffff80004020b7d0       0x4c bin/obj/arm/exceptions/handlers/el1/el1_low_a64_irq.o
                0xffff80004020b7d0                el1_low_a64_irq_handler
 *fill*         0xffff80004020b81c        0x4 
 .text          0xffff80004020b820       0x4c bin/obj/arm/exceptions/handlers/el1/el1_cur_sp0_sync.o
                0xffff80004020b820                el1_cur_sp0_sync_handler
 *fill*         0xffff80004020b86c        0x4 
 .text          0xffff80004020b870       0x4c bin/obj/arm/exceptions/handlers/el1/el1_low_a64_serror.o
                0xffff80004020b870                el1_low_a64_serror_handler
 *fill*         0xffff80004020b8bc        0x4 
 .text          0xffff80004020b8c0       0x4c bin/obj/arm/exceptions/handlers/el1/el1_low_a32_sync.o
                0xffff80004020b8c0                el1_low_a32_sync_handler
 *fill*         0xffff80004020b90c        0x4 
 .text          0xffff80004020b910       0x4c bin/obj/arm/exceptions/handlers/el1/el1_cur_spx_sync.o
                0xffff80004020b910                el1_cur_spx_sync_handler
 *fill*         0xffff80004020b95c        0x4 
 .text          0xffff80004020b960       0x4c bin/obj/arm/exceptions/handlers/el1/el1_cur_sp0_fiq.o
                0xffff80004020b960                el1_cur_sp0_fiq_handler
 *fill*         0xffff80004020b9ac        0x4 
 .text          0xffff80004020b9b0       0x4c bin/obj/arm/exceptions/handlers/el1/el1_cur_sp0_serror.o
                0xffff80004020b9b0                el1_cur_sp0_serror_handler
 *fill*         0xffff80004020b9fc        0x4 
 .text          0xffff80004020ba00       0x4c bin/obj/arm/exceptions/handlers/el1/el1_cur_sp0_irq.o
                0xffff80004020ba00                el1_cur_sp0_irq_handler
 *fill*         0xffff80004020ba4c        0x4 
 .text          0xffff80004020ba50       0x4c bin/obj/arm/exceptions/handlers/el2/el2_low_a32_serror.o
                0xffff80004020ba50                el2_low_a32_serror_handler
 *fill*         0xffff80004020ba9c        0x4 
 .text          0xffff80004020baa0       0x4c bin/obj/arm/exceptions/handlers/el2/el2_cur_spx_serror.o
                0xffff80004020baa0                el2_cur_spx_serror_handler
 *fill*         0xffff80004020baec        0x4 
 .text          0xffff80004020baf0       0x4c bin/obj/arm/exceptions/handlers/el2/el2_low_a64_serror.o
                0xffff80004020baf0                el2_low_a64_serror_handler
 *fill*         0xffff80004020bb3c        0x4 
 .text          0xffff80004020bb40       0x4c bin/obj/arm/exceptions/handlers/el2/el2_low_a64_sync.o
                0xffff80004020bb40                el2_low_a64_sync_handler
 *fill*         0xffff80004020bb8c        0x4 
 .text          0xffff80004020bb90       0x4c bin/obj/arm/exceptions/handlers/el2/el2_cur_sp0_irq.o
                0xffff80004020bb90                el2_cur_sp0_irq_handler
 *fill*         0xffff80004020bbdc        0x4 
 .text          0xffff80004020bbe0       0x4c bin/obj/arm/exceptions/handlers/el2/el2_cur_sp0_serror.o
                0xffff80004020bbe0                el2_cur_sp0_serror_handler
 *fill*         0xffff80004020bc2c        0x4 
 .text          0xffff80004020bc30       0x4c bin/obj/arm/exceptions/handlers/el2/el2_low_a64_irq.o
                0xffff80004020bc30                el2_low_a64_irq_handler
 *fill*         0xffff80004020bc7c        0x4 
 .text          0xffff80004020bc80       0x4c bin/obj/arm/exceptions/handlers/el2/el2_low_a64_fiq.o
                0xffff80004020bc80                el2_low_a64_fiq_handler
 *fill*         0xffff80004020bccc        0x4 
 .text          0xffff80004020bcd0       0x4c bin/obj/arm/exceptions/handlers/el2/el2_cur_spx_fiq.o
                0xffff80004020bcd0                el2_cur_spx_fiq_handler
 *fill*         0xffff80004020bd1c        0x4 
 .text          0xffff80004020bd20       0x4c bin/obj/arm/exceptions/handlers/el2/el2_low_a32_irq.o
                0xffff80004020bd20                el2_low_a32_irq_handler
 *fill*         0xffff80004020bd6c        0x4 
 .text          0xffff80004020bd70       0x4c bin/obj/arm/exceptions/handlers/el2/el2_cur_sp0_fiq.o
                0xffff80004020bd70                el2_cur_sp0_fiq_handler
 *fill*         0xffff80004020bdbc        0x4 
 .text          0xffff80004020bdc0       0x4c bin/obj/arm/exceptions/handlers/el2/el2_low_a32_fiq.o
                0xffff80004020bdc0                el2_low_a32_fiq_handler
 *fill*         0xffff80004020be0c        0x4 
 .text          0xffff80004020be10       0x4c bin/obj/arm/exceptions/handlers/el2/el2_cur_spx_sync.o
                0xffff80004020be10                el2_cur_spx_sync_handler
 *fill*         0xffff80004020be5c        0x4 
 .text          0xffff80004020be60       0x4c bin/obj/arm/exceptions/handlers/el2/el2_low_a32_sync.o
                0xffff80004020be60                el2_low_a32_sync_handler
 *fill*         0xffff80004020beac        0x4 
 .text          0xffff80004020beb0       0x4c bin/obj/arm/exceptions/handlers/el2/el2_cur_sp0_sync.o
                0xffff80004020beb0                el2_cur_sp0_sync_handler
 *fill*         0xffff80004020befc        0x4 
 .text          0xffff80004020bf00       0x4c bin/obj/arm/exceptions/handlers/el2/el2_cur_spx_irq.o
                0xffff80004020bf00                el2_cur_spx_irq_handler
 *fill*         0xffff80004020bf4c        0x4 
 .text          0xffff80004020bf50      0x264 bin/obj/arm/exceptions/handlers/exception_macros.o
                0xffff80004020bf50                select_src_enum_
                0xffff80004020c070                select_exception_type_enum_
                0xffff80004020c150                exception_panic
 *fill*         0xffff80004020c1b4        0xc 
 .text          0xffff80004020c1c0      0x194 bin/obj/arm/exceptions/exceptions.o
                0xffff80004020c1c0                arm_exceptions_get_status
                0xffff80004020c210                arm_exceptions_set_status
                0xffff80004020c270                arm_exceptions_enable
                0xffff80004020c2e0                arm_exceptions_disable
                0xffff80004020c350                arm_get_exception_level
 *fill*         0xffff80004020c354        0xc 
 .text          0xffff80004020c360      0x258 bin/obj/arm/mmu/regs/mmu_sysregs.o
                0xffff80004020c360                mmu_apply_cfg
 *fill*         0xffff80004020c5b8        0x8 
 .text          0xffff80004020c5c0      0xcb4 bin/obj/arm/mmu/mmu_debugging.o
                0xffff80004020c5c0                mmu_debug_dump_tbl_
                0xffff80004020ca70                mmu_debug_dump
                0xffff80004020cab0                mmu_stress_test
 *fill*         0xffff80004020d274        0xc 
 .text          0xffff80004020d280     0x2454 bin/obj/arm/mmu/mmu.o
                0xffff80004020d7b0                mmu_init
                0xffff80004020daf0                mmu_get_physmap_offset
                0xffff80004020db00                mmu_activate
                0xffff80004020db30                mmu_deactivate
                0xffff80004020db60                mmu_is_active
                0xffff80004020db80                mmu_hi_va_bits
                0xffff80004020db90                mmu_lo_va_bits
                0xffff80004020dba0                mmu_get_cfg
                0xffff80004020dbe0                mmu_reconfig_allocators
                0xffff80004020dc10                mmu_pg_cfg_new
                0xffff80004020dc50                mmu_cfg_new
                0xffff80004020dca0                mmu_map
                0xffff80004020e390                UNLOCKED_unmap_
                0xffff80004020e9f0                mmu_unmap
                0xffff80004020ea70                mmu_peek
                0xffff80004020f320                mmu_region_is_mapped
                0xffff80004020f630                mmu_reloc
                0xffff80004020f680                mmu_destroy
 *fill*         0xffff80004020f6d4        0xc 
 .text          0xffff80004020f6e0      0x134 bin/obj/lib/lock/corelock.o
                0xffff80004020f6e0                corelock_init
                0xffff80004020f6f0                core_lock
                0xffff80004020f720                core_unlock
                0xffff80004020f7e0                core_try_lock
 *fill*         0xffff80004020f814        0xc 
 .text          0xffff80004020f820      0x5c4 bin/obj/lib/malloc/xalloc.o
                0xffff80004020f9b0                xalloc_init
                0xffff80004020fa20                xalloc_get_block_size
                0xffff80004020fa30                xalloc_get_region_blocks
                0xffff80004020fab0                xalloc_get_region_id
                0xffff80004020fb30                xalloc_get_region_bytes
                0xffff80004020fbb0                xalloc_alloc
                0xffff80004020fcc0                xalloc_calloc
                0xffff80004020fd10                xalloc_free
                0xffff80004020fd90                xalloc_free_id
 *fill*         0xffff80004020fde4        0xc 
 .text          0xffff80004020fdf0       0xb8 bin/obj/lib/string/string.o
                0xffff80004020fdf0                strcopy
                0xffff80004020fe30                strcmp
 *fill*         0xffff80004020fea8        0x8 
 .text          0xffff80004020feb0      0x7ac bin/obj/lib/string/fmt.o
                0xffff80004020feb0                uint8_to_ascii_char
                0xffff80004020ff30                stdint_to_ascii
                0xffff800040210230                str_fmt_print
 *fill*         0xffff80004021065c        0x4 
 .text          0xffff800040210660      0x1b4 bin/obj/lib/mem/memcpy/memcpy.o
                0xffff800040210660                memcpy64_aligned
                0xffff8000402107a0                memcpy64
 *fill*         0xffff800040210814        0xc 
 .text          0xffff800040210820       0x80 bin/obj/lib/mem/mem.o
                0xffff800040210820                pa_supported_bits
 .text          0xffff8000402108a0      0x568 bin/obj/drivers/arm_generic_timer/arm_generic_timer.o
                0xffff8000402108a0                AGT_ns_to_cycles
                0xffff800040210900                AGT_us_to_cycles
                0xffff800040210960                AGT_cnt_cycles
                0xffff800040210970                AGT_cnt_freq
                0xffff800040210980                AGT_cnt_time_ns
                0xffff8000402109c0                AGT_cnt_time_us
                0xffff800040210a00                AGT_timer_schedule_cycles
                0xffff800040210ae0                AGT_timer_schedule_delta
                0xffff800040210c10                AGT_timer_is_armed
                0xffff800040210c50                AGT_timer_has_fired
                0xffff800040210cd0                AGT_timer_cancel
                0xffff800040210d20                AGT_handle_irq
                0xffff800040210de0                AGT_init_stage0
 *fill*         0xffff800040210e08        0x8 
 .text          0xffff800040210e10      0x96c bin/obj/drivers/tmu/tmu.o
                0xffff800040210f00                TMU_init_stage0
                0xffff800040210fc0                TMU_init_stage1
                0xffff800040211170                TMU_handle_irq
                0xffff800040211230                TMU_set_warn_temp
                0xffff8000402113d0                TMU_get_warnings_enabled
                0xffff800040211410                TMU_enable_warnings
                0xffff800040211470                TMU_disable_warnings
                0xffff8000402114d0                TMU_warn_pending
                0xffff800040211510                TMU_set_critical_temp
                0xffff800040211690                TMU_get_temp
 *fill*         0xffff80004021177c        0x4 
 .text          0xffff800040211780      0x8b8 bin/obj/drivers/interrupts/gicv3/gicv3.o
                0xffff800040211860                GICV3_set_cpu_priority_threshold
                0xffff800040211870                GICV3_set_spi_group1ns
                0xffff800040211920                GICV3_route_spi_to_cpu
                0xffff8000402119d0                GICV3_route_spi_to_self
                0xffff800040211aa0                GICV3_enable_spi
                0xffff800040211b40                GICV3_set_priority
                0xffff800040211bf0                GICV3_set_edge_triggered
                0xffff800040211ca0                GICV3_set_level_sensitive
                0xffff800040211d50                GICV3_wake_redistributor
                0xffff800040211da0                GICV3_init_distributor
                0xffff800040211dc0                GICV3_init_cpu
                0xffff800040211df0                GICV3_init_irq
                0xffff800040211f20                GICV3_get_intid_el1
                0xffff800040211f40                GICV3_ack_intid_el1
                0xffff800040211f50                GICV3_enable_ppi
 *fill*         0xffff800040212038        0x8 
 .text          0xffff800040212040      0x990 bin/obj/drivers/uart/uart.o
                0xffff8000402121b0                uart_reset
                0xffff800040212280                uart_read
                0xffff8000402122e0                uart_handle_irq
                0xffff800040212490                uart_init_stage0
                0xffff800040212560                uart_init_stage1
                0xffff8000402125a0                uart_putc_sync
                0xffff800040212610                uart_puts_sync
                0xffff8000402126a0                uart_putc
                0xffff800040212780                uart_puts
                0xffff800040212880                uart_early_init
                0xffff800040212940                uart_putc_early
                0xffff800040212980                uart_puts_early
 .text          0xffff8000402129d0        0x0 bin/obj/rslib.a(imx8mp_kernel-1a53598e06c50be6.imx8mp_kernel.241a9a11e0e6ae75-cgu.0.rcgu.o)
 .text._RNvCsiGVaDesi5rv_7___rustc17rust_begin_unwind
                0xffff8000402129d0        0x4 bin/obj/rslib.a(imx8mp_kernel-1a53598e06c50be6.imx8mp_kernel.241a9a11e0e6ae75-cgu.0.rcgu.o)
                0xffff8000402129d0                __rustc::rust_begin_unwind
 .text.pow2_ring_buffer_new
                0xffff8000402129d4       0x70 bin/obj/rslib.a(imx8mp_kernel-1a53598e06c50be6.imx8mp_kernel.241a9a11e0e6ae75-cgu.0.rcgu.o)
                0xffff8000402129d4                pow2_ring_buffer_new
 .text.pow2_ring_buffer_pop
                0xffff800040212a44       0x90 bin/obj/rslib.a(imx8mp_kernel-1a53598e06c50be6.imx8mp_kernel.241a9a11e0e6ae75-cgu.0.rcgu.o)
                0xffff800040212a44                pow2_ring_buffer_pop
 .text.pow2_ring_buffer_push
                0xffff800040212ad4       0xbc bin/obj/rslib.a(imx8mp_kernel-1a53598e06c50be6.imx8mp_kernel.241a9a11e0e6ae75-cgu.0.rcgu.o)
                0xffff800040212ad4                pow2_ring_buffer_push
 .text.rust_kernel_initcalls_stage0
                0xffff800040212b90        0x4 bin/obj/rslib.a(imx8mp_kernel-1a53598e06c50be6.imx8mp_kernel.241a9a11e0e6ae75-cgu.0.rcgu.o)
                0xffff800040212b90                rust_kernel_initcalls_stage1
                0xffff800040212b90                rust_kernel_initcalls_stage2
                0xffff800040212b90                rust_kernel_initcalls_stage0
 .text.unlikely.rust_test_panic
                0xffff800040212b94       0x2c bin/obj/rslib.a(imx8mp_kernel-1a53598e06c50be6.imx8mp_kernel.241a9a11e0e6ae75-cgu.0.rcgu.o)
                0xffff800040212b94                rust_test_panic
 .text.uart_rx_len
                0xffff800040212bc0       0x18 bin/obj/rslib.a(imx8mp_kernel-1a53598e06c50be6.imx8mp_kernel.241a9a11e0e6ae75-cgu.0.rcgu.o)
                0xffff800040212bc0                uart_rx_len
 .text.uart_rxbuf_pop
                0xffff800040212bd8       0x58 bin/obj/rslib.a(imx8mp_kernel-1a53598e06c50be6.imx8mp_kernel.241a9a11e0e6ae75-cgu.0.rcgu.o)
                0xffff800040212bd8                uart_rxbuf_pop
 .text.uart_rxbuf_push
                0xffff800040212c30       0x6c bin/obj/rslib.a(imx8mp_kernel-1a53598e06c50be6.imx8mp_kernel.241a9a11e0e6ae75-cgu.0.rcgu.o)
                0xffff800040212c30                uart_rxbuf_push
 .text.uart_tx_len
                0xffff800040212c9c       0x18 bin/obj/rslib.a(imx8mp_kernel-1a53598e06c50be6.imx8mp_kernel.241a9a11e0e6ae75-cgu.0.rcgu.o)
                0xffff800040212c9c                uart_tx_len
 .text.uart_txbuf_pop
                0xffff800040212cb4       0x68 bin/obj/rslib.a(imx8mp_kernel-1a53598e06c50be6.imx8mp_kernel.241a9a11e0e6ae75-cgu.0.rcgu.o)
                0xffff800040212cb4                uart_txbuf_pop
 .text.uart_txbuf_push
                0xffff800040212d1c       0x60 bin/obj/rslib.a(imx8mp_kernel-1a53598e06c50be6.imx8mp_kernel.241a9a11e0e6ae75-cgu.0.rcgu.o)
                0xffff800040212d1c                uart_txbuf_push
 .text          0xffff800040212d7c        0x0 bin/obj/rslib.a(core-dca77d77b03929cc.core.bbd04c23a4fa3c72-cgu.0.rcgu.o)
 .text._ZN101_$LT$core..char..CaseMappingIter$u20$as$u20$core..iter..traits..double_ended..DoubleEndedIterator$GT$15advance_back_by17hf0d6f1ce58d3f07dE
                0xffff800040212d7c       0x28 bin/obj/rslib.a(core-dca77d77b03929cc.core.bbd04c23a4fa3c72-cgu.0.rcgu.o)
                0xffff800040212d7c                <core::char::CaseMappingIter as core::iter::traits::double_ended::DoubleEndedIterator>::advance_back_by
 .text._ZN101_$LT$core..char..CaseMappingIter$u20$as$u20$core..iter..traits..double_ended..DoubleEndedIterator$GT$9next_back17hc65cc64a3027a392E
                0xffff800040212da4       0x28 bin/obj/rslib.a(core-dca77d77b03929cc.core.bbd04c23a4fa3c72-cgu.0.rcgu.o)
                0xffff800040212da4                <core::char::CaseMappingIter as core::iter::traits::double_ended::DoubleEndedIterator>::next_back
 .text._ZN105_$LT$core..slice..ascii..EscapeAscii$u20$as$u20$core..iter..traits..double_ended..DoubleEndedIterator$GT$9next_back17h61446658ee893423E
                0xffff800040212dcc      0x120 bin/obj/rslib.a(core-dca77d77b03929cc.core.bbd04c23a4fa3c72-cgu.0.rcgu.o)
                0xffff800040212dcc                <core::slice::ascii::EscapeAscii as core::iter::traits::double_ended::DoubleEndedIterator>::next_back
 .text._ZN105_$LT$dyn$u20$core..any..Any$u2b$core..marker..Send$u2b$core..marker..Sync$u20$as$u20$core..fmt..Debug$GT$3fmt17hd0716b989b3da57dE
                0xffff800040212eec       0x60 bin/obj/rslib.a(core-dca77d77b03929cc.core.bbd04c23a4fa3c72-cgu.0.rcgu.o)
                0xffff800040212eec                <dyn core::any::Any as core::fmt::Debug>::fmt
                0xffff800040212eec                <dyn core::any::Any+core::marker::Send as core::fmt::Debug>::fmt
                0xffff800040212eec                <dyn core::any::Any+core::marker::Send+core::marker::Sync as core::fmt::Debug>::fmt
 .text._ZN110_$LT$$LT$core..wtf8..EncodeWide$u20$as$u20$core..fmt..Debug$GT$..fmt..CodeUnit$u20$as$u20$core..fmt..Debug$GT$3fmt17hda14d4f4daf3c5c9E
                0xffff800040212f4c       0xa0 bin/obj/rslib.a(core-dca77d77b03929cc.core.bbd04c23a4fa3c72-cgu.0.rcgu.o)
                0xffff800040212f4c                <<core::wtf8::EncodeWide as core::fmt::Debug>::fmt::CodeUnit as core::fmt::Debug>::fmt
 .text._ZN116_$LT$core..net..ip_addr..Ipv4Addr$u20$as$u20$core..ops..bit..BitOrAssign$LT$$RF$core..net..ip_addr..Ipv4Addr$GT$$GT$12bitor_assign17h2747ee25fbf1738bE
                0xffff800040212fec       0x80 bin/obj/rslib.a(core-dca77d77b03929cc.core.bbd04c23a4fa3c72-cgu.0.rcgu.o)
                0xffff800040212fec                <core::net::ip_addr::Ipv4Addr as core::ops::bit::BitOrAssign<&core::net::ip_addr::Ipv4Addr>>::bitor_assign
 .text._ZN116_$LT$core..net..ip_addr..Ipv6Addr$u20$as$u20$core..ops..bit..BitOrAssign$LT$$RF$core..net..ip_addr..Ipv6Addr$GT$$GT$12bitor_assign17hff885b6f68f5609cE
                0xffff80004021306c      0x1d0 bin/obj/rslib.a(core-dca77d77b03929cc.core.bbd04c23a4fa3c72-cgu.0.rcgu.o)
                0xffff80004021306c                <core::net::ip_addr::Ipv6Addr as core::ops::bit::BitOrAssign<&core::net::ip_addr::Ipv6Addr>>::bitor_assign
 .text._ZN117_$LT$core..net..ip_addr..Ipv4Addr$u20$as$u20$core..ops..bit..BitAndAssign$LT$$RF$core..net..ip_addr..Ipv4Addr$GT$$GT$13bitand_assign17hb3faa6ba9d6ecb06E
                0xffff80004021323c       0x80 bin/obj/rslib.a(core-dca77d77b03929cc.core.bbd04c23a4fa3c72-cgu.0.rcgu.o)
                0xffff80004021323c                <core::net::ip_addr::Ipv4Addr as core::ops::bit::BitAndAssign<&core::net::ip_addr::Ipv4Addr>>::bitand_assign
 .text._ZN117_$LT$core..net..ip_addr..Ipv6Addr$u20$as$u20$core..ops..bit..BitAndAssign$LT$$RF$core..net..ip_addr..Ipv6Addr$GT$$GT$13bitand_assign17hb1c67c235aa10d9dE
                0xffff8000402132bc      0x1d0 bin/obj/rslib.a(core-dca77d77b03929cc.core.bbd04c23a4fa3c72-cgu.0.rcgu.o)
                0xffff8000402132bc                <core::net::ip_addr::Ipv6Addr as core::ops::bit::BitAndAssign<&core::net::ip_addr::Ipv6Addr>>::bitand_assign
 .text._ZN40_$LT$str$u20$as$u20$core..fmt..Debug$GT$3fmt17h5f6f1bf3a0007201E
                0xffff80004021348c      0x3b0 bin/obj/rslib.a(core-dca77d77b03929cc.core.bbd04c23a4fa3c72-cgu.0.rcgu.o)
                0xffff80004021348c                <str as core::fmt::Debug>::fmt
 .text._ZN41_$LT$char$u20$as$u20$core..fmt..Debug$GT$3fmt17h05bf1d95c56e9d68E
                0xffff80004021383c       0xe4 bin/obj/rslib.a(core-dca77d77b03929cc.core.bbd04c23a4fa3c72-cgu.0.rcgu.o)
                0xffff80004021383c                <char as core::fmt::Debug>::fmt
 .text._ZN42_$LT$$RF$T$u20$as$u20$core..fmt..Debug$GT$3fmt17h2cdcb51347d218f7E
                0xffff800040213920        0x8 bin/obj/rslib.a(core-dca77d77b03929cc.core.bbd04c23a4fa3c72-cgu.0.rcgu.o)
 .text._ZN42_$LT$$RF$T$u20$as$u20$core..fmt..Debug$GT$3fmt17h479b8efc69ca8267E
                0xffff800040213928        0x8 bin/obj/rslib.a(core-dca77d77b03929cc.core.bbd04c23a4fa3c72-cgu.0.rcgu.o)
 .text._ZN42_$LT$$RF$T$u20$as$u20$core..fmt..Debug$GT$3fmt17h5583193454f8b8d6E
                0xffff800040213930      0x164 bin/obj/rslib.a(core-dca77d77b03929cc.core.bbd04c23a4fa3c72-cgu.0.rcgu.o)
 .text._ZN42_$LT$$RF$T$u20$as$u20$core..fmt..Debug$GT$3fmt17h56b7a391078316eaE
                0xffff800040213a94        0xc bin/obj/rslib.a(core-dca77d77b03929cc.core.bbd04c23a4fa3c72-cgu.0.rcgu.o)
 .text._ZN42_$LT$$RF$T$u20$as$u20$core..fmt..Debug$GT$3fmt17h7040e3522c936441E
                0xffff800040213aa0        0xc bin/obj/rslib.a(core-dca77d77b03929cc.core.bbd04c23a4fa3c72-cgu.0.rcgu.o)
 .text._ZN42_$LT$$RF$T$u20$as$u20$core..fmt..Debug$GT$3fmt17h73d6b45e08bc8e15E
                0xffff800040213aac       0x14 bin/obj/rslib.a(core-dca77d77b03929cc.core.bbd04c23a4fa3c72-cgu.0.rcgu.o)
 .text._ZN42_$LT$$RF$T$u20$as$u20$core..fmt..Debug$GT$3fmt17ha642bfdd7996c379E
                0xffff800040213ac0       0x14 bin/obj/rslib.a(core-dca77d77b03929cc.core.bbd04c23a4fa3c72-cgu.0.rcgu.o)
 .text._ZN42_$LT$str$u20$as$u20$core..fmt..Display$GT$3fmt17hc0780a4df539a16aE
                0xffff800040213ad4       0x14 bin/obj/rslib.a(core-dca77d77b03929cc.core.bbd04c23a4fa3c72-cgu.0.rcgu.o)
                0xffff800040213ad4                <str as core::fmt::Display>::fmt
 .text._ZN43_$LT$bool$u20$as$u20$core..fmt..Display$GT$3fmt17h9806e9f5fa916ff1E
                0xffff800040213ae8       0x2c bin/obj/rslib.a(core-dca77d77b03929cc.core.bbd04c23a4fa3c72-cgu.0.rcgu.o)
                0xffff800040213ae8                <bool as core::fmt::Display>::fmt
 .text._ZN43_$LT$char$u20$as$u20$core..fmt..Display$GT$3fmt17h83f04f7b2308e64bE
                0xffff800040213b14       0xf8 bin/obj/rslib.a(core-dca77d77b03929cc.core.bbd04c23a4fa3c72-cgu.0.rcgu.o)
                0xffff800040213b14                <char as core::fmt::Display>::fmt
 .text._ZN44_$LT$$RF$T$u20$as$u20$core..fmt..Display$GT$3fmt17h703b070ad8b43283E
                0xffff800040213c0c        0x8 bin/obj/rslib.a(core-dca77d77b03929cc.core.bbd04c23a4fa3c72-cgu.0.rcgu.o)
 .text._ZN44_$LT$$RF$T$u20$as$u20$core..fmt..Display$GT$3fmt17h9bd2ce85ae1d3eddE
                0xffff800040213c14      0x158 bin/obj/rslib.a(core-dca77d77b03929cc.core.bbd04c23a4fa3c72-cgu.0.rcgu.o)
 .text._ZN44_$LT$$RF$T$u20$as$u20$core..fmt..Display$GT$3fmt17hac20f0bb39cfdd9eE
                0xffff800040213d6c       0x10 bin/obj/rslib.a(core-dca77d77b03929cc.core.bbd04c23a4fa3c72-cgu.0.rcgu.o)
 .text._ZN44_$LT$$RF$T$u20$as$u20$core..fmt..Display$GT$3fmt17hfec459358b2b0a7cE
                0xffff800040213d7c        0x8 bin/obj/rslib.a(core-dca77d77b03929cc.core.bbd04c23a4fa3c72-cgu.0.rcgu.o)
 .text._ZN45_$LT$$RF$T$u20$as$u20$core..fmt..LowerHex$GT$3fmt17h05bd91b15c4ae0d9E
                0xffff800040213d84       0x7c bin/obj/rslib.a(core-dca77d77b03929cc.core.bbd04c23a4fa3c72-cgu.0.rcgu.o)
 .text._ZN46_$LT$i8$u20$as$u20$core..pat..RangePattern$GT$7sub_one17h9a01a105c96fcbd5E
                0xffff800040213e00       0x48 bin/obj/rslib.a(core-dca77d77b03929cc.core.bbd04c23a4fa3c72-cgu.0.rcgu.o)
                0xffff800040213e00                <i8 as core::pat::RangePattern>::sub_one
 .text._ZN46_$LT$u8$u20$as$u20$core..pat..RangePattern$GT$7sub_one17h670240648e8e7fb4E
                0xffff800040213e48       0x40 bin/obj/rslib.a(core-dca77d77b03929cc.core.bbd04c23a4fa3c72-cgu.0.rcgu.o)
                0xffff800040213e48                <u8 as core::pat::RangePattern>::sub_one
 .text._ZN47_$LT$i16$u20$as$u20$core..pat..RangePattern$GT$7sub_one17h541e4bf249e12cddE
                0xffff800040213e88       0x48 bin/obj/rslib.a(core-dca77d77b03929cc.core.bbd04c23a4fa3c72-cgu.0.rcgu.o)
                0xffff800040213e88                <i16 as core::pat::RangePattern>::sub_one
 .text._ZN47_$LT$i32$u20$as$u20$core..pat..RangePattern$GT$7sub_one17h97b022b5d897e388E
                0xffff800040213ed0       0x3c bin/obj/rslib.a(core-dca77d77b03929cc.core.bbd04c23a4fa3c72-cgu.0.rcgu.o)
                0xffff800040213ed0                <i32 as core::pat::RangePattern>::sub_one
 .text._ZN47_$LT$i64$u20$as$u20$core..pat..RangePattern$GT$7sub_one17h0d4cbf88673eab66E
                0xffff800040213f0c       0x3c bin/obj/rslib.a(core-dca77d77b03929cc.core.bbd04c23a4fa3c72-cgu.0.rcgu.o)
                0xffff800040213f0c                <i64 as core::pat::RangePattern>::sub_one
                0xffff800040213f0c                <isize as core::pat::RangePattern>::sub_one
 .text._ZN47_$LT$u16$u20$as$u20$core..pat..RangePattern$GT$7sub_one17hf1b3147e5737ed06E
                0xffff800040213f48       0x40 bin/obj/rslib.a(core-dca77d77b03929cc.core.bbd04c23a4fa3c72-cgu.0.rcgu.o)
                0xffff800040213f48                <u16 as core::pat::RangePattern>::sub_one
 .text._ZN47_$LT$u32$u20$as$u20$core..pat..RangePattern$GT$7sub_one17h5f94339af8ab10a1E
                0xffff800040213f88       0x3c bin/obj/rslib.a(core-dca77d77b03929cc.core.bbd04c23a4fa3c72-cgu.0.rcgu.o)
                0xffff800040213f88                <u32 as core::pat::RangePattern>::sub_one
 .text._ZN47_$LT$u64$u20$as$u20$core..pat..RangePattern$GT$7sub_one17h24c018f405b1f310E
                0xffff800040213fc4       0x3c bin/obj/rslib.a(core-dca77d77b03929cc.core.bbd04c23a4fa3c72-cgu.0.rcgu.o)
                0xffff800040213fc4                <usize as core::pat::RangePattern>::sub_one
                0xffff800040213fc4                <u64 as core::pat::RangePattern>::sub_one
 .text._ZN48_$LT$char$u20$as$u20$core..pat..RangePattern$GT$7sub_one17he70177f83f7ceafcE
                0xffff800040214000       0x54 bin/obj/rslib.a(core-dca77d77b03929cc.core.bbd04c23a4fa3c72-cgu.0.rcgu.o)
                0xffff800040214000                <char as core::pat::RangePattern>::sub_one
 .text._ZN48_$LT$i128$u20$as$u20$core..pat..RangePattern$GT$7sub_one17hcbc11fca96f2cd53E
                0xffff800040214054       0x4c bin/obj/rslib.a(core-dca77d77b03929cc.core.bbd04c23a4fa3c72-cgu.0.rcgu.o)
                0xffff800040214054                <i128 as core::pat::RangePattern>::sub_one
 .text._ZN48_$LT$u128$u20$as$u20$core..pat..RangePattern$GT$7sub_one17h082c3491375e9509E
                0xffff8000402140a0       0x4c bin/obj/rslib.a(core-dca77d77b03929cc.core.bbd04c23a4fa3c72-cgu.0.rcgu.o)
                0xffff8000402140a0                <u128 as core::pat::RangePattern>::sub_one
 .text._ZN49_$LT$u8$u20$as$u20$core..num..bignum..FullOps$GT$12full_div_rem17h6fed2e224afbc72dE
                0xffff8000402140ec       0x38 bin/obj/rslib.a(core-dca77d77b03929cc.core.bbd04c23a4fa3c72-cgu.0.rcgu.o)
                0xffff8000402140ec                <u8 as core::num::bignum::FullOps>::full_div_rem
 .text.unlikely._ZN4core3f3221_$LT$impl$u20$f32$GT$5clamp8do_panic7runtime17h36a43f140f64d661E
                0xffff800040214124       0x50 bin/obj/rslib.a(core-dca77d77b03929cc.core.bbd04c23a4fa3c72-cgu.0.rcgu.o)
                0xffff800040214124                core::f32::<impl f32>::clamp::do_panic::runtime
 .text.unlikely._ZN4core3f6421_$LT$impl$u20$f64$GT$5clamp8do_panic7runtime17h94d48098c87e850eE
                0xffff800040214174       0x50 bin/obj/rslib.a(core-dca77d77b03929cc.core.bbd04c23a4fa3c72-cgu.0.rcgu.o)
                0xffff800040214174                core::f64::<impl f64>::clamp::do_panic::runtime
 .text._ZN4core3ffi5c_str4CStr19from_bytes_with_nul17hf7126ca100a56b9eE
                0xffff8000402141c4       0xf0 bin/obj/rslib.a(core-dca77d77b03929cc.core.bbd04c23a4fa3c72-cgu.0.rcgu.o)
                0xffff8000402141c4                core::ffi::c_str::CStr::from_bytes_with_nul
 .text._ZN4core3ffi5c_str4CStr20from_bytes_until_nul17h4a4d4ec068c826baE
                0xffff8000402142b4       0xdc bin/obj/rslib.a(core-dca77d77b03929cc.core.bbd04c23a4fa3c72-cgu.0.rcgu.o)
                0xffff8000402142b4                core::ffi::c_str::CStr::from_bytes_until_nul
 .text._ZN4core3ffi5c_str4CStr6to_str17hf906734cbe15885eE
                0xffff800040214390        0x8 bin/obj/rslib.a(core-dca77d77b03929cc.core.bbd04c23a4fa3c72-cgu.0.rcgu.o)
                0xffff800040214390                core::ffi::c_str::CStr::to_str
 .text._ZN4core3fmt17FormattingOptions8get_fill17he0043a57724473c7E
                0xffff800040214398        0xc bin/obj/rslib.a(core-dca77d77b03929cc.core.bbd04c23a4fa3c72-cgu.0.rcgu.o)
                0xffff800040214398                core::fmt::FormattingOptions::get_fill
 .text._ZN4core3fmt17pointer_fmt_inner17h9512fbe23d32d8a3E
                0xffff8000402143a4       0xb8 bin/obj/rslib.a(core-dca77d77b03929cc.core.bbd04c23a4fa3c72-cgu.0.rcgu.o)
                0xffff8000402143a4                core::fmt::pointer_fmt_inner
 .text._ZN4core3fmt3num22_$LT$impl$u20$i128$GT$11format_into17h7da8cadabd24f583E
                0xffff80004021445c       0x74 bin/obj/rslib.a(core-dca77d77b03929cc.core.bbd04c23a4fa3c72-cgu.0.rcgu.o)
                0xffff80004021445c                core::fmt::num::<impl i128>::format_into
 .text._ZN4core3fmt3num22_$LT$impl$u20$u128$GT$10_fmt_inner17hf030a7152409751aE
                0xffff8000402144d0      0x578 bin/obj/rslib.a(core-dca77d77b03929cc.core.bbd04c23a4fa3c72-cgu.0.rcgu.o)
 .text._ZN4core3fmt3num22_$LT$impl$u20$u128$GT$11format_into17h5dee2ace129fe29cE
                0xffff800040214a48       0x34 bin/obj/rslib.a(core-dca77d77b03929cc.core.bbd04c23a4fa3c72-cgu.0.rcgu.o)
                0xffff800040214a48                core::fmt::num::<impl u128>::format_into
 .text._ZN4core3fmt3num22_$LT$impl$u20$u128$GT$4_fmt17ha65d27b87d338669E
                0xffff800040214a7c       0x2c bin/obj/rslib.a(core-dca77d77b03929cc.core.bbd04c23a4fa3c72-cgu.0.rcgu.o)
                0xffff800040214a7c                core::fmt::num::<impl u128>::_fmt
 .text._ZN4core3fmt3num3imp20_$LT$impl$u20$i8$GT$11format_into17hfa6336419ff83042E
                0xffff800040214aa8      0x134 bin/obj/rslib.a(core-dca77d77b03929cc.core.bbd04c23a4fa3c72-cgu.0.rcgu.o)
                0xffff800040214aa8                core::fmt::num::imp::<impl i8>::format_into
 .text._ZN4core3fmt3num3imp20_$LT$impl$u20$u8$GT$11format_into17h879b7eff6dae2147E
                0xffff800040214bdc       0xa0 bin/obj/rslib.a(core-dca77d77b03929cc.core.bbd04c23a4fa3c72-cgu.0.rcgu.o)
                0xffff800040214bdc                core::fmt::num::imp::<impl u8>::format_into
 .text._ZN4core3fmt3num3imp20_$LT$impl$u20$u8$GT$4_fmt17ha676af9982528506E
                0xffff800040214c7c       0x90 bin/obj/rslib.a(core-dca77d77b03929cc.core.bbd04c23a4fa3c72-cgu.0.rcgu.o)
                0xffff800040214c7c                core::fmt::num::imp::<impl u8>::_fmt
 .text._ZN4core3fmt3num3imp21_$LT$impl$u20$i16$GT$11format_into17h2f71a14c8f3a6320E
                0xffff800040214d0c      0x1ec bin/obj/rslib.a(core-dca77d77b03929cc.core.bbd04c23a4fa3c72-cgu.0.rcgu.o)
                0xffff800040214d0c                core::fmt::num::imp::<impl i16>::format_into
 .text._ZN4core3fmt3num3imp21_$LT$impl$u20$i32$GT$11format_into17hbc98fbdd3b5c6d6eE
                0xffff800040214ef8      0x274 bin/obj/rslib.a(core-dca77d77b03929cc.core.bbd04c23a4fa3c72-cgu.0.rcgu.o)
                0xffff800040214ef8                core::fmt::num::imp::<impl i32>::format_into
 .text._ZN4core3fmt3num3imp21_$LT$impl$u20$i64$GT$11format_into17he56d1a706514badaE
                0xffff80004021516c      0x27c bin/obj/rslib.a(core-dca77d77b03929cc.core.bbd04c23a4fa3c72-cgu.0.rcgu.o)
                0xffff80004021516c                core::fmt::num::imp::<impl isize>::format_into
                0xffff80004021516c                core::fmt::num::imp::<impl i64>::format_into
 .text._ZN4core3fmt3num3imp21_$LT$impl$u20$u16$GT$11format_into17hf5acce3bc060a7a4E
                0xffff8000402153e8       0xf8 bin/obj/rslib.a(core-dca77d77b03929cc.core.bbd04c23a4fa3c72-cgu.0.rcgu.o)
                0xffff8000402153e8                core::fmt::num::imp::<impl u16>::format_into
 .text._ZN4core3fmt3num3imp21_$LT$impl$u20$u16$GT$4_fmt17h9b16707f2c4d83c7E
                0xffff8000402154e0      0x108 bin/obj/rslib.a(core-dca77d77b03929cc.core.bbd04c23a4fa3c72-cgu.0.rcgu.o)
                0xffff8000402154e0                core::fmt::num::imp::<impl u16>::_fmt
 .text._ZN4core3fmt3num3imp21_$LT$impl$u20$u32$GT$11format_into17h699a29a216c381bfE
                0xffff8000402155e8      0x12c bin/obj/rslib.a(core-dca77d77b03929cc.core.bbd04c23a4fa3c72-cgu.0.rcgu.o)
                0xffff8000402155e8                core::fmt::num::imp::<impl u32>::format_into
 .text._ZN4core3fmt3num3imp21_$LT$impl$u20$u32$GT$4_fmt17hc5bdfc1c3dd3fd08E
                0xffff800040215714      0x130 bin/obj/rslib.a(core-dca77d77b03929cc.core.bbd04c23a4fa3c72-cgu.0.rcgu.o)
                0xffff800040215714                core::fmt::num::imp::<impl u32>::_fmt
 .text._ZN4core3fmt3num3imp21_$LT$impl$u20$u64$GT$11format_into17he2b4201a970f20d7E
                0xffff800040215844      0x130 bin/obj/rslib.a(core-dca77d77b03929cc.core.bbd04c23a4fa3c72-cgu.0.rcgu.o)
                0xffff800040215844                core::fmt::num::imp::<impl u64>::format_into
                0xffff800040215844                core::fmt::num::imp::<impl usize>::format_into
 .text._ZN4core3fmt3num3imp21_$LT$impl$u20$u64$GT$4_fmt17hf5cf8cc64887d18dE
                0xffff800040215974      0x134 bin/obj/rslib.a(core-dca77d77b03929cc.core.bbd04c23a4fa3c72-cgu.0.rcgu.o)
                0xffff800040215974                core::fmt::num::imp::<impl u64>::_fmt
                0xffff800040215974                core::fmt::num::imp::<impl usize>::_fmt
 .text._ZN4core3fmt3num3imp51_$LT$impl$u20$core..fmt..Display$u20$for$u20$i8$GT$3fmt17hcb39de988782ba27E
                0xffff800040215aa8       0xcc bin/obj/rslib.a(core-dca77d77b03929cc.core.bbd04c23a4fa3c72-cgu.0.rcgu.o)
                0xffff800040215aa8                core::fmt::num::imp::<impl core::fmt::Display for i8>::fmt
 .text._ZN4core3fmt3num3imp51_$LT$impl$u20$core..fmt..Display$u20$for$u20$u8$GT$3fmt17hf7d8c920e29b5333E
                0xffff800040215b74       0xac bin/obj/rslib.a(core-dca77d77b03929cc.core.bbd04c23a4fa3c72-cgu.0.rcgu.o)
                0xffff800040215b74                core::fmt::num::imp::<impl core::fmt::Display for u8>::fmt
 .text._ZN4core3fmt3num3imp52_$LT$impl$u20$core..fmt..Display$u20$for$u20$i16$GT$3fmt17h104a3911dccd2ff7E
                0xffff800040215c20      0x11c bin/obj/rslib.a(core-dca77d77b03929cc.core.bbd04c23a4fa3c72-cgu.0.rcgu.o)
                0xffff800040215c20                core::fmt::num::imp::<impl core::fmt::Display for i16>::fmt
 .text._ZN4core3fmt3num3imp52_$LT$impl$u20$core..fmt..Display$u20$for$u20$i32$GT$3fmt17h80bd409755b2ddaeE
                0xffff800040215d3c      0x158 bin/obj/rslib.a(core-dca77d77b03929cc.core.bbd04c23a4fa3c72-cgu.0.rcgu.o)
                0xffff800040215d3c                core::fmt::num::imp::<impl core::fmt::Display for i32>::fmt
 .text._ZN4core3fmt3num3imp52_$LT$impl$u20$core..fmt..Display$u20$for$u20$i64$GT$3fmt17h1e801d532e5ecaafE
                0xffff800040215e94      0x15c bin/obj/rslib.a(core-dca77d77b03929cc.core.bbd04c23a4fa3c72-cgu.0.rcgu.o)
                0xffff800040215e94                core::fmt::num::imp::<impl core::fmt::Display for isize>::fmt
                0xffff800040215e94                core::fmt::num::imp::<impl core::fmt::Display for i64>::fmt
 .text._ZN4core3fmt3num3imp52_$LT$impl$u20$core..fmt..Display$u20$for$u20$u16$GT$3fmt17hdb2998ab968581d1E
                0xffff800040215ff0      0x104 bin/obj/rslib.a(core-dca77d77b03929cc.core.bbd04c23a4fa3c72-cgu.0.rcgu.o)
                0xffff800040215ff0                core::fmt::num::imp::<impl core::fmt::Display for u16>::fmt
 .text._ZN4core3fmt3num3imp52_$LT$impl$u20$core..fmt..Display$u20$for$u20$u32$GT$3fmt17h0b158e54c199f5dbE
                0xffff8000402160f4      0x14c bin/obj/rslib.a(core-dca77d77b03929cc.core.bbd04c23a4fa3c72-cgu.0.rcgu.o)
                0xffff8000402160f4                core::fmt::num::imp::<impl core::fmt::Display for u32>::fmt
 .text._ZN4core3fmt3num3imp52_$LT$impl$u20$core..fmt..Display$u20$for$u20$u64$GT$3fmt17h64f3911dafa6269fE
                0xffff800040216240      0x154 bin/obj/rslib.a(core-dca77d77b03929cc.core.bbd04c23a4fa3c72-cgu.0.rcgu.o)
                0xffff800040216240                core::fmt::num::imp::<impl core::fmt::Display for usize>::fmt
                0xffff800040216240                core::fmt::num::imp::<impl core::fmt::Display for u64>::fmt
 .text._ZN4core3fmt3num3imp52_$LT$impl$u20$core..fmt..LowerExp$u20$for$u20$i8$GT$3fmt17h58d82f5837eb5be0E
                0xffff800040216394       0x24 bin/obj/rslib.a(core-dca77d77b03929cc.core.bbd04c23a4fa3c72-cgu.0.rcgu.o)
                0xffff800040216394                core::fmt::num::imp::<impl core::fmt::LowerExp for i8>::fmt
 .text._ZN4core3fmt3num3imp52_$LT$impl$u20$core..fmt..LowerExp$u20$for$u20$u8$GT$3fmt17h501ecc2dbdd34467E
                0xffff8000402163b8       0x18 bin/obj/rslib.a(core-dca77d77b03929cc.core.bbd04c23a4fa3c72-cgu.0.rcgu.o)
                0xffff8000402163b8                core::fmt::num::imp::<impl core::fmt::LowerExp for u8>::fmt
 .text._ZN4core3fmt3num3imp52_$LT$impl$u20$core..fmt..UpperExp$u20$for$u20$i8$GT$3fmt17ha0f846b22050294aE
                0xffff8000402163d0       0x24 bin/obj/rslib.a(core-dca77d77b03929cc.core.bbd04c23a4fa3c72-cgu.0.rcgu.o)
                0xffff8000402163d0                core::fmt::num::imp::<impl core::fmt::UpperExp for i8>::fmt
 .text._ZN4core3fmt3num3imp52_$LT$impl$u20$core..fmt..UpperExp$u20$for$u20$u8$GT$3fmt17h010e9c1ce5bc6f83E
                0xffff8000402163f4       0x18 bin/obj/rslib.a(core-dca77d77b03929cc.core.bbd04c23a4fa3c72-cgu.0.rcgu.o)
                0xffff8000402163f4                core::fmt::num::imp::<impl core::fmt::UpperExp for u8>::fmt
 .text._ZN4core3fmt3num3imp53_$LT$impl$u20$core..fmt..LowerExp$u20$for$u20$i16$GT$3fmt17h0ef11d9cfa7db045E
                0xffff80004021640c       0x24 bin/obj/rslib.a(core-dca77d77b03929cc.core.bbd04c23a4fa3c72-cgu.0.rcgu.o)
                0xffff80004021640c                core::fmt::num::imp::<impl core::fmt::LowerExp for i16>::fmt
 .text._ZN4core3fmt3num3imp53_$LT$impl$u20$core..fmt..LowerExp$u20$for$u20$i32$GT$3fmt17h73a92d63361655e1E
                0xffff800040216430       0x24 bin/obj/rslib.a(core-dca77d77b03929cc.core.bbd04c23a4fa3c72-cgu.0.rcgu.o)
                0xffff800040216430                core::fmt::num::imp::<impl core::fmt::LowerExp for i32>::fmt
 .text._ZN4core3fmt3num3imp53_$LT$impl$u20$core..fmt..LowerExp$u20$for$u20$i64$GT$3fmt17he8eaeb98c7470710E
                0xffff800040216454       0x24 bin/obj/rslib.a(core-dca77d77b03929cc.core.bbd04c23a4fa3c72-cgu.0.rcgu.o)
                0xffff800040216454                core::fmt::num::imp::<impl core::fmt::LowerExp for isize>::fmt
                0xffff800040216454                core::fmt::num::imp::<impl core::fmt::LowerExp for i64>::fmt
 .text._ZN4core3fmt3num3imp53_$LT$impl$u20$core..fmt..LowerExp$u20$for$u20$u16$GT$3fmt17h49c4e818814d45dbE
                0xffff800040216478       0x18 bin/obj/rslib.a(core-dca77d77b03929cc.core.bbd04c23a4fa3c72-cgu.0.rcgu.o)
                0xffff800040216478                core::fmt::num::imp::<impl core::fmt::LowerExp for u16>::fmt
 .text._ZN4core3fmt3num3imp53_$LT$impl$u20$core..fmt..LowerExp$u20$for$u20$u32$GT$3fmt17h158f35b2865c949eE
                0xffff800040216490       0x18 bin/obj/rslib.a(core-dca77d77b03929cc.core.bbd04c23a4fa3c72-cgu.0.rcgu.o)
                0xffff800040216490                core::fmt::num::imp::<impl core::fmt::LowerExp for u32>::fmt
 .text._ZN4core3fmt3num3imp53_$LT$impl$u20$core..fmt..LowerExp$u20$for$u20$u64$GT$3fmt17hd02b9c2dab05dc10E
                0xffff8000402164a8       0x18 bin/obj/rslib.a(core-dca77d77b03929cc.core.bbd04c23a4fa3c72-cgu.0.rcgu.o)
                0xffff8000402164a8                core::fmt::num::imp::<impl core::fmt::LowerExp for usize>::fmt
                0xffff8000402164a8                core::fmt::num::imp::<impl core::fmt::LowerExp for u64>::fmt
 .text._ZN4core3fmt3num3imp53_$LT$impl$u20$core..fmt..UpperExp$u20$for$u20$i16$GT$3fmt17h3fab035472132d68E
                0xffff8000402164c0       0x24 bin/obj/rslib.a(core-dca77d77b03929cc.core.bbd04c23a4fa3c72-cgu.0.rcgu.o)
                0xffff8000402164c0                core::fmt::num::imp::<impl core::fmt::UpperExp for i16>::fmt
 .text._ZN4core3fmt3num3imp53_$LT$impl$u20$core..fmt..UpperExp$u20$for$u20$i32$GT$3fmt17hc873c09afcd74914E
                0xffff8000402164e4       0x24 bin/obj/rslib.a(core-dca77d77b03929cc.core.bbd04c23a4fa3c72-cgu.0.rcgu.o)
                0xffff8000402164e4                core::fmt::num::imp::<impl core::fmt::UpperExp for i32>::fmt
 .text._ZN4core3fmt3num3imp53_$LT$impl$u20$core..fmt..UpperExp$u20$for$u20$i64$GT$3fmt17he2f6e251da279662E
                0xffff800040216508       0x24 bin/obj/rslib.a(core-dca77d77b03929cc.core.bbd04c23a4fa3c72-cgu.0.rcgu.o)
                0xffff800040216508                core::fmt::num::imp::<impl core::fmt::UpperExp for isize>::fmt
                0xffff800040216508                core::fmt::num::imp::<impl core::fmt::UpperExp for i64>::fmt
 .text._ZN4core3fmt3num3imp53_$LT$impl$u20$core..fmt..UpperExp$u20$for$u20$u16$GT$3fmt17h2e49b62056d088d3E
                0xffff80004021652c       0x18 bin/obj/rslib.a(core-dca77d77b03929cc.core.bbd04c23a4fa3c72-cgu.0.rcgu.o)
                0xffff80004021652c                core::fmt::num::imp::<impl core::fmt::UpperExp for u16>::fmt
 .text._ZN4core3fmt3num3imp53_$LT$impl$u20$core..fmt..UpperExp$u20$for$u20$u32$GT$3fmt17h67f329f6a561b042E
                0xffff800040216544       0x18 bin/obj/rslib.a(core-dca77d77b03929cc.core.bbd04c23a4fa3c72-cgu.0.rcgu.o)
                0xffff800040216544                core::fmt::num::imp::<impl core::fmt::UpperExp for u32>::fmt
 .text._ZN4core3fmt3num3imp53_$LT$impl$u20$core..fmt..UpperExp$u20$for$u20$u64$GT$3fmt17h089d5041d0086602E
                0xffff80004021655c       0x18 bin/obj/rslib.a(core-dca77d77b03929cc.core.bbd04c23a4fa3c72-cgu.0.rcgu.o)
                0xffff80004021655c                core::fmt::num::imp::<impl core::fmt::UpperExp for usize>::fmt
                0xffff80004021655c                core::fmt::num::imp::<impl core::fmt::UpperExp for u64>::fmt
 .text._ZN4core3fmt3num3imp7exp_u6417hcfe3e43662793de3E
                0xffff800040216574      0x540 bin/obj/rslib.a(core-dca77d77b03929cc.core.bbd04c23a4fa3c72-cgu.0.rcgu.o)
 .text._ZN4core3fmt3num49_$LT$impl$u20$core..fmt..Debug$u20$for$u20$i8$GT$3fmt17h827ef15b7c2cc75eE
                0xffff800040216ab4      0x18c bin/obj/rslib.a(core-dca77d77b03929cc.core.bbd04c23a4fa3c72-cgu.0.rcgu.o)
 .text._ZN4core3fmt3num49_$LT$impl$u20$core..fmt..Debug$u20$for$u20$u8$GT$3fmt17hbfcfc52b811f831eE
                0xffff800040216c40      0x170 bin/obj/rslib.a(core-dca77d77b03929cc.core.bbd04c23a4fa3c72-cgu.0.rcgu.o)
 .text._ZN4core3fmt3num49_$LT$impl$u20$core..fmt..Octal$u20$for$u20$i8$GT$3fmt17h938552005bb66eb0E
                0xffff800040216db0       0x78 bin/obj/rslib.a(core-dca77d77b03929cc.core.bbd04c23a4fa3c72-cgu.0.rcgu.o)
                0xffff800040216db0                core::fmt::num::<impl core::fmt::Octal for i8>::fmt
 .text._ZN4core3fmt3num49_$LT$impl$u20$core..fmt..Octal$u20$for$u20$u8$GT$3fmt17hf4ab8ae14edcc341E
                0xffff800040216e28       0x78 bin/obj/rslib.a(core-dca77d77b03929cc.core.bbd04c23a4fa3c72-cgu.0.rcgu.o)
                0xffff800040216e28                core::fmt::num::<impl core::fmt::Octal for u8>::fmt
 .text._ZN4core3fmt3num50_$LT$impl$u20$core..fmt..Binary$u20$for$u20$i8$GT$3fmt17h364fc7cada5f95ebE
                0xffff800040216ea0       0x78 bin/obj/rslib.a(core-dca77d77b03929cc.core.bbd04c23a4fa3c72-cgu.0.rcgu.o)
                0xffff800040216ea0                core::fmt::num::<impl core::fmt::Binary for i8>::fmt
 .text._ZN4core3fmt3num50_$LT$impl$u20$core..fmt..Binary$u20$for$u20$u8$GT$3fmt17he2c0567fc6506356E
                0xffff800040216f18       0x78 bin/obj/rslib.a(core-dca77d77b03929cc.core.bbd04c23a4fa3c72-cgu.0.rcgu.o)
                0xffff800040216f18                core::fmt::num::<impl core::fmt::Binary for u8>::fmt
 .text._ZN4core3fmt3num50_$LT$impl$u20$core..fmt..Debug$u20$for$u20$i16$GT$3fmt17hd85915d27365f48cE
                0xffff800040216f90      0x1dc bin/obj/rslib.a(core-dca77d77b03929cc.core.bbd04c23a4fa3c72-cgu.0.rcgu.o)
 .text._ZN4core3fmt3num50_$LT$impl$u20$core..fmt..Debug$u20$for$u20$u16$GT$3fmt17h02c79a3af51ec021E
                0xffff80004021716c      0x1c8 bin/obj/rslib.a(core-dca77d77b03929cc.core.bbd04c23a4fa3c72-cgu.0.rcgu.o)
 .text._ZN4core3fmt3num50_$LT$impl$u20$core..fmt..Debug$u20$for$u20$u32$GT$3fmt17hdcaa54ae5b814f37E
                0xffff800040217334      0x200 bin/obj/rslib.a(core-dca77d77b03929cc.core.bbd04c23a4fa3c72-cgu.0.rcgu.o)
 .text._ZN4core3fmt3num50_$LT$impl$u20$core..fmt..Debug$u20$for$u20$u64$GT$3fmt17h6612a6d4aeffcfe3E
                0xffff800040217534      0x1fc bin/obj/rslib.a(core-dca77d77b03929cc.core.bbd04c23a4fa3c72-cgu.0.rcgu.o)
 .text._ZN4core3fmt3num50_$LT$impl$u20$core..fmt..Octal$u20$for$u20$i16$GT$3fmt17hb30f0eff41b795d7E
                0xffff800040217730       0x78 bin/obj/rslib.a(core-dca77d77b03929cc.core.bbd04c23a4fa3c72-cgu.0.rcgu.o)
                0xffff800040217730                core::fmt::num::<impl core::fmt::Octal for i16>::fmt
 .text._ZN4core3fmt3num50_$LT$impl$u20$core..fmt..Octal$u20$for$u20$i32$GT$3fmt17h96bda70b13d869cfE
                0xffff8000402177a8       0x78 bin/obj/rslib.a(core-dca77d77b03929cc.core.bbd04c23a4fa3c72-cgu.0.rcgu.o)
                0xffff8000402177a8                core::fmt::num::<impl core::fmt::Octal for i32>::fmt
 .text._ZN4core3fmt3num50_$LT$impl$u20$core..fmt..Octal$u20$for$u20$i64$GT$3fmt17hbca0bdf49b956695E
                0xffff800040217820       0x78 bin/obj/rslib.a(core-dca77d77b03929cc.core.bbd04c23a4fa3c72-cgu.0.rcgu.o)
                0xffff800040217820                core::fmt::num::<impl core::fmt::Octal for i64>::fmt
                0xffff800040217820                core::fmt::num::<impl core::fmt::Octal for isize>::fmt
 .text._ZN4core3fmt3num50_$LT$impl$u20$core..fmt..Octal$u20$for$u20$u16$GT$3fmt17haa5505935580f60eE
                0xffff800040217898       0x78 bin/obj/rslib.a(core-dca77d77b03929cc.core.bbd04c23a4fa3c72-cgu.0.rcgu.o)
                0xffff800040217898                core::fmt::num::<impl core::fmt::Octal for u16>::fmt
 .text._ZN4core3fmt3num50_$LT$impl$u20$core..fmt..Octal$u20$for$u20$u32$GT$3fmt17h4a01e2886ae035d3E
                0xffff800040217910       0x78 bin/obj/rslib.a(core-dca77d77b03929cc.core.bbd04c23a4fa3c72-cgu.0.rcgu.o)
                0xffff800040217910                core::fmt::num::<impl core::fmt::Octal for u32>::fmt
 .text._ZN4core3fmt3num50_$LT$impl$u20$core..fmt..Octal$u20$for$u20$u64$GT$3fmt17hf6bc247530776172E
                0xffff800040217988       0x78 bin/obj/rslib.a(core-dca77d77b03929cc.core.bbd04c23a4fa3c72-cgu.0.rcgu.o)
                0xffff800040217988                core::fmt::num::<impl core::fmt::Octal for usize>::fmt
                0xffff800040217988                core::fmt::num::<impl core::fmt::Octal for u64>::fmt
 .text._ZN4core3fmt3num51_$LT$impl$u20$core..fmt..Binary$u20$for$u20$i16$GT$3fmt17h57858060feef142cE
                0xffff800040217a00       0x78 bin/obj/rslib.a(core-dca77d77b03929cc.core.bbd04c23a4fa3c72-cgu.0.rcgu.o)
                0xffff800040217a00                core::fmt::num::<impl core::fmt::Binary for i16>::fmt
 .text._ZN4core3fmt3num51_$LT$impl$u20$core..fmt..Binary$u20$for$u20$i32$GT$3fmt17h0b19d692da06108dE
                0xffff800040217a78       0x78 bin/obj/rslib.a(core-dca77d77b03929cc.core.bbd04c23a4fa3c72-cgu.0.rcgu.o)
                0xffff800040217a78                core::fmt::num::<impl core::fmt::Binary for i32>::fmt
 .text._ZN4core3fmt3num51_$LT$impl$u20$core..fmt..Binary$u20$for$u20$i64$GT$3fmt17haeba80af4dc4e17eE
                0xffff800040217af0       0x78 bin/obj/rslib.a(core-dca77d77b03929cc.core.bbd04c23a4fa3c72-cgu.0.rcgu.o)
                0xffff800040217af0                core::fmt::num::<impl core::fmt::Binary for isize>::fmt
                0xffff800040217af0                core::fmt::num::<impl core::fmt::Binary for i64>::fmt
 .text._ZN4core3fmt3num51_$LT$impl$u20$core..fmt..Binary$u20$for$u20$u16$GT$3fmt17h994032199faeaac8E
                0xffff800040217b68       0x78 bin/obj/rslib.a(core-dca77d77b03929cc.core.bbd04c23a4fa3c72-cgu.0.rcgu.o)
                0xffff800040217b68                core::fmt::num::<impl core::fmt::Binary for u16>::fmt
 .text._ZN4core3fmt3num51_$LT$impl$u20$core..fmt..Binary$u20$for$u20$u32$GT$3fmt17h97ec4d142d6b0a75E
                0xffff800040217be0       0x78 bin/obj/rslib.a(core-dca77d77b03929cc.core.bbd04c23a4fa3c72-cgu.0.rcgu.o)
[...]
LOAD bin/obj/kernel/mm/malloc/raw_kmalloc/raw_kmalloc.o
LOAD bin/obj/kernel/mm/malloc/cache_malloc/cache_malloc.o
LOAD bin/obj/kernel/mm/malloc/internal/reserve_malloc.o
LOAD bin/obj/kernel/mm/malloc/kmalloc/kmalloc.o
LOAD bin/obj/kernel/mm/reloc/reloc.o
LOAD bin/obj/kernel/kernel_entry.o
LOAD bin/obj/kernel/io/term/term.o
LOAD bin/obj/kernel/io/term/buffers.o
LOAD bin/obj/kernel/panic/panic.o
LOAD bin/obj/kernel/panic/panic_puts.o
LOAD bin/obj/kernel/panic/panic_exception/panic_exception_handlers.o
LOAD bin/obj/kernel/panic/panic_exception/esr/esr.o
LOAD bin/obj/kernel/panic/panic_exception/esr/data_abort.o
LOAD bin/obj/arm/tfa/smccc.o
LOAD bin/obj/arm/cpu.o
LOAD bin/obj/arm/exceptions/handlers/el1/el1_low_a32_serror.o
LOAD bin/obj/arm/exceptions/handlers/el1/el1_low_a32_fiq.o
LOAD bin/obj/arm/exceptions/handlers/el1/el1_low_a64_sync.o
LOAD bin/obj/arm/exceptions/handlers/el1/el1_cur_spx_fiq.o
LOAD bin/obj/arm/exceptions/handlers/el1/el1_cur_spx_irq.o
LOAD bin/obj/arm/exceptions/handlers/el1/el1_cur_spx_serror.o
LOAD bin/obj/arm/exceptions/handlers/el1/el1_low_a32_irq.o
LOAD bin/obj/arm/exceptions/handlers/el1/el1_low_a64_fiq.o
LOAD bin/obj/arm/exceptions/handlers/el1/el1_low_a64_irq.o
LOAD bin/obj/arm/exceptions/handlers/el1/el1_cur_sp0_sync.o
LOAD bin/obj/arm/exceptions/handlers/el1/el1_low_a64_serror.o
LOAD bin/obj/arm/exceptions/handlers/el1/el1_low_a32_sync.o
LOAD bin/obj/arm/exceptions/handlers/el1/el1_cur_spx_sync.o
LOAD bin/obj/arm/exceptions/handlers/el1/el1_cur_sp0_fiq.o
LOAD bin/obj/arm/exceptions/handlers/el1/el1_cur_sp0_serror.o
LOAD bin/obj/arm/exceptions/handlers/el1/el1_cur_sp0_irq.o
LOAD bin/obj/arm/exceptions/handlers/el2/el2_low_a32_serror.o
LOAD bin/obj/arm/exceptions/handlers/el2/el2_cur_spx_serror.o
LOAD bin/obj/arm/exceptions/handlers/el2/el2_low_a64_serror.o
LOAD bin/obj/arm/exceptions/handlers/el2/el2_low_a64_sync.o
LOAD bin/obj/arm/exceptions/handlers/el2/el2_cur_sp0_irq.o
LOAD bin/obj/arm/exceptions/handlers/el2/el2_cur_sp0_serror.o
LOAD bin/obj/arm/exceptions/handlers/el2/el2_low_a64_irq.o
LOAD bin/obj/arm/exceptions/handlers/el2/el2_low_a64_fiq.o
LOAD bin/obj/arm/exceptions/handlers/el2/el2_cur_spx_fiq.o
LOAD bin/obj/arm/exceptions/handlers/el2/el2_low_a32_irq.o
LOAD bin/obj/arm/exceptions/handlers/el2/el2_cur_sp0_fiq.o
LOAD bin/obj/arm/exceptions/handlers/el2/el2_low_a32_fiq.o
LOAD bin/obj/arm/exceptions/handlers/el2/el2_cur_spx_sync.o
LOAD bin/obj/arm/exceptions/handlers/el2/el2_low_a32_sync.o
LOAD bin/obj/arm/exceptions/handlers/el2/el2_cur_sp0_sync.o
LOAD bin/obj/arm/exceptions/handlers/el2/el2_cur_spx_irq.o
LOAD bin/obj/arm/exceptions/handlers/exception_macros.o
LOAD bin/obj/arm/exceptions/exceptions.o
LOAD bin/obj/arm/mmu/regs/mmu_sysregs.o
LOAD bin/obj/arm/mmu/mmu_debugging.o
LOAD bin/obj/arm/mmu/mmu.o
LOAD bin/obj/lib/lock/corelock.o
LOAD bin/obj/lib/malloc/xalloc.o
LOAD bin/obj/lib/string/string.o
LOAD bin/obj/lib/string/fmt.o
LOAD bin/obj/lib/mem/memcpy/memcpy.o
LOAD bin/obj/lib/mem/mem.o
LOAD bin/obj/drivers/arm_generic_timer/arm_generic_timer.o
LOAD bin/obj/drivers/tmu/tmu.o
LOAD bin/obj/drivers/interrupts/gicv3/gicv3.o
LOAD bin/obj/drivers/uart/uart.o
LOAD bin/obj/rslib.a
OUTPUT(bin/kernel.elf elf64-littleaarch64)
LOAD linker stubs

.comment        0x0000000000000000       0x71
 .comment       0x0000000000000000       0x71 bin/obj/kernel/irq/irq.o
                                         0x46 (size before relaxing)
 .comment       0x0000000000000071       0x46 bin/obj/kernel/devices/drivers.o
 .comment       0x0000000000000071       0x46 bin/obj/kernel/init/early_init.o
 .comment       0x0000000000000071       0x46 bin/obj/kernel/init/init_drivers.o
 .comment       0x0000000000000071       0x46 bin/obj/kernel/init/init.o
 .comment       0x0000000000000071       0x46 bin/obj/kernel/lib/smp.o
 .comment       0x0000000000000071       0x46 bin/obj/kernel/lib/kvec.o
 .comment       0x0000000000000071       0x46 bin/obj/kernel/mm/phys/page_allocator.o
 .comment       0x0000000000000071       0x46 bin/obj/kernel/mm/init/identity_mapping.o
 .comment       0x0000000000000071       0x46 bin/obj/kernel/mm/init/init.o
 .comment       0x0000000000000071       0x46 bin/obj/kernel/mm/init/mem_regions/early_kalloc.o
 .comment       0x0000000000000071       0x46 bin/obj/kernel/mm/init/mem_regions/mem_regions.o
 .comment       0x0000000000000071       0x46 bin/obj/kernel/mm/mm_info.o
 .comment       0x0000000000000071       0x46 bin/obj/kernel/mm/mm.o
 .comment       0x0000000000000071       0x46 bin/obj/kernel/mm/virt/containers/containers.o
 .comment       0x0000000000000071       0x46 bin/obj/kernel/mm/virt/vmalloc.o
 .comment       0x0000000000000071       0x46 bin/obj/kernel/mm/virt/mdt/mdt.o
 .comment       0x0000000000000071       0x46 bin/obj/kernel/mm/malloc/raw_kmalloc/raw_kmalloc.o
 .comment       0x0000000000000071       0x46 bin/obj/kernel/mm/malloc/cache_malloc/cache_malloc.o
 .comment       0x0000000000000071       0x46 bin/obj/kernel/mm/malloc/internal/reserve_malloc.o
 .comment       0x0000000000000071       0x46 bin/obj/kernel/mm/malloc/kmalloc/kmalloc.o
 .comment       0x0000000000000071       0x46 bin/obj/kernel/mm/reloc/reloc.o
 .comment       0x0000000000000071       0x46 bin/obj/kernel/kernel_entry.o
 .comment       0x0000000000000071       0x46 bin/obj/kernel/io/term/term.o
 .comment       0x0000000000000071       0x46 bin/obj/kernel/io/term/buffers.o
 .comment       0x0000000000000071       0x46 bin/obj/kernel/panic/panic.o
 .comment       0x0000000000000071       0x46 bin/obj/kernel/panic/panic_puts.o
 .comment       0x0000000000000071       0x46 bin/obj/kernel/panic/panic_exception/panic_exception_handlers.o
 .comment       0x0000000000000071       0x46 bin/obj/kernel/panic/panic_exception/esr/esr.o
 .comment       0x0000000000000071       0x46 bin/obj/kernel/panic/panic_exception/esr/data_abort.o
 .comment       0x0000000000000071       0x46 bin/obj/arm/tfa/smccc.o
 .comment       0x0000000000000071       0x46 bin/obj/arm/cpu.o
 .comment       0x0000000000000071       0x46 bin/obj/arm/exceptions/handlers/el1/el1_low_a32_serror.o
 .comment       0x0000000000000071       0x46 bin/obj/arm/exceptions/handlers/el1/el1_low_a32_fiq.o
 .comment       0x0000000000000071       0x46 bin/obj/arm/exceptions/handlers/el1/el1_low_a64_sync.o
 .comment       0x0000000000000071       0x46 bin/obj/arm/exceptions/handlers/el1/el1_cur_spx_fiq.o
 .comment       0x0000000000000071       0x46 bin/obj/arm/exceptions/handlers/el1/el1_cur_spx_irq.o
 .comment       0x0000000000000071       0x46 bin/obj/arm/exceptions/handlers/el1/el1_cur_spx_serror.o
 .comment       0x0000000000000071       0x46 bin/obj/arm/exceptions/handlers/el1/el1_low_a32_irq.o
 .comment       0x0000000000000071       0x46 bin/obj/arm/exceptions/handlers/el1/el1_low_a64_fiq.o
 .comment       0x0000000000000071       0x46 bin/obj/arm/exceptions/handlers/el1/el1_low_a64_irq.o
 .comment       0x0000000000000071       0x46 bin/obj/arm/exceptions/handlers/el1/el1_cur_sp0_sync.o
 .comment       0x0000000000000071       0x46 bin/obj/arm/exceptions/handlers/el1/el1_low_a64_serror.o
 .comment       0x0000000000000071       0x46 bin/obj/arm/exceptions/handlers/el1/el1_low_a32_sync.o
 .comment       0x0000000000000071       0x46 bin/obj/arm/exceptions/handlers/el1/el1_cur_spx_sync.o
 .comment       0x0000000000000071       0x46 bin/obj/arm/exceptions/handlers/el1/el1_cur_sp0_fiq.o
 .comment       0x0000000000000071       0x46 bin/obj/arm/exceptions/handlers/el1/el1_cur_sp0_serror.o
 .comment       0x0000000000000071       0x46 bin/obj/arm/exceptions/handlers/el1/el1_cur_sp0_irq.o
 .comment       0x0000000000000071       0x46 bin/obj/arm/exceptions/handlers/el2/el2_low_a32_serror.o
 .comment       0x0000000000000071       0x46 bin/obj/arm/exceptions/handlers/el2/el2_cur_spx_serror.o
 .comment       0x0000000000000071       0x46 bin/obj/arm/exceptions/handlers/el2/el2_low_a64_serror.o
 .comment       0x0000000000000071       0x46 bin/obj/arm/exceptions/handlers/el2/el2_low_a64_sync.o
 .comment       0x0000000000000071       0x46 bin/obj/arm/exceptions/handlers/el2/el2_cur_sp0_irq.o
 .comment       0x0000000000000071       0x46 bin/obj/arm/exceptions/handlers/el2/el2_cur_sp0_serror.o
 .comment       0x0000000000000071       0x46 bin/obj/arm/exceptions/handlers/el2/el2_low_a64_irq.o
 .comment       0x0000000000000071       0x46 bin/obj/arm/exceptions/handlers/el2/el2_low_a64_fiq.o
 .comment       0x0000000000000071       0x46 bin/obj/arm/exceptions/handlers/el2/el2_cur_spx_fiq.o
 .comment       0x0000000000000071       0x46 bin/obj/arm/exceptions/handlers/el2/el2_low_a32_irq.o
 .comment       0x0000000000000071       0x46 bin/obj/arm/exceptions/handlers/el2/el2_cur_sp0_fiq.o
 .comment       0x0000000000000071       0x46 bin/obj/arm/exceptions/handlers/el2/el2_low_a32_fiq.o
 .comment       0x0000000000000071       0x46 bin/obj/arm/exceptions/handlers/el2/el2_cur_spx_sync.o
 .comment       0x0000000000000071       0x46 bin/obj/arm/exceptions/handlers/el2/el2_low_a32_sync.o
 .comment       0x0000000000000071       0x46 bin/obj/arm/exceptions/handlers/el2/el2_cur_sp0_sync.o
 .comment       0x0000000000000071       0x46 bin/obj/arm/exceptions/handlers/el2/el2_cur_spx_irq.o
 .comment       0x0000000000000071       0x46 bin/obj/arm/exceptions/handlers/exception_macros.o
 .comment       0x0000000000000071       0x46 bin/obj/arm/exceptions/exceptions.o
 .comment       0x0000000000000071       0x46 bin/obj/arm/mmu/regs/mmu_sysregs.o
 .comment       0x0000000000000071       0x46 bin/obj/arm/mmu/mmu_debugging.o
 .comment       0x0000000000000071       0x46 bin/obj/arm/mmu/mmu.o
 .comment       0x0000000000000071       0x46 bin/obj/lib/lock/corelock.o
 .comment       0x0000000000000071       0x46 bin/obj/lib/malloc/xalloc.o
 .comment       0x0000000000000071       0x46 bin/obj/lib/string/string.o
 .comment       0x0000000000000071       0x46 bin/obj/lib/string/fmt.o
 .comment       0x0000000000000071       0x46 bin/obj/lib/mem/memcpy/memcpy.o
 .comment       0x0000000000000071       0x46 bin/obj/lib/mem/mem.o
 .comment       0x0000000000000071       0x46 bin/obj/drivers/arm_generic_timer/arm_generic_timer.o
 .comment       0x0000000000000071       0x46 bin/obj/drivers/tmu/tmu.o
 .comment       0x0000000000000071       0x46 bin/obj/drivers/interrupts/gicv3/gicv3.o
 .comment       0x0000000000000071       0x46 bin/obj/drivers/uart/uart.o
 .comment       0x0000000000000071       0x2d bin/obj/rslib.a(imx8mp_kernel-1a53598e06c50be6.imx8mp_kernel.241a9a11e0e6ae75-cgu.0.rcgu.o)
 .comment       0x0000000000000071       0x2d bin/obj/rslib.a(core-dca77d77b03929cc.core.bbd04c23a4fa3c72-cgu.0.rcgu.o)
 .comment       0x0000000000000071       0x2d bin/obj/rslib.a(compiler_builtins-fabd8ee97a026881.compiler_builtins.f286be164c3a919f-cgu.099.rcgu.o)
 .comment       0x0000000000000071       0x2d bin/obj/rslib.a(compiler_builtins-fabd8ee97a026881.compiler_builtins.f286be164c3a919f-cgu.173.rcgu.o)
 .comment       0x0000000000000071       0x2d bin/obj/rslib.a(compiler_builtins-fabd8ee97a026881.compiler_builtins.f286be164c3a919f-cgu.242.rcgu.o)
 .comment       0x0000000000000071       0x2d bin/obj/rslib.a(compiler_builtins-fabd8ee97a026881.compiler_builtins.f286be164c3a919f-cgu.295.rcgu.o)
 .comment       0x0000000000000071       0x2d bin/obj/rslib.a(compiler_builtins-fabd8ee97a026881.compiler_builtins.f286be164c3a919f-cgu.018.rcgu.o)

.note.GNU-stack
                0x0000000000000000        0x0
 .note.GNU-stack
                0x0000000000000000        0x0 bin/obj/rslib.a(imx8mp_kernel-1a53598e06c50be6.imx8mp_kernel.241a9a11e0e6ae75-cgu.0.rcgu.o)
 .note.GNU-stack
                0x0000000000000000        0x0 bin/obj/rslib.a(core-dca77d77b03929cc.core.bbd04c23a4fa3c72-cgu.0.rcgu.o)
 .note.GNU-stack
                0x0000000000000000        0x0 bin/obj/rslib.a(compiler_builtins-fabd8ee97a026881.compiler_builtins.f286be164c3a919f-cgu.099.rcgu.o)
 .note.GNU-stack
                0x0000000000000000        0x0 bin/obj/rslib.a(compiler_builtins-fabd8ee97a026881.compiler_builtins.f286be164c3a919f-cgu.173.rcgu.o)
 .note.GNU-stack
                0x0000000000000000        0x0 bin/obj/rslib.a(compiler_builtins-fabd8ee97a026881.compiler_builtins.f286be164c3a919f-cgu.242.rcgu.o)
 .note.GNU-stack
                0x0000000000000000        0x0 bin/obj/rslib.a(compiler_builtins-fabd8ee97a026881.compiler_builtins.f286be164c3a919f-cgu.295.rcgu.o)
 .note.GNU-stack
                0x0000000000000000        0x0 bin/obj/rslib.a(compiler_builtins-fabd8ee97a026881.compiler_builtins.f286be164c3a919f-cgu.018.rcgu.o)

.debug_loc      0x0000000000000000      0xcf7
 .debug_loc     0x0000000000000000      0xcf7 bin/obj/rslib.a(imx8mp_kernel-1a53598e06c50be6.imx8mp_kernel.241a9a11e0e6ae75-cgu.0.rcgu.o)

.debug_abbrev   0x0000000000000000      0x978
 .debug_abbrev  0x0000000000000000      0x2d9 bin/obj/rslib.a(imx8mp_kernel-1a53598e06c50be6.imx8mp_kernel.241a9a11e0e6ae75-cgu.0.rcgu.o)
 .debug_abbrev  0x00000000000002d9      0x2ff bin/obj/rslib.a(core-dca77d77b03929cc.core.bbd04c23a4fa3c72-cgu.0.rcgu.o)
 .debug_abbrev  0x00000000000005d8       0x5f bin/obj/rslib.a(compiler_builtins-fabd8ee97a026881.compiler_builtins.f286be164c3a919f-cgu.099.rcgu.o)
 .debug_abbrev  0x0000000000000637      0x104 bin/obj/rslib.a(compiler_builtins-fabd8ee97a026881.compiler_builtins.f286be164c3a919f-cgu.173.rcgu.o)
 .debug_abbrev  0x000000000000073b       0x5f bin/obj/rslib.a(compiler_builtins-fabd8ee97a026881.compiler_builtins.f286be164c3a919f-cgu.242.rcgu.o)
 .debug_abbrev  0x000000000000079a       0xc1 bin/obj/rslib.a(compiler_builtins-fabd8ee97a026881.compiler_builtins.f286be164c3a919f-cgu.295.rcgu.o)
 .debug_abbrev  0x000000000000085b      0x11d bin/obj/rslib.a(compiler_builtins-fabd8ee97a026881.compiler_builtins.f286be164c3a919f-cgu.018.rcgu.o)

.debug_info     0x0000000000000000    0x25d37
 .debug_info    0x0000000000000000     0x144f bin/obj/rslib.a(imx8mp_kernel-1a53598e06c50be6.imx8mp_kernel.241a9a11e0e6ae75-cgu.0.rcgu.o)
 .debug_info    0x000000000000144f    0x23e7b bin/obj/rslib.a(core-dca77d77b03929cc.core.bbd04c23a4fa3c72-cgu.0.rcgu.o)
 .debug_info    0x00000000000252ca       0x9e bin/obj/rslib.a(compiler_builtins-fabd8ee97a026881.compiler_builtins.f286be164c3a919f-cgu.099.rcgu.o)
 .debug_info    0x0000000000025368      0x333 bin/obj/rslib.a(compiler_builtins-fabd8ee97a026881.compiler_builtins.f286be164c3a919f-cgu.173.rcgu.o)
 .debug_info    0x000000000002569b       0xad bin/obj/rslib.a(compiler_builtins-fabd8ee97a026881.compiler_builtins.f286be164c3a919f-cgu.242.rcgu.o)
 .debug_info    0x0000000000025748      0x24c bin/obj/rslib.a(compiler_builtins-fabd8ee97a026881.compiler_builtins.f286be164c3a919f-cgu.295.rcgu.o)
 .debug_info    0x0000000000025994      0x3a3 bin/obj/rslib.a(compiler_builtins-fabd8ee97a026881.compiler_builtins.f286be164c3a919f-cgu.018.rcgu.o)

.debug_aranges  0x0000000000000000     0x2450
 .debug_aranges
                0x0000000000000000       0xe0 bin/obj/rslib.a(imx8mp_kernel-1a53598e06c50be6.imx8mp_kernel.241a9a11e0e6ae75-cgu.0.rcgu.o)
 .debug_aranges
                0x00000000000000e0     0x2280 bin/obj/rslib.a(core-dca77d77b03929cc.core.bbd04c23a4fa3c72-cgu.0.rcgu.o)
 .debug_aranges
                0x0000000000002360       0x30 bin/obj/rslib.a(compiler_builtins-fabd8ee97a026881.compiler_builtins.f286be164c3a919f-cgu.099.rcgu.o)
 .debug_aranges
                0x0000000000002390       0x30 bin/obj/rslib.a(compiler_builtins-fabd8ee97a026881.compiler_builtins.f286be164c3a919f-cgu.173.rcgu.o)
 .debug_aranges
                0x00000000000023c0       0x30 bin/obj/rslib.a(compiler_builtins-fabd8ee97a026881.compiler_builtins.f286be164c3a919f-cgu.242.rcgu.o)
 .debug_aranges
                0x00000000000023f0       0x30 bin/obj/rslib.a(compiler_builtins-fabd8ee97a026881.compiler_builtins.f286be164c3a919f-cgu.295.rcgu.o)
 .debug_aranges
                0x0000000000002420       0x30 bin/obj/rslib.a(compiler_builtins-fabd8ee97a026881.compiler_builtins.f286be164c3a919f-cgu.018.rcgu.o)

.debug_ranges   0x0000000000000000    0x1bad0
 .debug_ranges  0x0000000000000000      0x500 bin/obj/rslib.a(imx8mp_kernel-1a53598e06c50be6.imx8mp_kernel.241a9a11e0e6ae75-cgu.0.rcgu.o)
 .debug_ranges  0x0000000000000500    0x1b320 bin/obj/rslib.a(core-dca77d77b03929cc.core.bbd04c23a4fa3c72-cgu.0.rcgu.o)
 .debug_ranges  0x000000000001b820       0x90 bin/obj/rslib.a(compiler_builtins-fabd8ee97a026881.compiler_builtins.f286be164c3a919f-cgu.173.rcgu.o)
 .debug_ranges  0x000000000001b8b0       0x90 bin/obj/rslib.a(compiler_builtins-fabd8ee97a026881.compiler_builtins.f286be164c3a919f-cgu.295.rcgu.o)
 .debug_ranges  0x000000000001b940      0x190 bin/obj/rslib.a(compiler_builtins-fabd8ee97a026881.compiler_builtins.f286be164c3a919f-cgu.018.rcgu.o)

.debug_str      0x0000000000000000    0x3bef9
 .debug_str     0x0000000000000000    0x3bef9 bin/obj/rslib.a(imx8mp_kernel-1a53598e06c50be6.imx8mp_kernel.241a9a11e0e6ae75-cgu.0.rcgu.o)
                                       0x1162 (size before relaxing)
 .debug_str     0x000000000003bef9    0x3a6b4 bin/obj/rslib.a(core-dca77d77b03929cc.core.bbd04c23a4fa3c72-cgu.0.rcgu.o)
 .debug_str     0x000000000003bef9      0x178 bin/obj/rslib.a(compiler_builtins-fabd8ee97a026881.compiler_builtins.f286be164c3a919f-cgu.099.rcgu.o)
 .debug_str     0x000000000003bef9      0x7b4 bin/obj/rslib.a(compiler_builtins-fabd8ee97a026881.compiler_builtins.f286be164c3a919f-cgu.173.rcgu.o)
 .debug_str     0x000000000003bef9      0x194 bin/obj/rslib.a(compiler_builtins-fabd8ee97a026881.compiler_builtins.f286be164c3a919f-cgu.242.rcgu.o)
 .debug_str     0x000000000003bef9      0x47f bin/obj/rslib.a(compiler_builtins-fabd8ee97a026881.compiler_builtins.f286be164c3a919f-cgu.295.rcgu.o)
 .debug_str     0x000000000003bef9      0x4f9 bin/obj/rslib.a(compiler_builtins-fabd8ee97a026881.compiler_builtins.f286be164c3a919f-cgu.018.rcgu.o)

.debug_frame    0x0000000000000000     0x4a20
 .debug_frame   0x0000000000000000      0x168 bin/obj/rslib.a(imx8mp_kernel-1a53598e06c50be6.imx8mp_kernel.241a9a11e0e6ae75-cgu.0.rcgu.o)
 .debug_frame   0x0000000000000168     0x47c0 bin/obj/rslib.a(core-dca77d77b03929cc.core.bbd04c23a4fa3c72-cgu.0.rcgu.o)
 .debug_frame   0x0000000000004928       0x30 bin/obj/rslib.a(compiler_builtins-fabd8ee97a026881.compiler_builtins.f286be164c3a919f-cgu.099.rcgu.o)
 .debug_frame   0x0000000000004958       0x30 bin/obj/rslib.a(compiler_builtins-fabd8ee97a026881.compiler_builtins.f286be164c3a919f-cgu.173.rcgu.o)
 .debug_frame   0x0000000000004988       0x38 bin/obj/rslib.a(compiler_builtins-fabd8ee97a026881.compiler_builtins.f286be164c3a919f-cgu.242.rcgu.o)
 .debug_frame   0x00000000000049c0       0x30 bin/obj/rslib.a(compiler_builtins-fabd8ee97a026881.compiler_builtins.f286be164c3a919f-cgu.295.rcgu.o)
 .debug_frame   0x00000000000049f0       0x30 bin/obj/rslib.a(compiler_builtins-fabd8ee97a026881.compiler_builtins.f286be164c3a919f-cgu.018.rcgu.o)

.debug_line     0x0000000000000000    0x1ba75
 .debug_line    0x0000000000000000      0x5c5 bin/obj/rslib.a(imx8mp_kernel-1a53598e06c50be6.imx8mp_kernel.241a9a11e0e6ae75-cgu.0.rcgu.o)
 .debug_line    0x00000000000005c5    0x1a93a bin/obj/rslib.a(core-dca77d77b03929cc.core.bbd04c23a4fa3c72-cgu.0.rcgu.o)
 .debug_line    0x000000000001aeff       0xd4 bin/obj/rslib.a(compiler_builtins-fabd8ee97a026881.compiler_builtins.f286be164c3a919f-cgu.099.rcgu.o)
 .debug_line    0x000000000001afd3      0x392 bin/obj/rslib.a(compiler_builtins-fabd8ee97a026881.compiler_builtins.f286be164c3a919f-cgu.173.rcgu.o)
 .debug_line    0x000000000001b365      0x11b bin/obj/rslib.a(compiler_builtins-fabd8ee97a026881.compiler_builtins.f286be164c3a919f-cgu.242.rcgu.o)
 .debug_line    0x000000000001b480      0x2e4 bin/obj/rslib.a(compiler_builtins-fabd8ee97a026881.compiler_builtins.f286be164c3a919f-cgu.295.rcgu.o)
 .debug_line    0x000000000001b764      0x311 bin/obj/rslib.a(compiler_builtins-fabd8ee97a026881.compiler_builtins.f286be164c3a919f-cgu.018.rcgu.o)
