Archive member included to satisfy reference by file (symbol)

bin/obj/rslib.a(imx8mp_kernel-1a53598e06c50be6.imx8mp_kernel.241a9a11e0e6ae75-cgu.0.rcgu.o)
                              bin/obj/kernel/init/init.o (rust_kernel_initcalls_stage0)
bin/obj/rslib.a(core-dca77d77b03929cc.core.bbd04c23a4fa3c72-cgu.0.rcgu.o)
                              bin/obj/rslib.a(imx8mp_kernel-1a53598e06c50be6.imx8mp_kernel.241a9a11e0e6ae75-cgu.0.rcgu.o) (core::panicking::panic_fmt)
bin/obj/rslib.a(compiler_builtins-fabd8ee97a026881.compiler_builtins.f286be164c3a919f-cgu.099.rcgu.o)
                              bin/obj/rslib.a(core-dca77d77b03929cc.core.bbd04c23a4fa3c72-cgu.0.rcgu.o) (memcmp)
bin/obj/rslib.a(compiler_builtins-fabd8ee97a026881.compiler_builtins.f286be164c3a919f-cgu.173.rcgu.o)
                              bin/obj/kernel/mm/init/identity_mapping.o (memcpy)
bin/obj/rslib.a(compiler_builtins-fabd8ee97a026881.compiler_builtins.f286be164c3a919f-cgu.242.rcgu.o)
                              bin/obj/drivers/arm_generic_timer/arm_generic_timer.o (__udivti3)
bin/obj/rslib.a(compiler_builtins-fabd8ee97a026881.compiler_builtins.f286be164c3a919f-cgu.295.rcgu.o)
                              bin/obj/rslib.a(core-dca77d77b03929cc.core.bbd04c23a4fa3c72-cgu.0.rcgu.o) (memset)
bin/obj/rslib.a(compiler_builtins-fabd8ee97a026881.compiler_builtins.f286be164c3a919f-cgu.018.rcgu.o)
                              bin/obj/rslib.a(compiler_builtins-fabd8ee97a026881.compiler_builtins.f286be164c3a919f-cgu.242.rcgu.o) (compiler_builtins::int::specialized_div_rem::u128_div_rem)

Discarded input sections

 .group         0x0000000000000000        0xc bin/obj/kernel/irq/irq.o
 .group         0x0000000000000000        0xc bin/obj/kernel/irq/irq.o
 .group         0x0000000000000000        0xc bin/obj/kernel/irq/irq.o
 .group         0x0000000000000000        0xc bin/obj/kernel/irq/irq.o
 .group         0x0000000000000000        0xc bin/obj/kernel/irq/irq.o
 .group         0x0000000000000000        0xc bin/obj/kernel/irq/irq.o
 .group         0x0000000000000000        0xc bin/obj/kernel/irq/irq.o
 .group         0x0000000000000000        0xc bin/obj/kernel/irq/irq.o
 .group         0x0000000000000000        0xc bin/obj/kernel/irq/irq.o
 .group         0x0000000000000000        0xc bin/obj/kernel/irq/irq.o
 .group         0x0000000000000000        0xc bin/obj/kernel/devices/drivers.o
 .group         0x0000000000000000        0xc bin/obj/kernel/devices/drivers.o
 .group         0x0000000000000000        0xc bin/obj/kernel/devices/drivers.o
 .group         0x0000000000000000        0xc bin/obj/kernel/devices/drivers.o
 .group         0x0000000000000000        0xc bin/obj/kernel/devices/drivers.o
 .group         0x0000000000000000        0xc bin/obj/kernel/devices/drivers.o
 .group         0x0000000000000000        0xc bin/obj/kernel/devices/drivers.o
 .group         0x0000000000000000        0xc bin/obj/kernel/devices/drivers.o
 .group         0x0000000000000000        0xc bin/obj/kernel/devices/drivers.o
 .debug_macro   0x0000000000000000      0xad8 bin/obj/kernel/devices/drivers.o
 .debug_macro   0x0000000000000000       0x82 bin/obj/kernel/devices/drivers.o
 .debug_macro   0x0000000000000000       0x1c bin/obj/kernel/devices/drivers.o
 .debug_macro   0x0000000000000000       0x22 bin/obj/kernel/devices/drivers.o
 .debug_macro   0x0000000000000000       0x64 bin/obj/kernel/devices/drivers.o
 .debug_macro   0x0000000000000000       0x10 bin/obj/kernel/devices/drivers.o
 .debug_macro   0x0000000000000000       0x16 bin/obj/kernel/devices/drivers.o
 .group         0x0000000000000000        0xc bin/obj/kernel/init/init.o
 .group         0x0000000000000000        0xc bin/obj/kernel/init/init.o
 .group         0x0000000000000000        0xc bin/obj/kernel/init/init.o
 .group         0x0000000000000000        0xc bin/obj/kernel/init/init.o
 .group         0x0000000000000000        0xc bin/obj/kernel/init/init.o
 .group         0x0000000000000000        0xc bin/obj/kernel/init/init.o
 .group         0x0000000000000000        0xc bin/obj/kernel/init/init.o
 .group         0x0000000000000000        0xc bin/obj/kernel/init/init.o
 .debug_macro   0x0000000000000000      0xad8 bin/obj/kernel/init/init.o
 .debug_macro   0x0000000000000000       0x1c bin/obj/kernel/init/init.o
 .debug_macro   0x0000000000000000       0x82 bin/obj/kernel/init/init.o
 .debug_macro   0x0000000000000000       0x4c bin/obj/kernel/init/init.o
 .debug_macro   0x0000000000000000       0x10 bin/obj/kernel/init/init.o
 .debug_macro   0x0000000000000000       0x64 bin/obj/kernel/init/init.o
 .debug_macro   0x0000000000000000       0x10 bin/obj/kernel/init/init.o
 .debug_macro   0x0000000000000000       0x1c bin/obj/kernel/init/init.o
 .group         0x0000000000000000        0xc bin/obj/kernel/init/init_drivers.o
 .group         0x0000000000000000        0xc bin/obj/kernel/init/init_drivers.o
 .group         0x0000000000000000        0xc bin/obj/kernel/init/init_drivers.o
[...]
Memory Configuration

Name             Origin             Length             Attributes
DDR_HI           0x0000000100000000 0x0000000140000000 xrw
DDR_LO           0x0000000040000000 0x00000000c0000000 xrw
DDR              0x0000000040000000 0x0000000200000000 xrw
RESERVED_3F      0x000000003f000000 0x0000000001000000 rw
RESERVED_3E      0x000000003e000000 0x0000000001000000 rw
DDRC_PHY_BCAST   0x000000003dc00000 0x0000000000400000 rw
DDRC_PERF_MON    0x000000003d800000 0x0000000000400000 rw
DDRC_CTL         0x000000003d400000 0x0000000000400000 rw
RESERVED_3D10    0x000000003d100000 0x0000000000300000 rw
DDRC_BLK_CTRL    0x000000003d000000 0x0000000000100000 rw
DDRC_PHY         0x000000003c000000 0x0000000001000000 rw
AUDIO_DSP        0x000000003b000000 0x0000000001000000 rw
GIC              0x0000000038800000 0x0000000000100000 rw
NPU              0x0000000038500000 0x0000000000200000 rw
VPU              0x0000000038340000 0x0000000000200000 rw
VPU_BLK_CTRL     0x0000000038330000 0x0000000000200000 rw
VPU_VC8000E      0x0000000038320000 0x0000000000200000 rw
VPU_G2           0x0000000038310000 0x0000000000200000 rw
VPU_G1           0x0000000038300000 0x0000000000200000 rw
USB2             0x0000000038200000 0x0000000000100000 rw
USB1             0x0000000038100000 0x0000000000100000 rw
GPU_3D           0x0000000038000000 0x0000000000008000 rw
GPU_2D           0x0000000038008000 0x0000000000008000 rw
QSPI_RX          0x0000000036000000 0x0000000002000000 rw
QSPI_RX_1        0x0000000034000000 0x0000000002000000 rw
QSPI_TX          0x0000000033008000 0x0000000000008000 rw
APBH_DMA         0x0000000033000000 0x0000000000008000 rw
AIPS_1           0x0000000030000000 0x0000000000400000 rw
AIPS_2           0x0000000030400000 0x0000000000400000 rw
AIPS_3           0x0000000030800000 0x0000000000400000 rw
AIPS_4           0x0000000032c00000 0x0000000000400000 rw
AIPS_5           0x0000000030c00000 0x0000000000400000 rw
PCIE_REG         0x0000000018000000 0x0000000008000000 rw
OCRAM            0x0000000000900000 0x0000000000090000 xrw
OCRAM_S          0x0000000000180000 0x0000000000009000 rw
OCRAM_S2         0x0000000000189000 0x0000000000007000 rw
CAAM_SEC_RAM     0x0000000000108000 0x0000000000008000 rw
BOOT_ROM         0x0000000000000000 0x000000000003f000 r
*default*        0x0000000000000000 0xffffffffffffffff

Linker script and memory map

                0x0000000000000004                __NUM_CORES = 0x4
                0x0000000000020000                __EL2_STACK_SIZE = 0x20000
                0x0000000000100000                __EL1_STACK_SIZE = 0x100000
                0x0000000000200000                __TFA_PROTECTED_SIZE = 0x200000

.platform_info  0x0000000040000000       0x10
                0x0000000040000000                __platform_info_start = .
                0x0000000040000000                __ddr_start = .
                0x0000000040000000        0x8 QUAD 0x40000000 ORIGIN (DDR)
                0x0000000040000008                __ddr_size = .
                0x0000000040000008        0x8 QUAD 0x200000000 LENGTH (DDR)
                0x0000000040000010                __platform_info_end = .
                0x0000000040000000                . = ORIGIN (DDR)

.text           0x0000000040200000    0x37300
                0x0000000040200000                __text_start = .
 *(.text.boot)
 .text.boot     0x0000000040200000       0xb0 bin/obj/__boot/boot.o
                0x0000000040200000                _start
 *(.text*)
 .text          0x00000000402000b0       0x40 bin/obj/__arm/cache/cache.o
                0x00000000402000b0                _cache_flush_range
 .text          0x00000000402000f0       0x3c bin/obj/__arm/cache/icache.o
                0x00000000402000f0                _icache_flush_range
 .text          0x000000004020012c       0x3c bin/obj/__arm/cache/dcache.o
                0x000000004020012c                _dcache_flush_range
 *fill*         0x0000000040200168        0x8 
 .text          0x0000000040200170       0x10 bin/obj/__arm/tfa/smccc.o
                0x0000000040200170                _smc_call
 .text          0x0000000040200180      0x114 bin/obj/__arm/sysregs/arm_generic_timer.o
                0x0000000040200180                _ARM_CNTFRQ_EL0_set
                0x000000004020018c                _ARM_CNTFRQ_EL0_get
                0x0000000040200194                _ARM_CNTPCT_EL0_get
                0x000000004020019c                _ARM_CNTVCT_EL0_get
                0x00000000402001a4                _ARM_CNTP_CTL_EL0_set
                0x00000000402001b0                _ARM_CNTP_CTL_EL0_get
                0x00000000402001b8                _ARM_CNTP_CVAL_EL0_set
                0x00000000402001c4                _ARM_CNTP_CVAL_EL0_get
                0x00000000402001cc                _ARM_CNTP_TVAL_EL0_set
                0x00000000402001d8                _ARM_CNTP_TVAL_EL0_get
                0x00000000402001e0                _ARM_CNTV_CTL_EL0_set
                0x00000000402001ec                _ARM_CNTV_CTL_EL0_get
                0x00000000402001f4                _ARM_CNTV_CVAL_EL0_set
                0x0000000040200200                _ARM_CNTV_CVAL_EL0_get
                0x0000000040200208                _ARM_CNTV_TVAL_EL0_set
                0x0000000040200214                _ARM_CNTV_TVAL_EL0_get
                0x000000004020021c                _ARM_CNTKCTL_EL1_set
                0x0000000040200228                _ARM_CNTKCTL_EL1_get
                0x0000000040200230                _ARM_CNTHCTL_EL2_set
                0x000000004020023c                _ARM_CNTHCTL_EL2_get
                0x0000000040200244                _ARM_CNTVOFF_EL2_set
                0x0000000040200250                _ARM_CNTVOFF_EL2_get
                0x0000000040200258                _ARM_CNTPS_CTL_EL1_set
                0x0000000040200264                _ARM_CNTPS_CTL_EL1_get
                0x000000004020026c                _ARM_CNTPS_CVAL_EL1_set
                0x0000000040200278                _ARM_CNTPS_CVAL_EL1_get
                0x0000000040200280                _ARM_CNTPS_TVAL_EL1_set
                0x000000004020028c                _ARM_CNTPS_TVAL_EL1_get
 .text          0x0000000040200294       0x74 bin/obj/__arm/sysregs/sysregs.o
                0x0000000040200294                _ARM_currentEL
                0x00000000402002a0                _ARM_MPIDR_EL1
                0x00000000402002a8                _ARM_ICC_SRE_EL2
                0x00000000402002b0                _ARM_HCR_EL2
                0x00000000402002b8                _ARM_ESR_EL2
                0x00000000402002c0                _ARM_ELR_EL2
                0x00000000402002c8                _ARM_FAR_EL2
                0x00000000402002d0                _ARM_SPSR_EL2
                0x00000000402002d8                _ARM_ESR_EL1
                0x00000000402002e0                _ARM_ELR_EL1
                0x00000000402002e8                _ARM_FAR_EL1
                0x00000000402002f0                _ARM_SPSR_EL1
                0x00000000402002f8                _ARM_SCTLR_EL1
                0x0000000040200300                _ARM_SCTLR_EL2
 *fill*         0x0000000040200308      0x4f8 
 .text          0x0000000040200800     0x1100 bin/obj/__arm/exceptions/el2_vectors.o
                0x0000000040200800                _el2_init_vector
 .text          0x0000000040201900       0x68 bin/obj/__arm/exceptions/exceptions.o
                0x0000000040201900                _exceptions_get_DAIF
                0x0000000040201908                _fiq_exceptions_enable
                0x0000000040201914                _irq_exceptions_enable
                0x0000000040201920                _serror_exceptions_enable
                0x000000004020192c                _debug_exceptions_enable
                0x0000000040201938                _fiq_exceptions_disable
                0x0000000040201944                _irq_exceptions_disable
                0x0000000040201950                _serror_exceptions_disable
                0x000000004020195c                _debug_exceptions_disable
 *fill*         0x0000000040201968      0x698 
 .text          0x0000000040202000     0x1100 bin/obj/__arm/exceptions/el1_vectors.o
                0x0000000040202000                _el1_init_vector
 .text          0x0000000040203100        0x8 bin/obj/__arm/cpu.o
                0x0000000040203100                _ARM_get_sp
 *fill*         0x0000000040203108        0x8 
 .text          0x0000000040203110       0xa0 bin/obj/__arm/mmu/regs/mmu_sysregs.o
                0x0000000040203110                _mmu_get_MAIR_EL1
                0x0000000040203118                _mmu_set_MAIR_EL1
                0x0000000040203150                _mmu_get_SCTLR_EL1
                0x0000000040203158                _mmu_set_SCTLR_EL1
                0x0000000040203164                _mmu_get_TTBR0_EL1
                0x000000004020316c                _mmu_set_TTBR0_EL1
                0x000000004020317c                _mmu_get_TTBR1_EL1
                0x0000000040203184                _mmu_set_TTBR1_EL1
                0x0000000040203194                _mmu_get_TCR_EL1
                0x000000004020319c                _mmu_set_TCR_EL1
                0x00000000402031a8                _mmu_get_ID_AA64MMFR0_EL1
 .text          0x00000000402031b0      0x250 bin/obj/__lib/memcpy/memcpy.o
                0x00000000402031b0                _memcpy
                0x00000000402032c0                _memcpy64
                0x00000000402032f0                _memcpy32
                0x0000000040203320                _memcpy16
                0x0000000040203350                _memcpy8
                0x0000000040203380                _memcpy4
                0x00000000402033b0                _memcpy2
                0x00000000402033e0                _memcpy1
 .text          0x0000000040203400       0x3c bin/obj/__lib/lock/spinlock_irq.o
                0x0000000040203400                _spin_lock_irqsave
                0x000000004020341c                _spin_unlock_irqrestore
 *fill*         0x000000004020343c        0x4 
 .text          0x0000000040203440       0x74 bin/obj/__lib/lock/spinlock.o
                0x0000000040203440                _spin_try_lock
                0x0000000040203468                _spin_lock
                0x0000000040203490                _spin_unlock
 *fill*         0x00000000402034b4        0xc 
 .text          0x00000000402034c0       0x14 bin/obj/__lib/lock/irqlock.o
                0x00000000402034c0                _irq_lock
                0x00000000402034cc                _irq_unlock
 *fill*         0x00000000402034d4        0x4 
 .text          0x00000000402034d8       0x58 bin/obj/__boot/clean_bss.o
                0x00000000402034d8                _clean_bss
 .text          0x0000000040203530       0x68 bin/obj/__boot/panic/panic.o
                0x0000000040203530                _panic_exception_save_gpr
 .text          0x0000000040203598        0x0 bin/obj/__boot/boot.o
 *fill*         0x0000000040203598        0x8 
 .text          0x00000000402035a0       0x98 bin/obj/__boot/el1.o
                0x00000000402035a0                _switch_to_el1
                0x0000000040203600                _el1_entry
 *fill*         0x0000000040203638        0x8 
 .text          0x0000000040203640       0x50 bin/obj/__boot/stacks.o
                0x0000000040203640                _setup_stack_el1
 .text          0x0000000040203690       0x68 bin/obj/__boot/secondary_entry.o
                0x0000000040203690                _secondary_entry
 .text          0x00000000402036f8      0x108 bin/obj/__boot/gpr.o
                0x00000000402036f8                _init_gpr
 .text          0x0000000040203800        0x8 bin/obj/__drivers/tmu/tmu_critical_default.o
                0x0000000040203800                _TMU_critical_hang
 *fill*         0x0000000040203808        0x8 
 .text          0x0000000040203810       0x3c bin/obj/__drivers/interrupts/gicv3/gicv3_arm_interface.o
                0x0000000040203810                _GICV3_ARM_ICC_SRE_EL1_write
                0x000000004020381c                _GICV3_ARM_ICC_PMR_EL1_write
                0x0000000040203828                _GICV3_ARM_ICC_PMR_EL1_read
                0x0000000040203830                _GICV3_ARM_ICC_IGRPEN1_EL1_write
                0x000000004020383c                _GICV3_ARM_ICC_IAR1_EL1_read
                0x0000000040203844                _GICV3_ARM_ICC_EOIR1_EL1_write
 .text          0x000000004020384c      0x210 bin/obj/kernel/irq/irq.o
                0x0000000040203a10                kernel_handle_irq
 .text          0x0000000040203a5c        0x0 bin/obj/kernel/devices/drivers.o
 .text          0x0000000040203a5c      0x128 bin/obj/kernel/init/init.o
                0x0000000040203a5c                kernel_init
 .text          0x0000000040203b84      0x1c0 bin/obj/kernel/init/init_drivers.o
 .text          0x0000000040203d44       0xdc bin/obj/kernel/lib/smp.o
                0x0000000040203d44                get_core_id
                0x0000000040203dbc                wake_core
 .text          0x0000000040203e20     0x2cb0 bin/obj/kernel/mm/phys/page_allocator.o
                0x0000000040204bb4                page_malloc
                0x0000000040204d04                page_free
                0x0000000040204ed0                page_free_by_tag
                0x0000000040205054                page_allocator_init
                0x000000004020578c                page_allocator_reserve_memblocks
                0x00000000402058d4                page_allocator_testing_init
                0x0000000040205b4c                page_allocator_debug_pages
                0x0000000040205fe8                page_allocator_validate
                0x00000000402067a8                page_allocator_debug
 .text          0x0000000040206ad0      0x90c bin/obj/kernel/mm/phys/tests.o
                0x0000000040206ad0                test_single_alloc_free
                0x0000000040206b9c                test_split_to_zero
                0x0000000040206c68                test_many_small_allocs
                0x0000000040206dd8                test_mixed_orders
                0x0000000040206f64                test_full_merge
                0x0000000040207120                test_stress_pattern
                0x00000000402072a8                run_page_allocator_tests
 .text          0x00000000402073dc      0x1cc bin/obj/kernel/mm/init/init.o
                0x0000000040207514                mm_early_init
                0x0000000040207578                mm_init
 .text          0x00000000402075a8      0x2fc bin/obj/kernel/mm/init/identity_mapping.o
                0x00000000402076b0                early_identity_mapping
 .text          0x00000000402078a4      0x738 bin/obj/kernel/mm/init/early_kalloc.o
                0x00000000402078c0                early_kalloc_init
                0x0000000040207b7c                early_kalloc
                0x0000000040207d14                early_kalloc_get_memblocks
                0x0000000040207de8                early_kfree
 .text          0x0000000040207fdc      0x208 bin/obj/kernel/mm/mm_info.o
                0x0000000040208008                mm_info_init
                0x0000000040208164                mm_info_max_ddr_size
                0x0000000040208174                mm_info_ddr_size
                0x0000000040208184                mm_info_ddr_start
                0x0000000040208194                mm_info_ddr_end
                0x00000000402081a4                mm_info_kernel_start
                0x00000000402081b4                mm_info_kernel_size
                0x00000000402081c4                mm_info_page_count
                0x00000000402081d4                mm_info_mm_addr_space
 .text          0x00000000402081e4        0x0 bin/obj/kernel/mm/mm.o
 .text          0x00000000402081e4        0x0 bin/obj/kernel/mm/reloc/reloc.o
 .text          0x00000000402081e4       0x5c bin/obj/kernel/kernel_entry.o
                0x00000000402081e4                kernel_entry
 .text          0x0000000040208240        0x0 bin/obj/arm/tfa/smccc.o
 .text          0x0000000040208240       0x58 bin/obj/arm/cpu.o
                0x0000000040208240                ARM_get_cpu_affinity
 .text          0x0000000040208298       0x54 bin/obj/arm/exceptions/handlers/el1/el1_cur_sp0_fiq.o
                0x0000000040208298                el1_cur_sp0_fiq_handler
 .text          0x00000000402082ec       0x54 bin/obj/arm/exceptions/handlers/el1/el1_low_a32_serror.o
                0x00000000402082ec                el1_low_a32_serror_handler
 .text          0x0000000040208340       0x54 bin/obj/arm/exceptions/handlers/el1/el1_low_a32_fiq.o
                0x0000000040208340                el1_low_a32_fiq_handler
 .text          0x0000000040208394       0x54 bin/obj/arm/exceptions/handlers/el1/el1_low_a64_sync.o
                0x0000000040208394                el1_low_a64_sync_handler
 .text          0x00000000402083e8       0x54 bin/obj/arm/exceptions/handlers/el1/el1_cur_spx_fiq.o
                0x00000000402083e8                el1_cur_spx_fiq_handler
 .text          0x000000004020843c       0x2c bin/obj/arm/exceptions/handlers/el1/el1_cur_spx_irq.o
                0x000000004020843c                el1_cur_spx_irq_handler
 .text          0x0000000040208468       0x54 bin/obj/arm/exceptions/handlers/el1/el1_cur_spx_serror.o
                0x0000000040208468                el1_cur_spx_serror_handler
 .text          0x00000000402084bc       0x54 bin/obj/arm/exceptions/handlers/el1/el1_low_a32_irq.o
                0x00000000402084bc                el1_low_a32_irq_handler
 .text          0x0000000040208510       0x54 bin/obj/arm/exceptions/handlers/el1/el1_low_a64_fiq.o
                0x0000000040208510                el1_low_a64_fiq_handler
 .text          0x0000000040208564       0x54 bin/obj/arm/exceptions/handlers/el1/el1_low_a64_irq.o
                0x0000000040208564                el1_low_a64_irq_handler
 .text          0x00000000402085b8       0x54 bin/obj/arm/exceptions/handlers/el1/el1_cur_sp0_sync.o
                0x00000000402085b8                el1_cur_sp0_sync_handler
 .text          0x000000004020860c       0x54 bin/obj/arm/exceptions/handlers/el1/el1_cur_sp0_irq.o
                0x000000004020860c                el1_cur_sp0_irq_handler
 .text          0x0000000040208660       0x54 bin/obj/arm/exceptions/handlers/el1/el1_low_a64_serror.o
                0x0000000040208660                el1_low_a64_serror_handler
 .text          0x00000000402086b4       0x54 bin/obj/arm/exceptions/handlers/el1/el1_low_a32_sync.o
                0x00000000402086b4                el1_low_a32_sync_handler
 .text          0x0000000040208708       0x54 bin/obj/arm/exceptions/handlers/el1/el1_cur_sp0_serror.o
                0x0000000040208708                el1_cur_sp0_serror_handler
 .text          0x000000004020875c       0x54 bin/obj/arm/exceptions/handlers/el1/el1_cur_spx_sync.o
                0x000000004020875c                el1_cur_spx_sync_handler
 .text          0x00000000402087b0       0x54 bin/obj/arm/exceptions/handlers/el2/el2_low_a32_serror.o
                0x00000000402087b0                el2_low_a32_serror_handler
 .text          0x0000000040208804       0x54 bin/obj/arm/exceptions/handlers/el2/el2_cur_spx_serror.o
                0x0000000040208804                el2_cur_spx_serror_handler
 .text          0x0000000040208858       0x54 bin/obj/arm/exceptions/handlers/el2/el2_low_a64_serror.o
                0x0000000040208858                el2_low_a64_serror_handler
 .text          0x00000000402088ac       0x54 bin/obj/arm/exceptions/handlers/el2/el2_low_a64_sync.o
                0x00000000402088ac                el2_low_a64_sync_handler
 .text          0x0000000040208900       0x54 bin/obj/arm/exceptions/handlers/el2/el2_cur_sp0_irq.o
                0x0000000040208900                el2_cur_sp0_irq_handler
 .text          0x0000000040208954       0x54 bin/obj/arm/exceptions/handlers/el2/el2_cur_sp0_serror.o
                0x0000000040208954                el2_cur_sp0_serror_handler
 .text          0x00000000402089a8       0x54 bin/obj/arm/exceptions/handlers/el2/el2_low_a64_irq.o
                0x00000000402089a8                el2_low_a64_irq_handler
 .text          0x00000000402089fc       0x54 bin/obj/arm/exceptions/handlers/el2/el2_low_a64_fiq.o
                0x00000000402089fc                el2_low_a64_fiq_handler
 .text          0x0000000040208a50       0x54 bin/obj/arm/exceptions/handlers/el2/el2_cur_spx_fiq.o
                0x0000000040208a50                el2_cur_spx_fiq_handler
 .text          0x0000000040208aa4       0x54 bin/obj/arm/exceptions/handlers/el2/el2_low_a32_irq.o
                0x0000000040208aa4                el2_low_a32_irq_handler
 .text          0x0000000040208af8       0x54 bin/obj/arm/exceptions/handlers/el2/el2_cur_sp0_fiq.o
                0x0000000040208af8                el2_cur_sp0_fiq_handler
 .text          0x0000000040208b4c       0x54 bin/obj/arm/exceptions/handlers/el2/el2_low_a32_fiq.o
                0x0000000040208b4c                el2_low_a32_fiq_handler
 .text          0x0000000040208ba0       0x54 bin/obj/arm/exceptions/handlers/el2/el2_cur_spx_sync.o
                0x0000000040208ba0                el2_cur_spx_sync_handler
 .text          0x0000000040208bf4       0x54 bin/obj/arm/exceptions/handlers/el2/el2_low_a32_sync.o
                0x0000000040208bf4                el2_low_a32_sync_handler
 .text          0x0000000040208c48       0x54 bin/obj/arm/exceptions/handlers/el2/el2_cur_sp0_sync.o
                0x0000000040208c48                el2_cur_sp0_sync_handler
 .text          0x0000000040208c9c       0x54 bin/obj/arm/exceptions/handlers/el2/el2_cur_spx_irq.o
                0x0000000040208c9c                el2_cur_spx_irq_handler
 .text          0x0000000040208cf0      0x2ac bin/obj/arm/exceptions/exceptions.o
                0x0000000040208cf0                ARM_exceptions_get_status
                0x0000000040208d84                ARM_exceptions_set_status
                0x0000000040208ea0                ARM_exceptions_enable
                0x0000000040208f14                ARM_exceptions_disable
                0x0000000040208f88                ARM_get_exception_level
 .text          0x0000000040208f9c     0x24fc bin/obj/arm/mmu/mmu.o
                0x000000004020a1cc                mmu_init
                0x000000004020a2c8                mmu_get_cfg
                0x000000004020a328                mmu_reconfig
                0x000000004020a3f0                mmu_pg_cfg_new
                0x000000004020ab90                mmu_map
                0x000000004020ac18                UNLOCKED_unmap_
                0x000000004020b068                mmu_unmap
 .text          0x000000004020b498      0xf90 bin/obj/arm/mmu/mmu_debugging.o
                0x000000004020ba08                mmu_debug_dump_tbl_
                0x000000004020bc38                mmu_debug_dump
                0x000000004020bc78                mmu_stress_test
 .text          0x000000004020c428      0x53c bin/obj/arm/mmu/regs/mmu_sysregs.o
                0x000000004020c580                mmu_apply_cfg
 .text          0x000000004020c964      0x42c bin/obj/lib/memcpy/memcpy.o
                0x000000004020c964                memcpy64_aligned
                0x000000004020cab8                memcpy64
                0x000000004020cb54                test_memcpy
 .text          0x000000004020cd90      0xccc bin/obj/lib/malloc/xalloc.o
                0x000000004020d58c                xalloc_init
                0x000000004020d68c                xalloc_get_block_size
                0x000000004020d6a4                xalloc_get_region_blocks
                0x000000004020d6fc                xalloc_get_region_id
                0x000000004020d74c                xalloc_get_region_bytes
                0x000000004020d780                xalloc_alloc
                0x000000004020d95c                xalloc_calloc
                0x000000004020d9ec                xalloc_free
                0x000000004020da24                xalloc_free_id
 .text          0x000000004020da5c      0x1b0 bin/obj/lib/string/string.o
                0x000000004020da5c                strcopy
                0x000000004020daf0                strcmp
 .text          0x000000004020dc0c      0xbdc bin/obj/lib/string/fmt.o
                0x000000004020dc0c                uint8_to_ascii_char
                0x000000004020dc84                stdint_to_ascii
                0x000000004020e3b0                str_fmt_print
 .text          0x000000004020e7e8      0x7ac bin/obj/boot/panic/panic.o
                0x000000004020e838                init_panic
                0x000000004020e940                set_panic
                0x000000004020e9c0                panic
                0x000000004020eba8                set_and_throw_panic
 .text          0x000000004020ef94      0x790 bin/obj/drivers/arm_generic_timer/arm_generic_timer.o
                0x000000004020ef94                AGT_ns_to_cycles
                0x000000004020f040                AGT_us_to_cycles
                0x000000004020f0e0                AGT_cnt_cycles
                0x000000004020f0f4                AGT_cnt_freq
                0x000000004020f108                AGT_cnt_time_ns
                0x000000004020f170                AGT_cnt_time_us
                0x000000004020f26c                AGT_timer_schedule_cycles
                0x000000004020f35c                AGT_timer_schedule_delta
                0x000000004020f46c                AGT_timer_is_armed
                0x000000004020f4c8                AGT_timer_has_fired
                0x000000004020f55c                AGT_timer_cancel
                0x000000004020f5b8                AGT_handle_irq
                0x000000004020f6b4                AGT_init_stage0
 .text          0x000000004020f724     0x1e74 bin/obj/drivers/tmu/tmu.o
                0x0000000040210864                TMU_init_stage0
                0x000000004021099c                TMU_init_stage1
                0x0000000040210cf4                TMU_handle_irq
                0x0000000040210d80                TMU_set_warn_temp
                0x0000000040210f58                TMU_get_warnings_enabled
                0x0000000040211034                TMU_enable_warnings
                0x00000000402110a0                TMU_disable_warnings
                0x000000004021110c                TMU_warn_pending
                0x0000000040211178                TMU_set_critical_temp
                0x0000000040211350                TMU_get_temp
 .text          0x0000000040211598     0x117c bin/obj/drivers/interrupts/gicv3/gicv3.o
                0x0000000040211fec                GICV3_set_cpu_priority_threshold
                0x00000000402120ec                GICV3_set_spi_group1ns
                0x0000000040212168                GICV3_route_spi_to_cpu
                0x00000000402121e8                GICV3_route_spi_to_self
                0x0000000040212218                GICV3_enable_spi
                0x000000004021226c                GICV3_set_priority
                0x00000000402122e8                GICV3_set_edge_triggered
                0x0000000040212360                GICV3_set_level_sensitive
                0x00000000402123d8                GICV3_wake_redistributor
                0x0000000040212490                GICV3_init_distributor
                0x00000000402124e0                GICV3_init_cpu
                0x000000004021250c                GICV3_init_irq
                0x00000000402125f8                GICV3_get_intid_el1
                0x0000000040212614                GICV3_ack_intid_el1
                0x0000000040212634                GICV3_enable_ppi
 .text          0x0000000040212714        0x0 bin/obj/drivers/interrupts/irq.o
 .text          0x0000000040212714     0x2794 bin/obj/drivers/uart/uart.o
                0x0000000040213720                uart_reset
                0x0000000040213830                uart_read
                0x0000000040213f78                uart_get_irq_sources
                0x0000000040214510                unhandled_irq_source
                0x00000000402147d4                uart_handle_irq
                0x000000004021487c                UART_init_stage0
                0x0000000040214b00                uart_init_stage1
                0x0000000040214bb0                uart_putc_sync
                0x0000000040214c20                uart_puts_sync
                0x0000000040214d9c                uart_putc
                0x0000000040214e0c                uart_puts
 .text          0x0000000040214ea8        0x0 bin/obj/rslib.a(imx8mp_kernel-1a53598e06c50be6.imx8mp_kernel.241a9a11e0e6ae75-cgu.0.rcgu.o)
 .text._RNvCsiGVaDesi5rv_7___rustc17rust_begin_unwind
                0x0000000040214ea8       0xc4 bin/obj/rslib.a(imx8mp_kernel-1a53598e06c50be6.imx8mp_kernel.241a9a11e0e6ae75-cgu.0.rcgu.o)
                0x0000000040214ea8                __rustc::rust_begin_unwind
 .text._ZN4core5panic10panic_info12PanicMessage6as_str17hbb6bd39abae2bf02E
                0x0000000040214f6c       0x40 bin/obj/rslib.a(imx8mp_kernel-1a53598e06c50be6.imx8mp_kernel.241a9a11e0e6ae75-cgu.0.rcgu.o)
 .text.pow2_ring_buffer_new
                0x0000000040214fac       0x70 bin/obj/rslib.a(imx8mp_kernel-1a53598e06c50be6.imx8mp_kernel.241a9a11e0e6ae75-cgu.0.rcgu.o)
                0x0000000040214fac                pow2_ring_buffer_new
 .text.pow2_ring_buffer_pop
                0x000000004021501c       0x90 bin/obj/rslib.a(imx8mp_kernel-1a53598e06c50be6.imx8mp_kernel.241a9a11e0e6ae75-cgu.0.rcgu.o)
                0x000000004021501c                pow2_ring_buffer_pop
 .text.pow2_ring_buffer_push
                0x00000000402150ac       0xbc bin/obj/rslib.a(imx8mp_kernel-1a53598e06c50be6.imx8mp_kernel.241a9a11e0e6ae75-cgu.0.rcgu.o)
                0x00000000402150ac                pow2_ring_buffer_push
 .text.rust_kernel_initcalls_stage0
                0x0000000040215168        0x4 bin/obj/rslib.a(imx8mp_kernel-1a53598e06c50be6.imx8mp_kernel.241a9a11e0e6ae75-cgu.0.rcgu.o)
                0x0000000040215168                rust_kernel_initcalls_stage1
                0x0000000040215168                rust_kernel_initcalls_stage2
                0x0000000040215168                rust_kernel_initcalls_stage0
 .text.unlikely.rust_test_panic
                0x000000004021516c       0x2c bin/obj/rslib.a(imx8mp_kernel-1a53598e06c50be6.imx8mp_kernel.241a9a11e0e6ae75-cgu.0.rcgu.o)
                0x000000004021516c                rust_test_panic
 .text.uart_rx_len
                0x0000000040215198       0x18 bin/obj/rslib.a(imx8mp_kernel-1a53598e06c50be6.imx8mp_kernel.241a9a11e0e6ae75-cgu.0.rcgu.o)
                0x0000000040215198                uart_rx_len
 .text.uart_rxbuf_pop
                0x00000000402151b0       0x58 bin/obj/rslib.a(imx8mp_kernel-1a53598e06c50be6.imx8mp_kernel.241a9a11e0e6ae75-cgu.0.rcgu.o)
                0x00000000402151b0                uart_rxbuf_pop
 .text.uart_rxbuf_push
                0x0000000040215208       0x6c bin/obj/rslib.a(imx8mp_kernel-1a53598e06c50be6.imx8mp_kernel.241a9a11e0e6ae75-cgu.0.rcgu.o)
                0x0000000040215208                uart_rxbuf_push
 .text.uart_tx_len
                0x0000000040215274       0x18 bin/obj/rslib.a(imx8mp_kernel-1a53598e06c50be6.imx8mp_kernel.241a9a11e0e6ae75-cgu.0.rcgu.o)
                0x0000000040215274                uart_tx_len
 .text.uart_txbuf_pop
                0x000000004021528c       0x68 bin/obj/rslib.a(imx8mp_kernel-1a53598e06c50be6.imx8mp_kernel.241a9a11e0e6ae75-cgu.0.rcgu.o)
                0x000000004021528c                uart_txbuf_pop
 .text.uart_txbuf_push
                0x00000000402152f4       0x60 bin/obj/rslib.a(imx8mp_kernel-1a53598e06c50be6.imx8mp_kernel.241a9a11e0e6ae75-cgu.0.rcgu.o)
                0x00000000402152f4                uart_txbuf_push
 .text          0x0000000040215354        0x0 bin/obj/rslib.a(core-dca77d77b03929cc.core.bbd04c23a4fa3c72-cgu.0.rcgu.o)
 .text._ZN101_$LT$core..char..CaseMappingIter$u20$as$u20$core..iter..traits..double_ended..DoubleEndedIterator$GT$15advance_back_by17hf0d6f1ce58d3f07dE
                0x0000000040215354       0x28 bin/obj/rslib.a(core-dca77d77b03929cc.core.bbd04c23a4fa3c72-cgu.0.rcgu.o)
                0x0000000040215354                <core::char::CaseMappingIter as core::iter::traits::double_ended::DoubleEndedIterator>::advance_back_by
 .text._ZN101_$LT$core..char..CaseMappingIter$u20$as$u20$core..iter..traits..double_ended..DoubleEndedIterator$GT$9next_back17hc65cc64a3027a392E
                0x000000004021537c       0x28 bin/obj/rslib.a(core-dca77d77b03929cc.core.bbd04c23a4fa3c72-cgu.0.rcgu.o)
                0x000000004021537c                <core::char::CaseMappingIter as core::iter::traits::double_ended::DoubleEndedIterator>::next_back
 .text._ZN105_$LT$core..slice..ascii..EscapeAscii$u20$as$u20$core..iter..traits..double_ended..DoubleEndedIterator$GT$9next_back17h61446658ee893423E
                0x00000000402153a4      0x120 bin/obj/rslib.a(core-dca77d77b03929cc.core.bbd04c23a4fa3c72-cgu.0.rcgu.o)
                0x00000000402153a4                <core::slice::ascii::EscapeAscii as core::iter::traits::double_ended::DoubleEndedIterator>::next_back
 .text._ZN105_$LT$dyn$u20$core..any..Any$u2b$core..marker..Send$u2b$core..marker..Sync$u20$as$u20$core..fmt..Debug$GT$3fmt17hd0716b989b3da57dE
                0x00000000402154c4       0x60 bin/obj/rslib.a(core-dca77d77b03929cc.core.bbd04c23a4fa3c72-cgu.0.rcgu.o)
                0x00000000402154c4                <dyn core::any::Any as core::fmt::Debug>::fmt
                0x00000000402154c4                <dyn core::any::Any+core::marker::Send as core::fmt::Debug>::fmt
                0x00000000402154c4                <dyn core::any::Any+core::marker::Send+core::marker::Sync as core::fmt::Debug>::fmt
 .text._ZN110_$LT$$LT$core..wtf8..EncodeWide$u20$as$u20$core..fmt..Debug$GT$..fmt..CodeUnit$u20$as$u20$core..fmt..Debug$GT$3fmt17hda14d4f4daf3c5c9E
                0x0000000040215524       0xa0 bin/obj/rslib.a(core-dca77d77b03929cc.core.bbd04c23a4fa3c72-cgu.0.rcgu.o)
                0x0000000040215524                <<core::wtf8::EncodeWide as core::fmt::Debug>::fmt::CodeUnit as core::fmt::Debug>::fmt
 .text._ZN116_$LT$core..net..ip_addr..Ipv4Addr$u20$as$u20$core..ops..bit..BitOrAssign$LT$$RF$core..net..ip_addr..Ipv4Addr$GT$$GT$12bitor_assign17h2747ee25fbf1738bE
                0x00000000402155c4       0x80 bin/obj/rslib.a(core-dca77d77b03929cc.core.bbd04c23a4fa3c72-cgu.0.rcgu.o)
                0x00000000402155c4                <core::net::ip_addr::Ipv4Addr as core::ops::bit::BitOrAssign<&core::net::ip_addr::Ipv4Addr>>::bitor_assign
 .text._ZN116_$LT$core..net..ip_addr..Ipv6Addr$u20$as$u20$core..ops..bit..BitOrAssign$LT$$RF$core..net..ip_addr..Ipv6Addr$GT$$GT$12bitor_assign17hff885b6f68f5609cE
                0x0000000040215644      0x1d0 bin/obj/rslib.a(core-dca77d77b03929cc.core.bbd04c23a4fa3c72-cgu.0.rcgu.o)
                0x0000000040215644                <core::net::ip_addr::Ipv6Addr as core::ops::bit::BitOrAssign<&core::net::ip_addr::Ipv6Addr>>::bitor_assign
 .text._ZN117_$LT$core..net..ip_addr..Ipv4Addr$u20$as$u20$core..ops..bit..BitAndAssign$LT$$RF$core..net..ip_addr..Ipv4Addr$GT$$GT$13bitand_assign17hb3faa6ba9d6ecb06E
                0x0000000040215814       0x80 bin/obj/rslib.a(core-dca77d77b03929cc.core.bbd04c23a4fa3c72-cgu.0.rcgu.o)
                0x0000000040215814                <core::net::ip_addr::Ipv4Addr as core::ops::bit::BitAndAssign<&core::net::ip_addr::Ipv4Addr>>::bitand_assign
 .text._ZN117_$LT$core..net..ip_addr..Ipv6Addr$u20$as$u20$core..ops..bit..BitAndAssign$LT$$RF$core..net..ip_addr..Ipv6Addr$GT$$GT$13bitand_assign17hb1c67c235aa10d9dE
                0x0000000040215894      0x1d0 bin/obj/rslib.a(core-dca77d77b03929cc.core.bbd04c23a4fa3c72-cgu.0.rcgu.o)
                0x0000000040215894                <core::net::ip_addr::Ipv6Addr as core::ops::bit::BitAndAssign<&core::net::ip_addr::Ipv6Addr>>::bitand_assign
 .text._ZN40_$LT$str$u20$as$u20$core..fmt..Debug$GT$3fmt17h5f6f1bf3a0007201E
                0x0000000040215a64      0x3b0 bin/obj/rslib.a(core-dca77d77b03929cc.core.bbd04c23a4fa3c72-cgu.0.rcgu.o)
                0x0000000040215a64                <str as core::fmt::Debug>::fmt
 .text._ZN41_$LT$char$u20$as$u20$core..fmt..Debug$GT$3fmt17h05bf1d95c56e9d68E
                0x0000000040215e14       0xe4 bin/obj/rslib.a(core-dca77d77b03929cc.core.bbd04c23a4fa3c72-cgu.0.rcgu.o)
                0x0000000040215e14                <char as core::fmt::Debug>::fmt
 .text._ZN42_$LT$$RF$T$u20$as$u20$core..fmt..Debug$GT$3fmt17h2cdcb51347d218f7E
                0x0000000040215ef8        0x8 bin/obj/rslib.a(core-dca77d77b03929cc.core.bbd04c23a4fa3c72-cgu.0.rcgu.o)
 .text._ZN42_$LT$$RF$T$u20$as$u20$core..fmt..Debug$GT$3fmt17h479b8efc69ca8267E
                0x0000000040215f00        0x8 bin/obj/rslib.a(core-dca77d77b03929cc.core.bbd04c23a4fa3c72-cgu.0.rcgu.o)
 .text._ZN42_$LT$$RF$T$u20$as$u20$core..fmt..Debug$GT$3fmt17h5583193454f8b8d6E
                0x0000000040215f08      0x164 bin/obj/rslib.a(core-dca77d77b03929cc.core.bbd04c23a4fa3c72-cgu.0.rcgu.o)
 .text._ZN42_$LT$$RF$T$u20$as$u20$core..fmt..Debug$GT$3fmt17h56b7a391078316eaE
                0x000000004021606c        0xc bin/obj/rslib.a(core-dca77d77b03929cc.core.bbd04c23a4fa3c72-cgu.0.rcgu.o)
 .text._ZN42_$LT$$RF$T$u20$as$u20$core..fmt..Debug$GT$3fmt17h7040e3522c936441E
                0x0000000040216078        0xc bin/obj/rslib.a(core-dca77d77b03929cc.core.bbd04c23a4fa3c72-cgu.0.rcgu.o)
 .text._ZN42_$LT$$RF$T$u20$as$u20$core..fmt..Debug$GT$3fmt17h73d6b45e08bc8e15E
                0x0000000040216084       0x14 bin/obj/rslib.a(core-dca77d77b03929cc.core.bbd04c23a4fa3c72-cgu.0.rcgu.o)
 .text._ZN42_$LT$$RF$T$u20$as$u20$core..fmt..Debug$GT$3fmt17ha642bfdd7996c379E
                0x0000000040216098       0x14 bin/obj/rslib.a(core-dca77d77b03929cc.core.bbd04c23a4fa3c72-cgu.0.rcgu.o)
 .text._ZN42_$LT$str$u20$as$u20$core..fmt..Display$GT$3fmt17hc0780a4df539a16aE
                0x00000000402160ac       0x14 bin/obj/rslib.a(core-dca77d77b03929cc.core.bbd04c23a4fa3c72-cgu.0.rcgu.o)
                0x00000000402160ac                <str as core::fmt::Display>::fmt
 .text._ZN43_$LT$bool$u20$as$u20$core..fmt..Display$GT$3fmt17h9806e9f5fa916ff1E
                0x00000000402160c0       0x2c bin/obj/rslib.a(core-dca77d77b03929cc.core.bbd04c23a4fa3c72-cgu.0.rcgu.o)
                0x00000000402160c0                <bool as core::fmt::Display>::fmt
 .text._ZN43_$LT$char$u20$as$u20$core..fmt..Display$GT$3fmt17h83f04f7b2308e64bE
                0x00000000402160ec       0xf8 bin/obj/rslib.a(core-dca77d77b03929cc.core.bbd04c23a4fa3c72-cgu.0.rcgu.o)
                0x00000000402160ec                <char as core::fmt::Display>::fmt
 .text._ZN44_$LT$$RF$T$u20$as$u20$core..fmt..Display$GT$3fmt17h703b070ad8b43283E
                0x00000000402161e4        0x8 bin/obj/rslib.a(core-dca77d77b03929cc.core.bbd04c23a4fa3c72-cgu.0.rcgu.o)
 .text._ZN44_$LT$$RF$T$u20$as$u20$core..fmt..Display$GT$3fmt17h9bd2ce85ae1d3eddE
                0x00000000402161ec      0x158 bin/obj/rslib.a(core-dca77d77b03929cc.core.bbd04c23a4fa3c72-cgu.0.rcgu.o)
 .text._ZN44_$LT$$RF$T$u20$as$u20$core..fmt..Display$GT$3fmt17hac20f0bb39cfdd9eE
                0x0000000040216344       0x10 bin/obj/rslib.a(core-dca77d77b03929cc.core.bbd04c23a4fa3c72-cgu.0.rcgu.o)
 .text._ZN44_$LT$$RF$T$u20$as$u20$core..fmt..Display$GT$3fmt17hfec459358b2b0a7cE
                0x0000000040216354        0x8 bin/obj/rslib.a(core-dca77d77b03929cc.core.bbd04c23a4fa3c72-cgu.0.rcgu.o)
 .text._ZN45_$LT$$RF$T$u20$as$u20$core..fmt..LowerHex$GT$3fmt17h05bd91b15c4ae0d9E
                0x000000004021635c       0x7c bin/obj/rslib.a(core-dca77d77b03929cc.core.bbd04c23a4fa3c72-cgu.0.rcgu.o)
 .text._ZN46_$LT$i8$u20$as$u20$core..pat..RangePattern$GT$7sub_one17h9a01a105c96fcbd5E
                0x00000000402163d8       0x48 bin/obj/rslib.a(core-dca77d77b03929cc.core.bbd04c23a4fa3c72-cgu.0.rcgu.o)
                0x00000000402163d8                <i8 as core::pat::RangePattern>::sub_one
 .text._ZN46_$LT$u8$u20$as$u20$core..pat..RangePattern$GT$7sub_one17h670240648e8e7fb4E
                0x0000000040216420       0x40 bin/obj/rslib.a(core-dca77d77b03929cc.core.bbd04c23a4fa3c72-cgu.0.rcgu.o)
                0x0000000040216420                <u8 as core::pat::RangePattern>::sub_one
 .text._ZN47_$LT$i16$u20$as$u20$core..pat..RangePattern$GT$7sub_one17h541e4bf249e12cddE
                0x0000000040216460       0x48 bin/obj/rslib.a(core-dca77d77b03929cc.core.bbd04c23a4fa3c72-cgu.0.rcgu.o)
                0x0000000040216460                <i16 as core::pat::RangePattern>::sub_one
 .text._ZN47_$LT$i32$u20$as$u20$core..pat..RangePattern$GT$7sub_one17h97b022b5d897e388E
                0x00000000402164a8       0x3c bin/obj/rslib.a(core-dca77d77b03929cc.core.bbd04c23a4fa3c72-cgu.0.rcgu.o)
                0x00000000402164a8                <i32 as core::pat::RangePattern>::sub_one
 .text._ZN47_$LT$i64$u20$as$u20$core..pat..RangePattern$GT$7sub_one17h0d4cbf88673eab66E
                0x00000000402164e4       0x3c bin/obj/rslib.a(core-dca77d77b03929cc.core.bbd04c23a4fa3c72-cgu.0.rcgu.o)
                0x00000000402164e4                <i64 as core::pat::RangePattern>::sub_one
                0x00000000402164e4                <isize as core::pat::RangePattern>::sub_one
 .text._ZN47_$LT$u16$u20$as$u20$core..pat..RangePattern$GT$7sub_one17hf1b3147e5737ed06E
                0x0000000040216520       0x40 bin/obj/rslib.a(core-dca77d77b03929cc.core.bbd04c23a4fa3c72-cgu.0.rcgu.o)
                0x0000000040216520                <u16 as core::pat::RangePattern>::sub_one
 .text._ZN47_$LT$u32$u20$as$u20$core..pat..RangePattern$GT$7sub_one17h5f94339af8ab10a1E
                0x0000000040216560       0x3c bin/obj/rslib.a(core-dca77d77b03929cc.core.bbd04c23a4fa3c72-cgu.0.rcgu.o)
                0x0000000040216560                <u32 as core::pat::RangePattern>::sub_one
 .text._ZN47_$LT$u64$u20$as$u20$core..pat..RangePattern$GT$7sub_one17h24c018f405b1f310E
                0x000000004021659c       0x3c bin/obj/rslib.a(core-dca77d77b03929cc.core.bbd04c23a4fa3c72-cgu.0.rcgu.o)
                0x000000004021659c                <usize as core::pat::RangePattern>::sub_one
                0x000000004021659c                <u64 as core::pat::RangePattern>::sub_one
 .text._ZN48_$LT$char$u20$as$u20$core..pat..RangePattern$GT$7sub_one17he70177f83f7ceafcE
                0x00000000402165d8       0x54 bin/obj/rslib.a(core-dca77d77b03929cc.core.bbd04c23a4fa3c72-cgu.0.rcgu.o)
                0x00000000402165d8                <char as core::pat::RangePattern>::sub_one
 .text._ZN48_$LT$i128$u20$as$u20$core..pat..RangePattern$GT$7sub_one17hcbc11fca96f2cd53E
                0x000000004021662c       0x4c bin/obj/rslib.a(core-dca77d77b03929cc.core.bbd04c23a4fa3c72-cgu.0.rcgu.o)
                0x000000004021662c                <i128 as core::pat::RangePattern>::sub_one
 .text._ZN48_$LT$u128$u20$as$u20$core..pat..RangePattern$GT$7sub_one17h082c3491375e9509E
                0x0000000040216678       0x4c bin/obj/rslib.a(core-dca77d77b03929cc.core.bbd04c23a4fa3c72-cgu.0.rcgu.o)
                0x0000000040216678                <u128 as core::pat::RangePattern>::sub_one
 .text._ZN49_$LT$u8$u20$as$u20$core..num..bignum..FullOps$GT$12full_div_rem17h6fed2e224afbc72dE
                0x00000000402166c4       0x38 bin/obj/rslib.a(core-dca77d77b03929cc.core.bbd04c23a4fa3c72-cgu.0.rcgu.o)
                0x00000000402166c4                <u8 as core::num::bignum::FullOps>::full_div_rem
 .text.unlikely._ZN4core3f3221_$LT$impl$u20$f32$GT$5clamp8do_panic7runtime17h36a43f140f64d661E
                0x00000000402166fc       0x50 bin/obj/rslib.a(core-dca77d77b03929cc.core.bbd04c23a4fa3c72-cgu.0.rcgu.o)
                0x00000000402166fc                core::f32::<impl f32>::clamp::do_panic::runtime
 .text.unlikely._ZN4core3f6421_$LT$impl$u20$f64$GT$5clamp8do_panic7runtime17h94d48098c87e850eE
                0x000000004021674c       0x50 bin/obj/rslib.a(core-dca77d77b03929cc.core.bbd04c23a4fa3c72-cgu.0.rcgu.o)
                0x000000004021674c                core::f64::<impl f64>::clamp::do_panic::runtime
 .text._ZN4core3ffi5c_str4CStr19from_bytes_with_nul17hf7126ca100a56b9eE
                0x000000004021679c       0xf0 bin/obj/rslib.a(core-dca77d77b03929cc.core.bbd04c23a4fa3c72-cgu.0.rcgu.o)
                0x000000004021679c                core::ffi::c_str::CStr::from_bytes_with_nul
 .text._ZN4core3ffi5c_str4CStr20from_bytes_until_nul17h4a4d4ec068c826baE
                0x000000004021688c       0xdc bin/obj/rslib.a(core-dca77d77b03929cc.core.bbd04c23a4fa3c72-cgu.0.rcgu.o)
                0x000000004021688c                core::ffi::c_str::CStr::from_bytes_until_nul
 .text._ZN4core3ffi5c_str4CStr6to_str17hf906734cbe15885eE
                0x0000000040216968        0x8 bin/obj/rslib.a(core-dca77d77b03929cc.core.bbd04c23a4fa3c72-cgu.0.rcgu.o)
                0x0000000040216968                core::ffi::c_str::CStr::to_str
 .text._ZN4core3fmt17FormattingOptions8get_fill17he0043a57724473c7E
                0x0000000040216970        0xc bin/obj/rslib.a(core-dca77d77b03929cc.core.bbd04c23a4fa3c72-cgu.0.rcgu.o)
                0x0000000040216970                core::fmt::FormattingOptions::get_fill
 .text._ZN4core3fmt17pointer_fmt_inner17h9512fbe23d32d8a3E
                0x000000004021697c       0xb8 bin/obj/rslib.a(core-dca77d77b03929cc.core.bbd04c23a4fa3c72-cgu.0.rcgu.o)
                0x000000004021697c                core::fmt::pointer_fmt_inner
 .text._ZN4core3fmt3num22_$LT$impl$u20$i128$GT$11format_into17h7da8cadabd24f583E
                0x0000000040216a34       0x74 bin/obj/rslib.a(core-dca77d77b03929cc.core.bbd04c23a4fa3c72-cgu.0.rcgu.o)
                0x0000000040216a34                core::fmt::num::<impl i128>::format_into
 .text._ZN4core3fmt3num22_$LT$impl$u20$u128$GT$10_fmt_inner17hf030a7152409751aE
                0x0000000040216aa8      0x578 bin/obj/rslib.a(core-dca77d77b03929cc.core.bbd04c23a4fa3c72-cgu.0.rcgu.o)
 .text._ZN4core3fmt3num22_$LT$impl$u20$u128$GT$11format_into17h5dee2ace129fe29cE
                0x0000000040217020       0x34 bin/obj/rslib.a(core-dca77d77b03929cc.core.bbd04c23a4fa3c72-cgu.0.rcgu.o)
                0x0000000040217020                core::fmt::num::<impl u128>::format_into
 .text._ZN4core3fmt3num22_$LT$impl$u20$u128$GT$4_fmt17ha65d27b87d338669E
                0x0000000040217054       0x2c bin/obj/rslib.a(core-dca77d77b03929cc.core.bbd04c23a4fa3c72-cgu.0.rcgu.o)
                0x0000000040217054                core::fmt::num::<impl u128>::_fmt
 .text._ZN4core3fmt3num3imp20_$LT$impl$u20$i8$GT$11format_into17hfa6336419ff83042E
                0x0000000040217080      0x134 bin/obj/rslib.a(core-dca77d77b03929cc.core.bbd04c23a4fa3c72-cgu.0.rcgu.o)
                0x0000000040217080                core::fmt::num::imp::<impl i8>::format_into
 .text._ZN4core3fmt3num3imp20_$LT$impl$u20$u8$GT$11format_into17h879b7eff6dae2147E
                0x00000000402171b4       0xa0 bin/obj/rslib.a(core-dca77d77b03929cc.core.bbd04c23a4fa3c72-cgu.0.rcgu.o)
                0x00000000402171b4                core::fmt::num::imp::<impl u8>::format_into
 .text._ZN4core3fmt3num3imp20_$LT$impl$u20$u8$GT$4_fmt17ha676af9982528506E
                0x0000000040217254       0x90 bin/obj/rslib.a(core-dca77d77b03929cc.core.bbd04c23a4fa3c72-cgu.0.rcgu.o)
                0x0000000040217254                core::fmt::num::imp::<impl u8>::_fmt
 .text._ZN4core3fmt3num3imp21_$LT$impl$u20$i16$GT$11format_into17h2f71a14c8f3a6320E
                0x00000000402172e4      0x1ec bin/obj/rslib.a(core-dca77d77b03929cc.core.bbd04c23a4fa3c72-cgu.0.rcgu.o)
                0x00000000402172e4                core::fmt::num::imp::<impl i16>::format_into
 .text._ZN4core3fmt3num3imp21_$LT$impl$u20$i32$GT$11format_into17hbc98fbdd3b5c6d6eE
                0x00000000402174d0      0x274 bin/obj/rslib.a(core-dca77d77b03929cc.core.bbd04c23a4fa3c72-cgu.0.rcgu.o)
                0x00000000402174d0                core::fmt::num::imp::<impl i32>::format_into
 .text._ZN4core3fmt3num3imp21_$LT$impl$u20$i64$GT$11format_into17he56d1a706514badaE
                0x0000000040217744      0x27c bin/obj/rslib.a(core-dca77d77b03929cc.core.bbd04c23a4fa3c72-cgu.0.rcgu.o)
                0x0000000040217744                core::fmt::num::imp::<impl isize>::format_into
                0x0000000040217744                core::fmt::num::imp::<impl i64>::format_into
 .text._ZN4core3fmt3num3imp21_$LT$impl$u20$u16$GT$11format_into17hf5acce3bc060a7a4E
                0x00000000402179c0       0xf8 bin/obj/rslib.a(core-dca77d77b03929cc.core.bbd04c23a4fa3c72-cgu.0.rcgu.o)
                0x00000000402179c0                core::fmt::num::imp::<impl u16>::format_into
 .text._ZN4core3fmt3num3imp21_$LT$impl$u20$u16$GT$4_fmt17h9b16707f2c4d83c7E
                0x0000000040217ab8      0x108 bin/obj/rslib.a(core-dca77d77b03929cc.core.bbd04c23a4fa3c72-cgu.0.rcgu.o)
                0x0000000040217ab8                core::fmt::num::imp::<impl u16>::_fmt
 .text._ZN4core3fmt3num3imp21_$LT$impl$u20$u32$GT$11format_into17h699a29a216c381bfE
                0x0000000040217bc0      0x12c bin/obj/rslib.a(core-dca77d77b03929cc.core.bbd04c23a4fa3c72-cgu.0.rcgu.o)
                0x0000000040217bc0                core::fmt::num::imp::<impl u32>::format_into
 .text._ZN4core3fmt3num3imp21_$LT$impl$u20$u32$GT$4_fmt17hc5bdfc1c3dd3fd08E
                0x0000000040217cec      0x130 bin/obj/rslib.a(core-dca77d77b03929cc.core.bbd04c23a4fa3c72-cgu.0.rcgu.o)
                0x0000000040217cec                core::fmt::num::imp::<impl u32>::_fmt
 .text._ZN4core3fmt3num3imp21_$LT$impl$u20$u64$GT$11format_into17he2b4201a970f20d7E
                0x0000000040217e1c      0x130 bin/obj/rslib.a(core-dca77d77b03929cc.core.bbd04c23a4fa3c72-cgu.0.rcgu.o)
                0x0000000040217e1c                core::fmt::num::imp::<impl u64>::format_into
                0x0000000040217e1c                core::fmt::num::imp::<impl usize>::format_into
 .text._ZN4core3fmt3num3imp21_$LT$impl$u20$u64$GT$4_fmt17hf5cf8cc64887d18dE
                0x0000000040217f4c      0x134 bin/obj/rslib.a(core-dca77d77b03929cc.core.bbd04c23a4fa3c72-cgu.0.rcgu.o)
                0x0000000040217f4c                core::fmt::num::imp::<impl u64>::_fmt
                0x0000000040217f4c                core::fmt::num::imp::<impl usize>::_fmt
 .text._ZN4core3fmt3num3imp51_$LT$impl$u20$core..fmt..Display$u20$for$u20$i8$GT$3fmt17hcb39de988782ba27E
                0x0000000040218080       0xcc bin/obj/rslib.a(core-dca77d77b03929cc.core.bbd04c23a4fa3c72-cgu.0.rcgu.o)
                0x0000000040218080                core::fmt::num::imp::<impl core::fmt::Display for i8>::fmt
 .text._ZN4core3fmt3num3imp51_$LT$impl$u20$core..fmt..Display$u20$for$u20$u8$GT$3fmt17hf7d8c920e29b5333E
                0x000000004021814c       0xac bin/obj/rslib.a(core-dca77d77b03929cc.core.bbd04c23a4fa3c72-cgu.0.rcgu.o)
                0x000000004021814c                core::fmt::num::imp::<impl core::fmt::Display for u8>::fmt
 .text._ZN4core3fmt3num3imp52_$LT$impl$u20$core..fmt..Display$u20$for$u20$i16$GT$3fmt17h104a3911dccd2ff7E
                0x00000000402181f8      0x11c bin/obj/rslib.a(core-dca77d77b03929cc.core.bbd04c23a4fa3c72-cgu.0.rcgu.o)
                0x00000000402181f8                core::fmt::num::imp::<impl core::fmt::Display for i16>::fmt
 .text._ZN4core3fmt3num3imp52_$LT$impl$u20$core..fmt..Display$u20$for$u20$i32$GT$3fmt17h80bd409755b2ddaeE
                0x0000000040218314      0x158 bin/obj/rslib.a(core-dca77d77b03929cc.core.bbd04c23a4fa3c72-cgu.0.rcgu.o)
                0x0000000040218314                core::fmt::num::imp::<impl core::fmt::Display for i32>::fmt
 .text._ZN4core3fmt3num3imp52_$LT$impl$u20$core..fmt..Display$u20$for$u20$i64$GT$3fmt17h1e801d532e5ecaafE
                0x000000004021846c      0x15c bin/obj/rslib.a(core-dca77d77b03929cc.core.bbd04c23a4fa3c72-cgu.0.rcgu.o)
                0x000000004021846c                core::fmt::num::imp::<impl core::fmt::Display for isize>::fmt
                0x000000004021846c                core::fmt::num::imp::<impl core::fmt::Display for i64>::fmt
 .text._ZN4core3fmt3num3imp52_$LT$impl$u20$core..fmt..Display$u20$for$u20$u16$GT$3fmt17hdb2998ab968581d1E
                0x00000000402185c8      0x104 bin/obj/rslib.a(core-dca77d77b03929cc.core.bbd04c23a4fa3c72-cgu.0.rcgu.o)
                0x00000000402185c8                core::fmt::num::imp::<impl core::fmt::Display for u16>::fmt
 .text._ZN4core3fmt3num3imp52_$LT$impl$u20$core..fmt..Display$u20$for$u20$u32$GT$3fmt17h0b158e54c199f5dbE
                0x00000000402186cc      0x14c bin/obj/rslib.a(core-dca77d77b03929cc.core.bbd04c23a4fa3c72-cgu.0.rcgu.o)
                0x00000000402186cc                core::fmt::num::imp::<impl core::fmt::Display for u32>::fmt
 .text._ZN4core3fmt3num3imp52_$LT$impl$u20$core..fmt..Display$u20$for$u20$u64$GT$3fmt17h64f3911dafa6269fE
                0x0000000040218818      0x154 bin/obj/rslib.a(core-dca77d77b03929cc.core.bbd04c23a4fa3c72-cgu.0.rcgu.o)
                0x0000000040218818                core::fmt::num::imp::<impl core::fmt::Display for usize>::fmt
                0x0000000040218818                core::fmt::num::imp::<impl core::fmt::Display for u64>::fmt
 .text._ZN4core3fmt3num3imp52_$LT$impl$u20$core..fmt..LowerExp$u20$for$u20$i8$GT$3fmt17h58d82f5837eb5be0E
                0x000000004021896c       0x24 bin/obj/rslib.a(core-dca77d77b03929cc.core.bbd04c23a4fa3c72-cgu.0.rcgu.o)
                0x000000004021896c                core::fmt::num::imp::<impl core::fmt::LowerExp for i8>::fmt
 .text._ZN4core3fmt3num3imp52_$LT$impl$u20$core..fmt..LowerExp$u20$for$u20$u8$GT$3fmt17h501ecc2dbdd34467E
                0x0000000040218990       0x18 bin/obj/rslib.a(core-dca77d77b03929cc.core.bbd04c23a4fa3c72-cgu.0.rcgu.o)
                0x0000000040218990                core::fmt::num::imp::<impl core::fmt::LowerExp for u8>::fmt
 .text._ZN4core3fmt3num3imp52_$LT$impl$u20$core..fmt..UpperExp$u20$for$u20$i8$GT$3fmt17ha0f846b22050294aE
                0x00000000402189a8       0x24 bin/obj/rslib.a(core-dca77d77b03929cc.core.bbd04c23a4fa3c72-cgu.0.rcgu.o)
                0x00000000402189a8                core::fmt::num::imp::<impl core::fmt::UpperExp for i8>::fmt
 .text._ZN4core3fmt3num3imp52_$LT$impl$u20$core..fmt..UpperExp$u20$for$u20$u8$GT$3fmt17h010e9c1ce5bc6f83E
                0x00000000402189cc       0x18 bin/obj/rslib.a(core-dca77d77b03929cc.core.bbd04c23a4fa3c72-cgu.0.rcgu.o)
                0x00000000402189cc                core::fmt::num::imp::<impl core::fmt::UpperExp for u8>::fmt
 .text._ZN4core3fmt3num3imp53_$LT$impl$u20$core..fmt..LowerExp$u20$for$u20$i16$GT$3fmt17h0ef11d9cfa7db045E
                0x00000000402189e4       0x24 bin/obj/rslib.a(core-dca77d77b03929cc.core.bbd04c23a4fa3c72-cgu.0.rcgu.o)
                0x00000000402189e4                core::fmt::num::imp::<impl core::fmt::LowerExp for i16>::fmt
 .text._ZN4core3fmt3num3imp53_$LT$impl$u20$core..fmt..LowerExp$u20$for$u20$i32$GT$3fmt17h73a92d63361655e1E
                0x0000000040218a08       0x24 bin/obj/rslib.a(core-dca77d77b03929cc.core.bbd04c23a4fa3c72-cgu.0.rcgu.o)
                0x0000000040218a08                core::fmt::num::imp::<impl core::fmt::LowerExp for i32>::fmt
 .text._ZN4core3fmt3num3imp53_$LT$impl$u20$core..fmt..LowerExp$u20$for$u20$i64$GT$3fmt17he8eaeb98c7470710E
                0x0000000040218a2c       0x24 bin/obj/rslib.a(core-dca77d77b03929cc.core.bbd04c23a4fa3c72-cgu.0.rcgu.o)
                0x0000000040218a2c                core::fmt::num::imp::<impl core::fmt::LowerExp for isize>::fmt
                0x0000000040218a2c                core::fmt::num::imp::<impl core::fmt::LowerExp for i64>::fmt
 .text._ZN4core3fmt3num3imp53_$LT$impl$u20$core..fmt..LowerExp$u20$for$u20$u16$GT$3fmt17h49c4e818814d45dbE
                0x0000000040218a50       0x18 bin/obj/rslib.a(core-dca77d77b03929cc.core.bbd04c23a4fa3c72-cgu.0.rcgu.o)
                0x0000000040218a50                core::fmt::num::imp::<impl core::fmt::LowerExp for u16>::fmt
 .text._ZN4core3fmt3num3imp53_$LT$impl$u20$core..fmt..LowerExp$u20$for$u20$u32$GT$3fmt17h158f35b2865c949eE
                0x0000000040218a68       0x18 bin/obj/rslib.a(core-dca77d77b03929cc.core.bbd04c23a4fa3c72-cgu.0.rcgu.o)
                0x0000000040218a68                core::fmt::num::imp::<impl core::fmt::LowerExp for u32>::fmt
 .text._ZN4core3fmt3num3imp53_$LT$impl$u20$core..fmt..LowerExp$u20$for$u20$u64$GT$3fmt17hd02b9c2dab05dc10E
                0x0000000040218a80       0x18 bin/obj/rslib.a(core-dca77d77b03929cc.core.bbd04c23a4fa3c72-cgu.0.rcgu.o)
                0x0000000040218a80                core::fmt::num::imp::<impl core::fmt::LowerExp for usize>::fmt
                0x0000000040218a80                core::fmt::num::imp::<impl core::fmt::LowerExp for u64>::fmt
 .text._ZN4core3fmt3num3imp53_$LT$impl$u20$core..fmt..UpperExp$u20$for$u20$i16$GT$3fmt17h3fab035472132d68E
                0x0000000040218a98       0x24 bin/obj/rslib.a(core-dca77d77b03929cc.core.bbd04c23a4fa3c72-cgu.0.rcgu.o)
                0x0000000040218a98                core::fmt::num::imp::<impl core::fmt::UpperExp for i16>::fmt
 .text._ZN4core3fmt3num3imp53_$LT$impl$u20$core..fmt..UpperExp$u20$for$u20$i32$GT$3fmt17hc873c09afcd74914E
                0x0000000040218abc       0x24 bin/obj/rslib.a(core-dca77d77b03929cc.core.bbd04c23a4fa3c72-cgu.0.rcgu.o)
                0x0000000040218abc                core::fmt::num::imp::<impl core::fmt::UpperExp for i32>::fmt
 .text._ZN4core3fmt3num3imp53_$LT$impl$u20$core..fmt..UpperExp$u20$for$u20$i64$GT$3fmt17he2f6e251da279662E
                0x0000000040218ae0       0x24 bin/obj/rslib.a(core-dca77d77b03929cc.core.bbd04c23a4fa3c72-cgu.0.rcgu.o)
                0x0000000040218ae0                core::fmt::num::imp::<impl core::fmt::UpperExp for isize>::fmt
                0x0000000040218ae0                core::fmt::num::imp::<impl core::fmt::UpperExp for i64>::fmt
 .text._ZN4core3fmt3num3imp53_$LT$impl$u20$core..fmt..UpperExp$u20$for$u20$u16$GT$3fmt17h2e49b62056d088d3E
                0x0000000040218b04       0x18 bin/obj/rslib.a(core-dca77d77b03929cc.core.bbd04c23a4fa3c72-cgu.0.rcgu.o)
                0x0000000040218b04                core::fmt::num::imp::<impl core::fmt::UpperExp for u16>::fmt
 .text._ZN4core3fmt3num3imp53_$LT$impl$u20$core..fmt..UpperExp$u20$for$u20$u32$GT$3fmt17h67f329f6a561b042E
                0x0000000040218b1c       0x18 bin/obj/rslib.a(core-dca77d77b03929cc.core.bbd04c23a4fa3c72-cgu.0.rcgu.o)
                0x0000000040218b1c                core::fmt::num::imp::<impl core::fmt::UpperExp for u32>::fmt
 .text._ZN4core3fmt3num3imp53_$LT$impl$u20$core..fmt..UpperExp$u20$for$u20$u64$GT$3fmt17h089d5041d0086602E
                0x0000000040218b34       0x18 bin/obj/rslib.a(core-dca77d77b03929cc.core.bbd04c23a4fa3c72-cgu.0.rcgu.o)
                0x0000000040218b34                core::fmt::num::imp::<impl core::fmt::UpperExp for usize>::fmt
                0x0000000040218b34                core::fmt::num::imp::<impl core::fmt::UpperExp for u64>::fmt
 .text._ZN4core3fmt3num3imp7exp_u6417hcfe3e43662793de3E
                0x0000000040218b4c      0x540 bin/obj/rslib.a(core-dca77d77b03929cc.core.bbd04c23a4fa3c72-cgu.0.rcgu.o)
 .text._ZN4core3fmt3num49_$LT$impl$u20$core..fmt..Debug$u20$for$u20$i8$GT$3fmt17h827ef15b7c2cc75eE
                0x000000004021908c      0x18c bin/obj/rslib.a(core-dca77d77b03929cc.core.bbd04c23a4fa3c72-cgu.0.rcgu.o)
 .text._ZN4core3fmt3num49_$LT$impl$u20$core..fmt..Debug$u20$for$u20$u8$GT$3fmt17hbfcfc52b811f831eE
                0x0000000040219218      0x170 bin/obj/rslib.a(core-dca77d77b03929cc.core.bbd04c23a4fa3c72-cgu.0.rcgu.o)
 .text._ZN4core3fmt3num49_$LT$impl$u20$core..fmt..Octal$u20$for$u20$i8$GT$3fmt17h938552005bb66eb0E
                0x0000000040219388       0x78 bin/obj/rslib.a(core-dca77d77b03929cc.core.bbd04c23a4fa3c72-cgu.0.rcgu.o)
                0x0000000040219388                core::fmt::num::<impl core::fmt::Octal for i8>::fmt
 .text._ZN4core3fmt3num49_$LT$impl$u20$core..fmt..Octal$u20$for$u20$u8$GT$3fmt17hf4ab8ae14edcc341E
                0x0000000040219400       0x78 bin/obj/rslib.a(core-dca77d77b03929cc.core.bbd04c23a4fa3c72-cgu.0.rcgu.o)
                0x0000000040219400                core::fmt::num::<impl core::fmt::Octal for u8>::fmt
 .text._ZN4core3fmt3num50_$LT$impl$u20$core..fmt..Binary$u20$for$u20$i8$GT$3fmt17h364fc7cada5f95ebE
                0x0000000040219478       0x78 bin/obj/rslib.a(core-dca77d77b03929cc.core.bbd04c23a4fa3c72-cgu.0.rcgu.o)
                0x0000000040219478                core::fmt::num::<impl core::fmt::Binary for i8>::fmt
 .text._ZN4core3fmt3num50_$LT$impl$u20$core..fmt..Binary$u20$for$u20$u8$GT$3fmt17he2c0567fc6506356E
                0x00000000402194f0       0x78 bin/obj/rslib.a(core-dca77d77b03929cc.core.bbd04c23a4fa3c72-cgu.0.rcgu.o)
                0x00000000402194f0                core::fmt::num::<impl core::fmt::Binary for u8>::fmt
 .text._ZN4core3fmt3num50_$LT$impl$u20$core..fmt..Debug$u20$for$u20$i16$GT$3fmt17hd85915d27365f48cE
                0x0000000040219568      0x1dc bin/obj/rslib.a(core-dca77d77b03929cc.core.bbd04c23a4fa3c72-cgu.0.rcgu.o)
 .text._ZN4core3fmt3num50_$LT$impl$u20$core..fmt..Debug$u20$for$u20$u16$GT$3fmt17h02c79a3af51ec021E
                0x0000000040219744      0x1c8 bin/obj/rslib.a(core-dca77d77b03929cc.core.bbd04c23a4fa3c72-cgu.0.rcgu.o)
 .text._ZN4core3fmt3num50_$LT$impl$u20$core..fmt..Debug$u20$for$u20$u32$GT$3fmt17hdcaa54ae5b814f37E
                0x000000004021990c      0x200 bin/obj/rslib.a(core-dca77d77b03929cc.core.bbd04c23a4fa3c72-cgu.0.rcgu.o)
 .text._ZN4core3fmt3num50_$LT$impl$u20$core..fmt..Debug$u20$for$u20$u64$GT$3fmt17h6612a6d4aeffcfe3E
                0x0000000040219b0c      0x1fc bin/obj/rslib.a(core-dca77d77b03929cc.core.bbd04c23a4fa3c72-cgu.0.rcgu.o)
 .text._ZN4core3fmt3num50_$LT$impl$u20$core..fmt..Octal$u20$for$u20$i16$GT$3fmt17hb30f0eff41b795d7E
                0x0000000040219d08       0x78 bin/obj/rslib.a(core-dca77d77b03929cc.core.bbd04c23a4fa3c72-cgu.0.rcgu.o)
                0x0000000040219d08                core::fmt::num::<impl core::fmt::Octal for i16>::fmt
 .text._ZN4core3fmt3num50_$LT$impl$u20$core..fmt..Octal$u20$for$u20$i32$GT$3fmt17h96bda70b13d869cfE
                0x0000000040219d80       0x78 bin/obj/rslib.a(core-dca77d77b03929cc.core.bbd04c23a4fa3c72-cgu.0.rcgu.o)
                0x0000000040219d80                core::fmt::num::<impl core::fmt::Octal for i32>::fmt
 .text._ZN4core3fmt3num50_$LT$impl$u20$core..fmt..Octal$u20$for$u20$i64$GT$3fmt17hbca0bdf49b956695E
                0x0000000040219df8       0x78 bin/obj/rslib.a(core-dca77d77b03929cc.core.bbd04c23a4fa3c72-cgu.0.rcgu.o)
                0x0000000040219df8                core::fmt::num::<impl core::fmt::Octal for i64>::fmt
                0x0000000040219df8                core::fmt::num::<impl core::fmt::Octal for isize>::fmt
 .text._ZN4core3fmt3num50_$LT$impl$u20$core..fmt..Octal$u20$for$u20$u16$GT$3fmt17haa5505935580f60eE
                0x0000000040219e70       0x78 bin/obj/rslib.a(core-dca77d77b03929cc.core.bbd04c23a4fa3c72-cgu.0.rcgu.o)
                0x0000000040219e70                core::fmt::num::<impl core::fmt::Octal for u16>::fmt
 .text._ZN4core3fmt3num50_$LT$impl$u20$core..fmt..Octal$u20$for$u20$u32$GT$3fmt17h4a01e2886ae035d3E
                0x0000000040219ee8       0x78 bin/obj/rslib.a(core-dca77d77b03929cc.core.bbd04c23a4fa3c72-cgu.0.rcgu.o)
                0x0000000040219ee8                core::fmt::num::<impl core::fmt::Octal for u32>::fmt
 .text._ZN4core3fmt3num50_$LT$impl$u20$core..fmt..Octal$u20$for$u20$u64$GT$3fmt17hf6bc247530776172E
                0x0000000040219f60       0x78 bin/obj/rslib.a(core-dca77d77b03929cc.core.bbd04c23a4fa3c72-cgu.0.rcgu.o)
                0x0000000040219f60                core::fmt::num::<impl core::fmt::Octal for usize>::fmt
                0x0000000040219f60                core::fmt::num::<impl core::fmt::Octal for u64>::fmt
 .text._ZN4core3fmt3num51_$LT$impl$u20$core..fmt..Binary$u20$for$u20$i16$GT$3fmt17h57858060feef142cE
                0x0000000040219fd8       0x78 bin/obj/rslib.a(core-dca77d77b03929cc.core.bbd04c23a4fa3c72-cgu.0.rcgu.o)
                0x0000000040219fd8                core::fmt::num::<impl core::fmt::Binary for i16>::fmt
 .text._ZN4core3fmt3num51_$LT$impl$u20$core..fmt..Binary$u20$for$u20$i32$GT$3fmt17h0b19d692da06108dE
                0x000000004021a050       0x78 bin/obj/rslib.a(core-dca77d77b03929cc.core.bbd04c23a4fa3c72-cgu.0.rcgu.o)
                0x000000004021a050                core::fmt::num::<impl core::fmt::Binary for i32>::fmt
 .text._ZN4core3fmt3num51_$LT$impl$u20$core..fmt..Binary$u20$for$u20$i64$GT$3fmt17haeba80af4dc4e17eE
                0x000000004021a0c8       0x78 bin/obj/rslib.a(core-dca77d77b03929cc.core.bbd04c23a4fa3c72-cgu.0.rcgu.o)
                0x000000004021a0c8                core::fmt::num::<impl core::fmt::Binary for isize>::fmt
                0x000000004021a0c8                core::fmt::num::<impl core::fmt::Binary for i64>::fmt
 .text._ZN4core3fmt3num51_$LT$impl$u20$core..fmt..Binary$u20$for$u20$u16$GT$3fmt17h994032199faeaac8E
                0x000000004021a140       0x78 bin/obj/rslib.a(core-dca77d77b03929cc.core.bbd04c23a4fa3c72-cgu.0.rcgu.o)
                0x000000004021a140                core::fmt::num::<impl core::fmt::Binary for u16>::fmt
 .text._ZN4core3fmt3num51_$LT$impl$u20$core..fmt..Binary$u20$for$u20$u32$GT$3fmt17h97ec4d142d6b0a75E
                0x000000004021a1b8       0x78 bin/obj/rslib.a(core-dca77d77b03929cc.core.bbd04c23a4fa3c72-cgu.0.rcgu.o)
                0x000000004021a1b8                core::fmt::num::<impl core::fmt::Binary for u32>::fmt
 .text._ZN4core3fmt3num51_$LT$impl$u20$core..fmt..Binary$u20$for$u20$u64$GT$3fmt17h88494fdefc0ff8d9E
                0x000000004021a230       0x78 bin/obj/rslib.a(core-dca77d77b03929cc.core.bbd04c23a4fa3c72-cgu.0.rcgu.o)
                0x000000004021a230                core::fmt::num::<impl core::fmt::Binary for u64>::fmt
                0x000000004021a230                core::fmt::num::<impl core::fmt::Binary for usize>::fmt
 .text._ZN4core3fmt3num51_$LT$impl$u20$core..fmt..Debug$u20$for$u20$i128$GT$3fmt17h02f9e17982837adcE
                0x000000004021a2a8      0x148 bin/obj/rslib.a(core-dca77d77b03929cc.core.bbd04c23a4fa3c72-cgu.0.rcgu.o)
 .text._ZN4core3fmt3num51_$LT$impl$u20$core..fmt..Debug$u20$for$u20$u128$GT$3fmt17hacbd24b09e2e612dE
                0x000000004021a3f0      0x128 bin/obj/rslib.a(core-dca77d77b03929cc.core.bbd04c23a4fa3c72-cgu.0.rcgu.o)
 .text._ZN4core3fmt3num51_$LT$impl$u20$core..fmt..Octal$u20$for$u20$i128$GT$3fmt17h30a46ebffb686345E
                0x000000004021a518       0x84 bin/obj/rslib.a(core-dca77d77b03929cc.core.bbd04c23a4fa3c72-cgu.0.rcgu.o)
                0x000000004021a518                core::fmt::num::<impl core::fmt::Octal for i128>::fmt
 .text._ZN4core3fmt3num51_$LT$impl$u20$core..fmt..Octal$u20$for$u20$u128$GT$3fmt17he9c20ead1f4ddb45E
                0x000000004021a59c       0x84 bin/obj/rslib.a(core-dca77d77b03929cc.core.bbd04c23a4fa3c72-cgu.0.rcgu.o)
                0x000000004021a59c                core::fmt::num::<impl core::fmt::Octal for u128>::fmt
 .text._ZN4core3fmt3num52_$LT$impl$u20$core..fmt..Binary$u20$for$u20$i128$GT$3fmt17h5ddc35715bb3478dE
                0x000000004021a620       0x84 bin/obj/rslib.a(core-dca77d77b03929cc.core.bbd04c23a4fa3c72-cgu.0.rcgu.o)
                0x000000004021a620                core::fmt::num::<impl core::fmt::Binary for i128>::fmt
 .text._ZN4core3fmt3num52_$LT$impl$u20$core..fmt..Binary$u20$for$u20$u128$GT$3fmt17h7c0ba53f984ef09eE
                0x000000004021a6a4       0x84 bin/obj/rslib.a(core-dca77d77b03929cc.core.bbd04c23a4fa3c72-cgu.0.rcgu.o)
                0x000000004021a6a4                core::fmt::num::<impl core::fmt::Binary for u128>::fmt
 .text._ZN4core3fmt3num52_$LT$impl$u20$core..fmt..Debug$u20$for$u20$usize$GT$3fmt17h43b30080ace008ecE
                0x000000004021a728      0x208 bin/obj/rslib.a(core-dca77d77b03929cc.core.bbd04c23a4fa3c72-cgu.0.rcgu.o)
 .text._ZN4core3fmt3num52_$LT$impl$u20$core..fmt..LowerHex$u20$for$u20$i8$GT$3fmt17hf695129635c083b3E
                0x000000004021a930       0x78 bin/obj/rslib.a(core-dca77d77b03929cc.core.bbd04c23a4fa3c72-cgu.0.rcgu.o)
                0x000000004021a930                core::fmt::num::<impl core::fmt::LowerHex for i8>::fmt
 .text._ZN4core3fmt3num52_$LT$impl$u20$core..fmt..LowerHex$u20$for$u20$u8$GT$3fmt17h41223f6c79c82479E
                0x000000004021a9a8       0x78 bin/obj/rslib.a(core-dca77d77b03929cc.core.bbd04c23a4fa3c72-cgu.0.rcgu.o)
                0x000000004021a9a8                core::fmt::num::<impl core::fmt::LowerHex for u8>::fmt
 .text._ZN4core3fmt3num52_$LT$impl$u20$core..fmt..UpperHex$u20$for$u20$i8$GT$3fmt17h407840cf8f4701b9E
                0x000000004021aa20       0x78 bin/obj/rslib.a(core-dca77d77b03929cc.core.bbd04c23a4fa3c72-cgu.0.rcgu.o)
                0x000000004021aa20                core::fmt::num::<impl core::fmt::UpperHex for i8>::fmt
 .text._ZN4core3fmt3num52_$LT$impl$u20$core..fmt..UpperHex$u20$for$u20$u8$GT$3fmt17h1c056f3c85dae395E
                0x000000004021aa98       0x78 bin/obj/rslib.a(core-dca77d77b03929cc.core.bbd04c23a4fa3c72-cgu.0.rcgu.o)
                0x000000004021aa98                core::fmt::num::<impl core::fmt::UpperHex for u8>::fmt
 .text._ZN4core3fmt3num53_$LT$impl$u20$core..fmt..Display$u20$for$u20$i128$GT$3fmt17h143e7e69baa593e3E
                0x000000004021ab10       0x78 bin/obj/rslib.a(core-dca77d77b03929cc.core.bbd04c23a4fa3c72-cgu.0.rcgu.o)
                0x000000004021ab10                core::fmt::num::<impl core::fmt::Display for i128>::fmt
 .text._ZN4core3fmt3num53_$LT$impl$u20$core..fmt..Display$u20$for$u20$u128$GT$3fmt17h93d3e8374317a9ebE
                0x000000004021ab88       0x64 bin/obj/rslib.a(core-dca77d77b03929cc.core.bbd04c23a4fa3c72-cgu.0.rcgu.o)
                0x000000004021ab88                core::fmt::num::<impl core::fmt::Display for u128>::fmt
 .text._ZN4core3fmt3num53_$LT$impl$u20$core..fmt..LowerHex$u20$for$u20$i16$GT$3fmt17h5b03a43fe071e9d2E
                0x000000004021abec       0x78 bin/obj/rslib.a(core-dca77d77b03929cc.core.bbd04c23a4fa3c72-cgu.0.rcgu.o)
                0x000000004021abec                core::fmt::num::<impl core::fmt::LowerHex for i16>::fmt
 .text._ZN4core3fmt3num53_$LT$impl$u20$core..fmt..LowerHex$u20$for$u20$i32$GT$3fmt17hc95ab94a833a1d52E
                0x000000004021ac64       0x78 bin/obj/rslib.a(core-dca77d77b03929cc.core.bbd04c23a4fa3c72-cgu.0.rcgu.o)
                0x000000004021ac64                core::fmt::num::<impl core::fmt::LowerHex for i32>::fmt
 .text._ZN4core3fmt3num53_$LT$impl$u20$core..fmt..LowerHex$u20$for$u20$i64$GT$3fmt17h78bab8b90a4593cfE
                0x000000004021acdc       0x78 bin/obj/rslib.a(core-dca77d77b03929cc.core.bbd04c23a4fa3c72-cgu.0.rcgu.o)
                0x000000004021acdc                core::fmt::num::<impl core::fmt::LowerHex for i64>::fmt
                0x000000004021acdc                core::fmt::num::<impl core::fmt::LowerHex for isize>::fmt
 .text._ZN4core3fmt3num53_$LT$impl$u20$core..fmt..LowerHex$u20$for$u20$u16$GT$3fmt17h763f8ccc440b53a1E
                0x000000004021ad54       0x78 bin/obj/rslib.a(core-dca77d77b03929cc.core.bbd04c23a4fa3c72-cgu.0.rcgu.o)
                0x000000004021ad54                core::fmt::num::<impl core::fmt::LowerHex for u16>::fmt
 .text._ZN4core3fmt3num53_$LT$impl$u20$core..fmt..LowerHex$u20$for$u20$u32$GT$3fmt17h549c5dc88a23e071E
                0x000000004021adcc       0x78 bin/obj/rslib.a(core-dca77d77b03929cc.core.bbd04c23a4fa3c72-cgu.0.rcgu.o)
                0x000000004021adcc                core::fmt::num::<impl core::fmt::LowerHex for u32>::fmt
 .text._ZN4core3fmt3num53_$LT$impl$u20$core..fmt..LowerHex$u20$for$u20$u64$GT$3fmt17hdaccb1a7b83ad970E
                0x000000004021ae44       0x78 bin/obj/rslib.a(core-dca77d77b03929cc.core.bbd04c23a4fa3c72-cgu.0.rcgu.o)
                0x000000004021ae44                core::fmt::num::<impl core::fmt::LowerHex for usize>::fmt
                0x000000004021ae44                core::fmt::num::<impl core::fmt::LowerHex for u64>::fmt
 .text._ZN4core3fmt3num53_$LT$impl$u20$core..fmt..UpperHex$u20$for$u20$i16$GT$3fmt17hdc971805de989b2aE
                0x000000004021aebc       0x78 bin/obj/rslib.a(core-dca77d77b03929cc.core.bbd04c23a4fa3c72-cgu.0.rcgu.o)
                0x000000004021aebc                core::fmt::num::<impl core::fmt::UpperHex for i16>::fmt
 .text._ZN4core3fmt3num53_$LT$impl$u20$core..fmt..UpperHex$u20$for$u20$i32$GT$3fmt17h7f105a3b4f757369E
                0x000000004021af34       0x78 bin/obj/rslib.a(core-dca77d77b03929cc.core.bbd04c23a4fa3c72-cgu.0.rcgu.o)
                0x000000004021af34                core::fmt::num::<impl core::fmt::UpperHex for i32>::fmt
 .text._ZN4core3fmt3num53_$LT$impl$u20$core..fmt..UpperHex$u20$for$u20$i64$GT$3fmt17h9e197d4c17bda1a5E
                0x000000004021afac       0x78 bin/obj/rslib.a(core-dca77d77b03929cc.core.bbd04c23a4fa3c72-cgu.0.rcgu.o)
                0x000000004021afac                core::fmt::num::<impl core::fmt::UpperHex for isize>::fmt
                0x000000004021afac                core::fmt::num::<impl core::fmt::UpperHex for i64>::fmt
 .text._ZN4core3fmt3num53_$LT$impl$u20$core..fmt..UpperHex$u20$for$u20$u16$GT$3fmt17h4d373f4e1b192db5E
                0x000000004021b024       0x78 bin/obj/rslib.a(core-dca77d77b03929cc.core.bbd04c23a4fa3c72-cgu.0.rcgu.o)
                0x000000004021b024                core::fmt::num::<impl core::fmt::UpperHex for u16>::fmt
 .text._ZN4core3fmt3num53_$LT$impl$u20$core..fmt..UpperHex$u20$for$u20$u32$GT$3fmt17hfe57b8c17b9bbf1aE
                0x000000004021b09c       0x78 bin/obj/rslib.a(core-dca77d77b03929cc.core.bbd04c23a4fa3c72-cgu.0.rcgu.o)
                0x000000004021b09c                core::fmt::num::<impl core::fmt::UpperHex for u32>::fmt
 .text._ZN4core3fmt3num53_$LT$impl$u20$core..fmt..UpperHex$u20$for$u20$u64$GT$3fmt17h995153f9b3a5bfe9E
                0x000000004021b114       0x78 bin/obj/rslib.a(core-dca77d77b03929cc.core.bbd04c23a4fa3c72-cgu.0.rcgu.o)
                0x000000004021b114                core::fmt::num::<impl core::fmt::UpperHex for usize>::fmt
                0x000000004021b114                core::fmt::num::<impl core::fmt::UpperHex for u64>::fmt
 .text._ZN4core3fmt3num54_$LT$impl$u20$core..fmt..LowerExp$u20$for$u20$i128$GT$3fmt17h30434f360a41b4c4E
                0x000000004021b18c       0x2c bin/obj/rslib.a(core-dca77d77b03929cc.core.bbd04c23a4fa3c72-cgu.0.rcgu.o)
                0x000000004021b18c                core::fmt::num::<impl core::fmt::LowerExp for i128>::fmt
 .text._ZN4core3fmt3num54_$LT$impl$u20$core..fmt..LowerExp$u20$for$u20$u128$GT$3fmt17ha11197f8c52dd830E
                0x000000004021b1b8       0x14 bin/obj/rslib.a(core-dca77d77b03929cc.core.bbd04c23a4fa3c72-cgu.0.rcgu.o)
                0x000000004021b1b8                core::fmt::num::<impl core::fmt::LowerExp for u128>::fmt
 .text._ZN4core3fmt3num54_$LT$impl$u20$core..fmt..LowerHex$u20$for$u20$i128$GT$3fmt17hb7c2328b2927a7e4E
                0x000000004021b1cc       0x84 bin/obj/rslib.a(core-dca77d77b03929cc.core.bbd04c23a4fa3c72-cgu.0.rcgu.o)
                0x000000004021b1cc                core::fmt::num::<impl core::fmt::LowerHex for i128>::fmt
 .text._ZN4core3fmt3num54_$LT$impl$u20$core..fmt..LowerHex$u20$for$u20$u128$GT$3fmt17hb4c13cc4839c5400E
                0x000000004021b250       0x84 bin/obj/rslib.a(core-dca77d77b03929cc.core.bbd04c23a4fa3c72-cgu.0.rcgu.o)
                0x000000004021b250                core::fmt::num::<impl core::fmt::LowerHex for u128>::fmt
 .text._ZN4core3fmt3num54_$LT$impl$u20$core..fmt..UpperExp$u20$for$u20$i128$GT$3fmt17h5f34c241245c987fE
                0x000000004021b2d4       0x2c bin/obj/rslib.a(core-dca77d77b03929cc.core.bbd04c23a4fa3c72-cgu.0.rcgu.o)
                0x000000004021b2d4                core::fmt::num::<impl core::fmt::UpperExp for i128>::fmt
 .text._ZN4core3fmt3num54_$LT$impl$u20$core..fmt..UpperExp$u20$for$u20$u128$GT$3fmt17h6e59dbb5e808480cE
                0x000000004021b300       0x14 bin/obj/rslib.a(core-dca77d77b03929cc.core.bbd04c23a4fa3c72-cgu.0.rcgu.o)
                0x000000004021b300                core::fmt::num::<impl core::fmt::UpperExp for u128>::fmt
 .text._ZN4core3fmt3num54_$LT$impl$u20$core..fmt..UpperHex$u20$for$u20$i128$GT$3fmt17h37959fbc370fc230E
                0x000000004021b314       0x84 bin/obj/rslib.a(core-dca77d77b03929cc.core.bbd04c23a4fa3c72-cgu.0.rcgu.o)
                0x000000004021b314                core::fmt::num::<impl core::fmt::UpperHex for i128>::fmt
 .text._ZN4core3fmt3num54_$LT$impl$u20$core..fmt..UpperHex$u20$for$u20$u128$GT$3fmt17h631d1b7b37eac1b1E
                0x000000004021b398       0x84 bin/obj/rslib.a(core-dca77d77b03929cc.core.bbd04c23a4fa3c72-cgu.0.rcgu.o)
                0x000000004021b398                core::fmt::num::<impl core::fmt::UpperHex for u128>::fmt
 .text._ZN4core3fmt3num8exp_u12817h1e087a08c7e7821cE
                0x000000004021b41c      0x908 bin/obj/rslib.a(core-dca77d77b03929cc.core.bbd04c23a4fa3c72-cgu.0.rcgu.o)
 .text._ZN4core3fmt5Write10write_char17h6c9f62c53d255419E
                0x000000004021bd24      0x110 bin/obj/rslib.a(core-dca77d77b03929cc.core.bbd04c23a4fa3c72-cgu.0.rcgu.o)
 .text._ZN4core3fmt5Write10write_char17hab3113e5f50b8d55E
                0x000000004021be34      0x110 bin/obj/rslib.a(core-dca77d77b03929cc.core.bbd04c23a4fa3c72-cgu.0.rcgu.o)
 .text._ZN4core3fmt5Write10write_char17hafd2cc98f3cc0f9eE
                0x000000004021bf44      0x110 bin/obj/rslib.a(core-dca77d77b03929cc.core.bbd04c23a4fa3c72-cgu.0.rcgu.o)
 .text._ZN4core3fmt5Write10write_char17hafeca256d596fff5E
                0x000000004021c054      0x110 bin/obj/rslib.a(core-dca77d77b03929cc.core.bbd04c23a4fa3c72-cgu.0.rcgu.o)
 .text._ZN4core3fmt5Write9write_fmt17h520d20e91ea5545dE
                0x000000004021c164       0x10 bin/obj/rslib.a(core-dca77d77b03929cc.core.bbd04c23a4fa3c72-cgu.0.rcgu.o)
 .text._ZN4core3fmt5Write9write_fmt17h7c092140abd88642E
                0x000000004021c174       0x10 bin/obj/rslib.a(core-dca77d77b03929cc.core.bbd04c23a4fa3c72-cgu.0.rcgu.o)
 .text._ZN4core3fmt5Write9write_fmt17h95b21c1cd5581451E
                0x000000004021c184       0x10 bin/obj/rslib.a(core-dca77d77b03929cc.core.bbd04c23a4fa3c72-cgu.0.rcgu.o)
 .text._ZN4core3fmt5Write9write_fmt17h9e49c072d75e96bdE
                0x000000004021c194       0x10 bin/obj/rslib.a(core-dca77d77b03929cc.core.bbd04c23a4fa3c72-cgu.0.rcgu.o)
 .text._ZN4core3fmt5Write9write_fmt17hb1a75934f62025f1E
                0x000000004021c1a4       0x10 bin/obj/rslib.a(core-dca77d77b03929cc.core.bbd04c23a4fa3c72-cgu.0.rcgu.o)
 .text._ZN4core3fmt5float29float_to_decimal_common_exact17h0e50918e8fa3ee13E
                0x000000004021c1b4      0x330 bin/obj/rslib.a(core-dca77d77b03929cc.core.bbd04c23a4fa3c72-cgu.0.rcgu.o)
 .text._ZN4core3fmt5float29float_to_decimal_common_exact17hb9a2c5d04883627eE
                0x000000004021c4e4      0x32c bin/obj/rslib.a(core-dca77d77b03929cc.core.bbd04c23a4fa3c72-cgu.0.rcgu.o)
 .text._ZN4core3fmt5float29float_to_decimal_common_exact17hca083ab3e7c8879bE
                0x000000004021c810      0x330 bin/obj/rslib.a(core-dca77d77b03929cc.core.bbd04c23a4fa3c72-cgu.0.rcgu.o)
 .text._ZN4core3fmt5float32float_to_decimal_common_shortest17h0ceec187bec91d8aE
                0x000000004021cb40      0x274 bin/obj/rslib.a(core-dca77d77b03929cc.core.bbd04c23a4fa3c72-cgu.0.rcgu.o)
 .text._ZN4core3fmt5float32float_to_decimal_common_shortest17hccc6e50c18412f99E
                0x000000004021cdb4      0x270 bin/obj/rslib.a(core-dca77d77b03929cc.core.bbd04c23a4fa3c72-cgu.0.rcgu.o)
 .text._ZN4core3fmt5float32float_to_decimal_common_shortest17he31e808fe2c6de51E
                0x000000004021d024      0x274 bin/obj/rslib.a(core-dca77d77b03929cc.core.bbd04c23a4fa3c72-cgu.0.rcgu.o)
 .text._ZN4core3fmt5float33float_to_exponential_common_exact17h139f809f18339707E
                0x000000004021d298      0x364 bin/obj/rslib.a(core-dca77d77b03929cc.core.bbd04c23a4fa3c72-cgu.0.rcgu.o)
 .text._ZN4core3fmt5float33float_to_exponential_common_exact17h3b54b606a5e93c9aE
                0x000000004021d5fc      0x360 bin/obj/rslib.a(core-dca77d77b03929cc.core.bbd04c23a4fa3c72-cgu.0.rcgu.o)
 .text._ZN4core3fmt5float33float_to_exponential_common_exact17h72232f886c9338e7E
                0x000000004021d95c      0x364 bin/obj/rslib.a(core-dca77d77b03929cc.core.bbd04c23a4fa3c72-cgu.0.rcgu.o)
 .text._ZN4core3fmt5float36float_to_exponential_common_shortest17hd613faf6d122fffdE
                0x000000004021dcc0      0x324 bin/obj/rslib.a(core-dca77d77b03929cc.core.bbd04c23a4fa3c72-cgu.0.rcgu.o)
 .text._ZN4core3fmt5float36float_to_exponential_common_shortest17hd81e605b83b8c904E
                0x000000004021dfe4      0x324 bin/obj/rslib.a(core-dca77d77b03929cc.core.bbd04c23a4fa3c72-cgu.0.rcgu.o)
 .text._ZN4core3fmt5float36float_to_exponential_common_shortest17hf01e77856c0611c9E
                0x000000004021e308      0x320 bin/obj/rslib.a(core-dca77d77b03929cc.core.bbd04c23a4fa3c72-cgu.0.rcgu.o)
 .text._ZN4core3fmt5float50_$LT$impl$u20$core..fmt..Debug$u20$for$u20$f16$GT$3fmt17h98073eaa521987d1E
                0x000000004021e628       0x84 bin/obj/rslib.a(core-dca77d77b03929cc.core.bbd04c23a4fa3c72-cgu.0.rcgu.o)
                0x000000004021e628                core::fmt::float::<impl core::fmt::Debug for f16>::fmt
 .text._ZN4core3fmt5float50_$LT$impl$u20$core..fmt..Debug$u20$for$u20$f32$GT$3fmt17h356a0d769d6699d8E
                0x000000004021e6ac       0x78 bin/obj/rslib.a(core-dca77d77b03929cc.core.bbd04c23a4fa3c72-cgu.0.rcgu.o)
                0x000000004021e6ac                core::fmt::float::<impl core::fmt::Debug for f32>::fmt
 .text._ZN4core3fmt5float50_$LT$impl$u20$core..fmt..Debug$u20$for$u20$f64$GT$3fmt17hf05e6bf68a96b818E
                0x000000004021e724       0x70 bin/obj/rslib.a(core-dca77d77b03929cc.core.bbd04c23a4fa3c72-cgu.0.rcgu.o)
                0x000000004021e724                core::fmt::float::<impl core::fmt::Debug for f64>::fmt
 .text._ZN4core3fmt5float52_$LT$impl$u20$core..fmt..Display$u20$for$u20$f16$GT$3fmt17h99e2214d9239d00dE
                0x000000004021e794       0x2c bin/obj/rslib.a(core-dca77d77b03929cc.core.bbd04c23a4fa3c72-cgu.0.rcgu.o)
                0x000000004021e794                core::fmt::float::<impl core::fmt::Display for f16>::fmt
 .text._ZN4core3fmt5float52_$LT$impl$u20$core..fmt..Display$u20$for$u20$f32$GT$3fmt17h65e0a609525384cfE
                0x000000004021e7c0       0x2c bin/obj/rslib.a(core-dca77d77b03929cc.core.bbd04c23a4fa3c72-cgu.0.rcgu.o)
                0x000000004021e7c0                core::fmt::float::<impl core::fmt::Display for f32>::fmt
 .text._ZN4core3fmt5float52_$LT$impl$u20$core..fmt..Display$u20$for$u20$f64$GT$3fmt17he0314ea48bfe4fd0E
                0x000000004021e7ec       0x2c bin/obj/rslib.a(core-dca77d77b03929cc.core.bbd04c23a4fa3c72-cgu.0.rcgu.o)
                0x000000004021e7ec                core::fmt::float::<impl core::fmt::Display for f64>::fmt
 .text._ZN4core3fmt5float53_$LT$impl$u20$core..fmt..LowerExp$u20$for$u20$f16$GT$3fmt17h32eae0d8e61a65e8E
                0x000000004021e818       0x38 bin/obj/rslib.a(core-dca77d77b03929cc.core.bbd04c23a4fa3c72-cgu.0.rcgu.o)
                0x000000004021e818                core::fmt::float::<impl core::fmt::LowerExp for f16>::fmt
 .text._ZN4core3fmt5float53_$LT$impl$u20$core..fmt..LowerExp$u20$for$u20$f32$GT$3fmt17h48c202800b407b9eE
                0x000000004021e850       0x38 bin/obj/rslib.a(core-dca77d77b03929cc.core.bbd04c23a4fa3c72-cgu.0.rcgu.o)
                0x000000004021e850                core::fmt::float::<impl core::fmt::LowerExp for f32>::fmt
 .text._ZN4core3fmt5float53_$LT$impl$u20$core..fmt..LowerExp$u20$for$u20$f64$GT$3fmt17h12fcc30f7b05009fE
                0x000000004021e888       0x38 bin/obj/rslib.a(core-dca77d77b03929cc.core.bbd04c23a4fa3c72-cgu.0.rcgu.o)
                0x000000004021e888                core::fmt::float::<impl core::fmt::LowerExp for f64>::fmt
 .text._ZN4core3fmt5float53_$LT$impl$u20$core..fmt..UpperExp$u20$for$u20$f16$GT$3fmt17h83654050f23ca0ecE
                0x000000004021e8c0       0x38 bin/obj/rslib.a(core-dca77d77b03929cc.core.bbd04c23a4fa3c72-cgu.0.rcgu.o)
                0x000000004021e8c0                core::fmt::float::<impl core::fmt::UpperExp for f16>::fmt
 .text._ZN4core3fmt5float53_$LT$impl$u20$core..fmt..UpperExp$u20$for$u20$f32$GT$3fmt17haac13dd2190c86bbE
                0x000000004021e8f8       0x38 bin/obj/rslib.a(core-dca77d77b03929cc.core.bbd04c23a4fa3c72-cgu.0.rcgu.o)
                0x000000004021e8f8                core::fmt::float::<impl core::fmt::UpperExp for f32>::fmt
 .text._ZN4core3fmt5float53_$LT$impl$u20$core..fmt..UpperExp$u20$for$u20$f64$GT$3fmt17hb5db0cd4a81cbe98E
                0x000000004021e930       0x38 bin/obj/rslib.a(core-dca77d77b03929cc.core.bbd04c23a4fa3c72-cgu.0.rcgu.o)
                0x000000004021e930                core::fmt::float::<impl core::fmt::UpperExp for f64>::fmt
 .text._ZN4core3fmt5write17h698d48d1740424bfE
                0x000000004021e968      0x1fc bin/obj/rslib.a(core-dca77d77b03929cc.core.bbd04c23a4fa3c72-cgu.0.rcgu.o)
                0x000000004021e968                core::fmt::write
 .text._ZN4core3fmt8builders10DebugTuple21finish_non_exhaustive17hd2c31e03f38e3753E
                0x000000004021eb64       0xd8 bin/obj/rslib.a(core-dca77d77b03929cc.core.bbd04c23a4fa3c72-cgu.0.rcgu.o)
                0x000000004021eb64                core::fmt::builders::DebugTuple::finish_non_exhaustive
 .text._ZN4core3fmt8builders10DebugTuple5field17h0c3dc53d82f7d67cE
                0x000000004021ec3c      0x148 bin/obj/rslib.a(core-dca77d77b03929cc.core.bbd04c23a4fa3c72-cgu.0.rcgu.o)
                0x000000004021ec3c                core::fmt::builders::DebugTuple::field
 .text._ZN4core3fmt8builders10DebugTuple6finish17he2f6749e23997c91E
                0x000000004021ed84       0xb4 bin/obj/rslib.a(core-dca77d77b03929cc.core.bbd04c23a4fa3c72-cgu.0.rcgu.o)
                0x000000004021ed84                core::fmt::builders::DebugTuple::finish
 .text._ZN4core3fmt8builders10PadAdapter4wrap17h0aa4106c3af43afeE
                0x000000004021ee38       0x4c bin/obj/rslib.a(core-dca77d77b03929cc.core.bbd04c23a4fa3c72-cgu.0.rcgu.o)
                0x000000004021ee38                core::fmt::builders::PadAdapter::wrap
 .text._ZN4core3fmt8builders11DebugStruct21finish_non_exhaustive17h9d430e37bcaaaa21E
                0x000000004021ee84       0xdc bin/obj/rslib.a(core-dca77d77b03929cc.core.bbd04c23a4fa3c72-cgu.0.rcgu.o)
                0x000000004021ee84                core::fmt::builders::DebugStruct::finish_non_exhaustive
 .text._ZN4core3fmt8builders11DebugStruct5field17hdd0b0d168b5ab83eE
                0x000000004021ef60      0x1bc bin/obj/rslib.a(core-dca77d77b03929cc.core.bbd04c23a4fa3c72-cgu.0.rcgu.o)
                0x000000004021ef60                core::fmt::builders::DebugStruct::field
 .text._ZN4core3fmt8builders11DebugStruct6finish17h3c820a47c4c345e7E
                0x000000004021f11c       0x78 bin/obj/rslib.a(core-dca77d77b03929cc.core.bbd04c23a4fa3c72-cgu.0.rcgu.o)
                0x000000004021f11c                core::fmt::builders::DebugStruct::finish
 .text._ZN4core3fmt8builders8DebugMap21finish_non_exhaustive17hc6fb43df59fedc4eE
                0x000000004021f194      0x110 bin/obj/rslib.a(core-dca77d77b03929cc.core.bbd04c23a4fa3c72-cgu.0.rcgu.o)
                0x000000004021f194                core::fmt::builders::DebugMap::finish_non_exhaustive
 .text._ZN4core3fmt8builders8DebugMap3key17h8e51fdb022aefab0E
                0x000000004021f2a4      0x1a4 bin/obj/rslib.a(core-dca77d77b03929cc.core.bbd04c23a4fa3c72-cgu.0.rcgu.o)
                0x000000004021f2a4                core::fmt::builders::DebugMap::key
 .text._ZN4core3fmt8builders8DebugMap5entry17he1feed0c379d3c1cE
                0x000000004021f448      0x120 bin/obj/rslib.a(core-dca77d77b03929cc.core.bbd04c23a4fa3c72-cgu.0.rcgu.o)
                0x000000004021f448                core::fmt::builders::DebugMap::entry
 .text._ZN4core3fmt8builders8DebugMap5value17h88128e8e16e24ffbE
                0x000000004021f568      0x110 bin/obj/rslib.a(core-dca77d77b03929cc.core.bbd04c23a4fa3c72-cgu.0.rcgu.o)
                0x000000004021f568                core::fmt::builders::DebugMap::value
 .text._ZN4core3fmt8builders8DebugMap6finish17he33286f7a29097f0E
                0x000000004021f678       0x98 bin/obj/rslib.a(core-dca77d77b03929cc.core.bbd04c23a4fa3c72-cgu.0.rcgu.o)
                0x000000004021f678                core::fmt::builders::DebugMap::finish
 .text._ZN4core3fmt8builders8DebugSet21finish_non_exhaustive17h77a51a6c8f58b960E
                0x000000004021f710       0xdc bin/obj/rslib.a(core-dca77d77b03929cc.core.bbd04c23a4fa3c72-cgu.0.rcgu.o)
                0x000000004021f710                core::fmt::builders::DebugSet::finish_non_exhaustive
 .text._ZN4core3fmt8builders8DebugSet5entry17hbdd9c66ace52c39bE
                0x000000004021f7ec      0x144 bin/obj/rslib.a(core-dca77d77b03929cc.core.bbd04c23a4fa3c72-cgu.0.rcgu.o)
                0x000000004021f7ec                core::fmt::builders::DebugList::entry
                0x000000004021f7ec                core::fmt::builders::DebugSet::entry
 .text._ZN4core3fmt8builders8DebugSet6finish17hfa9ca6d659acc04eE
                0x000000004021f930       0x58 bin/obj/rslib.a(core-dca77d77b03929cc.core.bbd04c23a4fa3c72-cgu.0.rcgu.o)
                0x000000004021f930                core::fmt::builders::DebugSet::finish
 .text._ZN4core3fmt8builders9DebugList21finish_non_exhaustive17hcf32429ba4066729E
                0x000000004021f988      0x104 bin/obj/rslib.a(core-dca77d77b03929cc.core.bbd04c23a4fa3c72-cgu.0.rcgu.o)
                0x000000004021f988                core::fmt::builders::DebugList::finish_non_exhaustive
 .text._ZN4core3fmt8builders9DebugList6finish17h28c375beadc9f2e6E
                0x000000004021fa8c       0x58 bin/obj/rslib.a(core-dca77d77b03929cc.core.bbd04c23a4fa3c72-cgu.0.rcgu.o)
                0x000000004021fa8c                core::fmt::builders::DebugList::finish
 .text._ZN4core3fmt9Formatter10debug_list17h922c86ffd02232baE
                0x000000004021fae4       0x44 bin/obj/rslib.a(core-dca77d77b03929cc.core.bbd04c23a4fa3c72-cgu.0.rcgu.o)
                0x000000004021fae4                core::fmt::Formatter::debug_list
 .text._ZN4core3fmt9Formatter11debug_tuple17h2e2a7ba79609056eE
                0x000000004021fb28       0x4c bin/obj/rslib.a(core-dca77d77b03929cc.core.bbd04c23a4fa3c72-cgu.0.rcgu.o)
                0x000000004021fb28                core::fmt::Formatter::debug_tuple
 .text._ZN4core3fmt9Formatter12debug_struct17hdbd72ad4649c9f7bE
                0x000000004021fb74       0x38 bin/obj/rslib.a(core-dca77d77b03929cc.core.bbd04c23a4fa3c72-cgu.0.rcgu.o)
                0x000000004021fb74                core::fmt::Formatter::debug_struct
 .text._ZN4core3fmt9Formatter12pad_integral12write_prefix17h569d1cc329869993E
                0x000000004021fbac       0x88 bin/obj/rslib.a(core-dca77d77b03929cc.core.bbd04c23a4fa3c72-cgu.0.rcgu.o)
 .text._ZN4core3fmt9Formatter12pad_integral17h28f403dc3cbb6acbE
                0x000000004021fc34      0x49c bin/obj/rslib.a(core-dca77d77b03929cc.core.bbd04c23a4fa3c72-cgu.0.rcgu.o)
                0x000000004021fc34                core::fmt::Formatter::pad_integral
 .text._ZN4core3fmt9Formatter19pad_formatted_parts17h96499d19d5990aafE
                0x00000000402200d0      0x250 bin/obj/rslib.a(core-dca77d77b03929cc.core.bbd04c23a4fa3c72-cgu.0.rcgu.o)
 .text._ZN4core3fmt9Formatter21write_formatted_parts17hee9cfe33ec2a9653E
                0x0000000040220320      0x210 bin/obj/rslib.a(core-dca77d77b03929cc.core.bbd04c23a4fa3c72-cgu.0.rcgu.o)
 .text._ZN4core3fmt9Formatter25debug_tuple_field1_finish17he4e9ba36a234a2f9E
                0x0000000040220530      0x160 bin/obj/rslib.a(core-dca77d77b03929cc.core.bbd04c23a4fa3c72-cgu.0.rcgu.o)
                0x0000000040220530                core::fmt::Formatter::debug_tuple_field1_finish
 .text._ZN4core3fmt9Formatter25debug_tuple_field2_finish17habc8be0986eba553E
                0x0000000040220690      0x1f8 bin/obj/rslib.a(core-dca77d77b03929cc.core.bbd04c23a4fa3c72-cgu.0.rcgu.o)
                0x0000000040220690                core::fmt::Formatter::debug_tuple_field2_finish
 .text._ZN4core3fmt9Formatter25debug_tuple_field3_finish17h4762807e2b53284eE
                0x0000000040220888      0x2ac bin/obj/rslib.a(core-dca77d77b03929cc.core.bbd04c23a4fa3c72-cgu.0.rcgu.o)
                0x0000000040220888                core::fmt::Formatter::debug_tuple_field3_finish
 .text._ZN4core3fmt9Formatter25debug_tuple_field4_finish17hc976f9a215e887dfE
                0x0000000040220b34      0x35c bin/obj/rslib.a(core-dca77d77b03929cc.core.bbd04c23a4fa3c72-cgu.0.rcgu.o)
                0x0000000040220b34                core::fmt::Formatter::debug_tuple_field4_finish
 .text._ZN4core3fmt9Formatter25debug_tuple_field5_finish17h2b760394f14de004E
                0x0000000040220e90      0x40c bin/obj/rslib.a(core-dca77d77b03929cc.core.bbd04c23a4fa3c72-cgu.0.rcgu.o)
                0x0000000040220e90                core::fmt::Formatter::debug_tuple_field5_finish
 .text._ZN4core3fmt9Formatter25debug_tuple_fields_finish17h52d38fd0790b5216E
                0x000000004022129c      0x290 bin/obj/rslib.a(core-dca77d77b03929cc.core.bbd04c23a4fa3c72-cgu.0.rcgu.o)
                0x000000004022129c                core::fmt::Formatter::debug_tuple_fields_finish
 .text._ZN4core3fmt9Formatter26debug_struct_field1_finish17ha222e10f7e4885b3E
                0x000000004022152c       0xc8 bin/obj/rslib.a(core-dca77d77b03929cc.core.bbd04c23a4fa3c72-cgu.0.rcgu.o)
                0x000000004022152c                core::fmt::Formatter::debug_struct_field1_finish
 .text._ZN4core3fmt9Formatter26debug_struct_field2_finish17h8d9ba6dd7a0207ecE
                0x00000000402215f4       0xfc bin/obj/rslib.a(core-dca77d77b03929cc.core.bbd04c23a4fa3c72-cgu.0.rcgu.o)
                0x00000000402215f4                core::fmt::Formatter::debug_struct_field2_finish