Archive member included to satisfy reference by file (symbol)

bin/obj/rslib.a(imx8mp_kernel-d04bdacbb24302de.imx8mp_kernel.6f56ecdf942cbc9a-cgu.0.rcgu.o)
                              bin/obj/drivers/uart/uart.o (UART_txbuf_push)
bin/obj/rslib.a(core-9bc28a7f9131c3bd.core.d226853cd57cf678-cgu.0.rcgu.o)
                              bin/obj/rslib.a(imx8mp_kernel-d04bdacbb24302de.imx8mp_kernel.6f56ecdf942cbc9a-cgu.0.rcgu.o) (core::panicking::panic_bounds_check)
bin/obj/rslib.a(compiler_builtins-f062c31c443b6323.compiler_builtins.9d65875af80bedf9-cgu.155.rcgu.o)
                              bin/obj/drivers/arm_generic_timer/arm_generic_timer.o (__udivti3)
bin/obj/rslib.a(compiler_builtins-f062c31c443b6323.compiler_builtins.9d65875af80bedf9-cgu.167.rcgu.o)
                              bin/obj/rslib.a(core-9bc28a7f9131c3bd.core.d226853cd57cf678-cgu.0.rcgu.o) (memcmp)
bin/obj/rslib.a(compiler_builtins-f062c31c443b6323.compiler_builtins.9d65875af80bedf9-cgu.195.rcgu.o)
                              bin/obj/rslib.a(core-9bc28a7f9131c3bd.core.d226853cd57cf678-cgu.0.rcgu.o) (memset)
bin/obj/rslib.a(compiler_builtins-f062c31c443b6323.compiler_builtins.9d65875af80bedf9-cgu.254.rcgu.o)
                              bin/obj/rslib.a(imx8mp_kernel-d04bdacbb24302de.imx8mp_kernel.6f56ecdf942cbc9a-cgu.0.rcgu.o) (memcpy)
bin/obj/rslib.a(compiler_builtins-f062c31c443b6323.compiler_builtins.9d65875af80bedf9-cgu.010.rcgu.o)
                              bin/obj/rslib.a(compiler_builtins-f062c31c443b6323.compiler_builtins.9d65875af80bedf9-cgu.155.rcgu.o) (compiler_builtins::int::specialized_div_rem::u128_div_rem)

Discarded input sections

 .llvmbc        0x0000000000000000   0x144a54 bin/obj/rslib.a(core-9bc28a7f9131c3bd.core.d226853cd57cf678-cgu.0.rcgu.o)
 .llvmcmd       0x0000000000000000        0x0 bin/obj/rslib.a(core-9bc28a7f9131c3bd.core.d226853cd57cf678-cgu.0.rcgu.o)
 .llvmbc        0x0000000000000000      0xbe0 bin/obj/rslib.a(compiler_builtins-f062c31c443b6323.compiler_builtins.9d65875af80bedf9-cgu.155.rcgu.o)
 .llvmcmd       0x0000000000000000        0x0 bin/obj/rslib.a(compiler_builtins-f062c31c443b6323.compiler_builtins.9d65875af80bedf9-cgu.155.rcgu.o)
 .llvmbc        0x0000000000000000      0xbd4 bin/obj/rslib.a(compiler_builtins-f062c31c443b6323.compiler_builtins.9d65875af80bedf9-cgu.167.rcgu.o)
 .llvmcmd       0x0000000000000000        0x0 bin/obj/rslib.a(compiler_builtins-f062c31c443b6323.compiler_builtins.9d65875af80bedf9-cgu.167.rcgu.o)
 .llvmbc        0x0000000000000000      0xbd0 bin/obj/rslib.a(compiler_builtins-f062c31c443b6323.compiler_builtins.9d65875af80bedf9-cgu.195.rcgu.o)
 .llvmcmd       0x0000000000000000        0x0 bin/obj/rslib.a(compiler_builtins-f062c31c443b6323.compiler_builtins.9d65875af80bedf9-cgu.195.rcgu.o)
 .llvmbc        0x0000000000000000      0xbd0 bin/obj/rslib.a(compiler_builtins-f062c31c443b6323.compiler_builtins.9d65875af80bedf9-cgu.254.rcgu.o)
 .llvmcmd       0x0000000000000000        0x0 bin/obj/rslib.a(compiler_builtins-f062c31c443b6323.compiler_builtins.9d65875af80bedf9-cgu.254.rcgu.o)
 .llvmbc        0x0000000000000000     0x2d54 bin/obj/rslib.a(compiler_builtins-f062c31c443b6323.compiler_builtins.9d65875af80bedf9-cgu.010.rcgu.o)
 .llvmcmd       0x0000000000000000        0x0 bin/obj/rslib.a(compiler_builtins-f062c31c443b6323.compiler_builtins.9d65875af80bedf9-cgu.010.rcgu.o)

Memory Configuration

Name             Origin             Length             Attributes
*default*        0x0000000000000000 0xffffffffffffffff

Linker script and memory map

                0x0000000040000000                . = 0x40000000

.text           0x0000000040000000    0x2c040
                0x0000000040000000                __text_start = .
 *(.text.boot)
 .text.boot     0x0000000040000000       0x40 bin/obj/__boot/boot.o
                0x0000000040000000                _start
 *(.text*)
 .text          0x0000000040000040       0x40 bin/obj/__arm/cache/cache.o
                0x0000000040000040                _cache_flush_range
 .text          0x0000000040000080       0x3c bin/obj/__arm/cache/icache.o
                0x0000000040000080                _icache_flush_range
 .text          0x00000000400000bc       0x3c bin/obj/__arm/cache/dcache.o
                0x00000000400000bc                _dcache_flush_range
 *fill*         0x00000000400000f8        0x8 
 .text          0x0000000040000100      0x114 bin/obj/__arm/sysregs/arm_generic_timer.o
                0x0000000040000100                _ARM_CNTFRQ_EL0_set
                0x000000004000010c                _ARM_CNTFRQ_EL0_get
                0x0000000040000114                _ARM_CNTPCT_EL0_get
                0x000000004000011c                _ARM_CNTVCT_EL0_get
                0x0000000040000124                _ARM_CNTP_CTL_EL0_set
                0x0000000040000130                _ARM_CNTP_CTL_EL0_get
                0x0000000040000138                _ARM_CNTP_CVAL_EL0_set
                0x0000000040000144                _ARM_CNTP_CVAL_EL0_get
                0x000000004000014c                _ARM_CNTP_TVAL_EL0_set
                0x0000000040000158                _ARM_CNTP_TVAL_EL0_get
                0x0000000040000160                _ARM_CNTV_CTL_EL0_set
                0x000000004000016c                _ARM_CNTV_CTL_EL0_get
                0x0000000040000174                _ARM_CNTV_CVAL_EL0_set
                0x0000000040000180                _ARM_CNTV_CVAL_EL0_get
                0x0000000040000188                _ARM_CNTV_TVAL_EL0_set
                0x0000000040000194                _ARM_CNTV_TVAL_EL0_get
                0x000000004000019c                _ARM_CNTKCTL_EL1_set
                0x00000000400001a8                _ARM_CNTKCTL_EL1_get
                0x00000000400001b0                _ARM_CNTHCTL_EL2_set
                0x00000000400001bc                _ARM_CNTHCTL_EL2_get
                0x00000000400001c4                _ARM_CNTVOFF_EL2_set
                0x00000000400001d0                _ARM_CNTVOFF_EL2_get
                0x00000000400001d8                _ARM_CNTPS_CTL_EL1_set
                0x00000000400001e4                _ARM_CNTPS_CTL_EL1_get
                0x00000000400001ec                _ARM_CNTPS_CVAL_EL1_set
                0x00000000400001f8                _ARM_CNTPS_CVAL_EL1_get
                0x0000000040000200                _ARM_CNTPS_TVAL_EL1_set
                0x000000004000020c                _ARM_CNTPS_TVAL_EL1_get
 .text          0x0000000040000214       0x74 bin/obj/__arm/sysregs/sysregs.o
                0x0000000040000214                _ARM_currentEL
                0x0000000040000220                _ARM_MPIDR_EL1
                0x0000000040000228                _ARM_ICC_SRE_EL2
                0x0000000040000230                _ARM_HCR_EL2
                0x0000000040000238                _ARM_ESR_EL2
                0x0000000040000240                _ARM_ELR_EL2
                0x0000000040000248                _ARM_FAR_EL2
                0x0000000040000250                _ARM_SPSR_EL2
                0x0000000040000258                _ARM_ESR_EL1
                0x0000000040000260                _ARM_ELR_EL1
                0x0000000040000268                _ARM_FAR_EL1
                0x0000000040000270                _ARM_SPSR_EL1
                0x0000000040000278                _ARM_SCTLR_EL1
                0x0000000040000280                _ARM_SCTLR_EL2
 *fill*         0x0000000040000288      0x578 
 .text          0x0000000040000800     0x1100 bin/obj/__arm/exceptions/el2_vectors.o
                0x0000000040000800                _el2_init_vector
 .text          0x0000000040001900       0x68 bin/obj/__arm/exceptions/exceptions.o
                0x0000000040001900                _exceptions_get_DAIF
                0x0000000040001908                _fiq_exceptions_enable
                0x0000000040001914                _irq_exceptions_enable
                0x0000000040001920                _serror_exceptions_enable
                0x000000004000192c                _debug_exceptions_enable
                0x0000000040001938                _fiq_exceptions_disable
                0x0000000040001944                _irq_exceptions_disable
                0x0000000040001950                _serror_exceptions_disable
                0x000000004000195c                _debug_exceptions_disable
 *fill*         0x0000000040001968      0x698 
 .text          0x0000000040002000     0x1100 bin/obj/__arm/exceptions/el1_vectors.o
                0x0000000040002000                _el1_init_vector
 .text          0x0000000040003100      0x250 bin/obj/__lib/memcpy/memcpy.o
                0x0000000040003100                _memcpy
                0x0000000040003210                _memcpy64
                0x0000000040003240                _memcpy32
                0x0000000040003270                _memcpy16
                0x00000000400032a0                _memcpy8
                0x00000000400032d0                _memcpy4
                0x0000000040003300                _memcpy2
                0x0000000040003330                _memcpy1
 .text          0x0000000040003350       0x3c bin/obj/__lib/lock/spinlock_irq.o
                0x0000000040003350                _spin_lock_irqsave
                0x000000004000336c                _spin_unlock_irqrestore
 *fill*         0x000000004000338c        0x4 
 .text          0x0000000040003390       0x14 bin/obj/__lib/lock/irqlock.o
                0x0000000040003390                _irq_lock
                0x000000004000339c                _irq_unlock
 *fill*         0x00000000400033a4        0xc 
 .text          0x00000000400033b0       0x68 bin/obj/__lib/lock/spinlock.o
                0x00000000400033b0                _spin_try_lock
                0x00000000400033d8                _spin_lock
                0x00000000400033f8                _spin_unlock
 .text          0x0000000040003418       0x58 bin/obj/__boot/clean_bss.o
                0x0000000040003418                _clean_bss
 .text          0x0000000040003470        0x0 bin/obj/__boot/boot.o
 .text          0x0000000040003470       0xc0 bin/obj/__boot/el1.o
                0x0000000040003470                _switch_to_el1
                0x00000000400034e0                _el1_entry
 .text          0x0000000040003530       0x68 bin/obj/__boot/panic/panic.o
                0x0000000040003530                _panic_exception_save_gpr
 *fill*         0x0000000040003598        0x8 
 .text          0x00000000400035a0        0x8 bin/obj/__drivers/tmu/tmu_critical_default.o
                0x00000000400035a0                _TMU_critical_hang
 *fill*         0x00000000400035a8        0x8 
 .text          0x00000000400035b0       0x3c bin/obj/__drivers/interrupts/gicv3/gicv3_arm_interface.o
                0x00000000400035b0                _GICV3_ARM_ICC_SRE_EL1_write
                0x00000000400035bc                _GICV3_ARM_ICC_PMR_EL1_write
                0x00000000400035c8                _GICV3_ARM_ICC_PMR_EL1_read
                0x00000000400035d0                _GICV3_ARM_ICC_IGRPEN1_EL1_write
                0x00000000400035dc                _GICV3_ARM_ICC_IAR1_EL1_read
                0x00000000400035e4                _GICV3_ARM_ICC_EOIR1_EL1_write
 .text          0x00000000400035ec      0x210 bin/obj/kernel/irq/irq.o
                0x00000000400037b0                kernel_handle_irq
 .text          0x00000000400037fc        0x0 bin/obj/kernel/devices/drivers.o
 .text          0x00000000400037fc      0x180 bin/obj/kernel/init/init_drivers.o
 .text          0x000000004000397c      0x128 bin/obj/kernel/init/init.o
                0x000000004000397c                kernel_init
 .text          0x0000000040003aa4        0x0 bin/obj/kernel/malloc/buddy_allocator.o
 .text          0x0000000040003aa4      0x164 bin/obj/kernel/kernel_entry.o
                0x0000000040003b28                kernel_entry
 .text          0x0000000040003c08       0x58 bin/obj/arm/cpu.o
                0x0000000040003c08                ARM_get_cpu_affinity
 .text          0x0000000040003c60       0x54 bin/obj/arm/exceptions/handlers/el1/el1_cur_sp0_fiq.o
                0x0000000040003c60                el1_cur_sp0_fiq_handler
 .text          0x0000000040003cb4       0x54 bin/obj/arm/exceptions/handlers/el1/el1_low_a32_serror.o
                0x0000000040003cb4                el1_low_a32_serror_handler
 .text          0x0000000040003d08       0x54 bin/obj/arm/exceptions/handlers/el1/el1_low_a32_fiq.o
                0x0000000040003d08                el1_low_a32_fiq_handler
 .text          0x0000000040003d5c       0x54 bin/obj/arm/exceptions/handlers/el1/el1_low_a64_sync.o
                0x0000000040003d5c                el1_low_a64_sync_handler
 .text          0x0000000040003db0       0x54 bin/obj/arm/exceptions/handlers/el1/el1_cur_spx_sync.o
                0x0000000040003db0                el1_cur_spx_sync_handler
 .text          0x0000000040003e04       0x54 bin/obj/arm/exceptions/handlers/el1/el1_cur_spx_fiq.o
                0x0000000040003e04                el1_cur_spx_fiq_handler
 .text          0x0000000040003e58       0x2c bin/obj/arm/exceptions/handlers/el1/el1_cur_spx_irq.o
                0x0000000040003e58                el1_cur_spx_irq_handler
 .text          0x0000000040003e84       0x54 bin/obj/arm/exceptions/handlers/el1/el1_cur_spx_serror.o
                0x0000000040003e84                el1_cur_spx_serror_handler
 .text          0x0000000040003ed8       0x54 bin/obj/arm/exceptions/handlers/el1/el1_low_a32_irq.o
                0x0000000040003ed8                el1_low_a32_irq_handler
 .text          0x0000000040003f2c       0x54 bin/obj/arm/exceptions/handlers/el1/el1_low_a64_fiq.o
                0x0000000040003f2c                el1_low_a64_fiq_handler
 .text          0x0000000040003f80       0x54 bin/obj/arm/exceptions/handlers/el1/el1_low_a64_irq.o
                0x0000000040003f80                el1_low_a64_irq_handler
 .text          0x0000000040003fd4       0x54 bin/obj/arm/exceptions/handlers/el1/el1_cur_sp0_sync.o
                0x0000000040003fd4                el1_cur_sp0_sync_handler
 .text          0x0000000040004028       0x54 bin/obj/arm/exceptions/handlers/el1/el1_cur_sp0_irq.o
                0x0000000040004028                el1_cur_sp0_irq_handler
 .text          0x000000004000407c       0x54 bin/obj/arm/exceptions/handlers/el1/el1_low_a64_serror.o
                0x000000004000407c                el1_low_a64_serror_handler
 .text          0x00000000400040d0       0x54 bin/obj/arm/exceptions/handlers/el1/el1_low_a32_sync.o
                0x00000000400040d0                el1_low_a32_sync_handler
 .text          0x0000000040004124       0x54 bin/obj/arm/exceptions/handlers/el1/el1_cur_sp0_serror.o
                0x0000000040004124                el1_cur_sp0_serror_handler
 .text          0x0000000040004178       0x54 bin/obj/arm/exceptions/handlers/el2/el2_low_a32_serror.o
                0x0000000040004178                el2_low_a32_serror_handler
 .text          0x00000000400041cc       0x54 bin/obj/arm/exceptions/handlers/el2/el2_cur_spx_serror.o
                0x00000000400041cc                el2_cur_spx_serror_handler
 .text          0x0000000040004220       0x54 bin/obj/arm/exceptions/handlers/el2/el2_low_a64_serror.o
                0x0000000040004220                el2_low_a64_serror_handler
 .text          0x0000000040004274       0x54 bin/obj/arm/exceptions/handlers/el2/el2_low_a64_sync.o
                0x0000000040004274                el2_low_a64_sync_handler
 .text          0x00000000400042c8       0x54 bin/obj/arm/exceptions/handlers/el2/el2_cur_sp0_irq.o
                0x00000000400042c8                el2_cur_sp0_irq_handler
 .text          0x000000004000431c       0x54 bin/obj/arm/exceptions/handlers/el2/el2_cur_sp0_serror.o
                0x000000004000431c                el2_cur_sp0_serror_handler
 .text          0x0000000040004370       0x54 bin/obj/arm/exceptions/handlers/el2/el2_low_a64_irq.o
                0x0000000040004370                el2_low_a64_irq_handler
 .text          0x00000000400043c4       0x54 bin/obj/arm/exceptions/handlers/el2/el2_low_a64_fiq.o
                0x00000000400043c4                el2_low_a64_fiq_handler
 .text          0x0000000040004418       0x54 bin/obj/arm/exceptions/handlers/el2/el2_cur_spx_fiq.o
                0x0000000040004418                el2_cur_spx_fiq_handler
 .text          0x000000004000446c       0x54 bin/obj/arm/exceptions/handlers/el2/el2_low_a32_irq.o
                0x000000004000446c                el2_low_a32_irq_handler
 .text          0x00000000400044c0       0x54 bin/obj/arm/exceptions/handlers/el2/el2_cur_sp0_fiq.o
                0x00000000400044c0                el2_cur_sp0_fiq_handler
 .text          0x0000000040004514       0x54 bin/obj/arm/exceptions/handlers/el2/el2_low_a32_fiq.o
                0x0000000040004514                el2_low_a32_fiq_handler
 .text          0x0000000040004568       0x54 bin/obj/arm/exceptions/handlers/el2/el2_cur_spx_sync.o
                0x0000000040004568                el2_cur_spx_sync_handler
 .text          0x00000000400045bc       0x54 bin/obj/arm/exceptions/handlers/el2/el2_low_a32_sync.o
                0x00000000400045bc                el2_low_a32_sync_handler
 .text          0x0000000040004610       0x54 bin/obj/arm/exceptions/handlers/el2/el2_cur_sp0_sync.o
                0x0000000040004610                el2_cur_sp0_sync_handler
 .text          0x0000000040004664       0x54 bin/obj/arm/exceptions/handlers/el2/el2_cur_spx_irq.o
                0x0000000040004664                el2_cur_spx_irq_handler
 .text          0x00000000400046b8      0x2ac bin/obj/arm/exceptions/exceptions.o
                0x00000000400046b8                ARM_exceptions_get_status
                0x000000004000474c                ARM_exceptions_set_status
                0x0000000040004868                ARM_exceptions_enable
                0x00000000400048dc                ARM_exceptions_disable
                0x0000000040004950                ARM_get_exception_level
 .text          0x0000000040004964      0x7ec bin/obj/lib/string.o
                0x0000000040004964                strcopy
                0x00000000400049f8                uint8_to_ascii_char
                0x0000000040004a70                stdint_to_ascii
 .text          0x0000000040005150      0x42c bin/obj/lib/memcpy/memcpy.o
                0x0000000040005150                memcpy64_aligned
                0x00000000400052a4                memcpy64
                0x0000000040005340                test_memcpy
 .text          0x000000004000557c      0x794 bin/obj/boot/panic/panic.o
                0x00000000400055cc                init_panic
                0x00000000400056d4                set_panic
                0x0000000040005754                panic
                0x0000000040005904                set_and_throw_panic
 .text          0x0000000040005d10      0x790 bin/obj/drivers/arm_generic_timer/arm_generic_timer.o
                0x0000000040005d10                AGT_ns_to_cycles
                0x0000000040005dbc                AGT_us_to_cycles
                0x0000000040005e5c                AGT_cnt_cycles
                0x0000000040005e70                AGT_cnt_freq
                0x0000000040005e84                AGT_cnt_time_ns
                0x0000000040005eec                AGT_cnt_time_us
                0x0000000040005fe8                AGT_timer_schedule_cycles
                0x00000000400060d8                AGT_timer_schedule_delta
                0x00000000400061e8                AGT_timer_is_armed
                0x0000000040006244                AGT_timer_has_fired
                0x00000000400062d8                AGT_timer_cancel
                0x0000000040006334                AGT_handle_irq
                0x0000000040006430                AGT_init_stage0
 .text          0x00000000400064a0     0x1e70 bin/obj/drivers/tmu/tmu.o
                0x00000000400075e0                TMU_init_stage0
                0x0000000040007714                TMU_init_stage1
                0x0000000040007a6c                TMU_handle_irq
                0x0000000040007af8                TMU_set_warn_temp
                0x0000000040007cd0                TMU_get_warnings_enabled
                0x0000000040007dac                TMU_enable_warnings
                0x0000000040007e18                TMU_disable_warnings
                0x0000000040007e84                TMU_warn_pending
                0x0000000040007ef0                TMU_set_critical_temp
                0x00000000400080c8                TMU_get_temp
 .text          0x0000000040008310     0x117c bin/obj/drivers/interrupts/gicv3/gicv3.o
                0x0000000040008d64                GICV3_set_cpu_priority_threshold
                0x0000000040008e64                GICV3_set_spi_group1ns
                0x0000000040008ee0                GICV3_route_spi_to_cpu
                0x0000000040008f60                GICV3_route_spi_to_self
                0x0000000040008f90                GICV3_enable_spi
                0x0000000040008fe4                GICV3_set_priority
                0x0000000040009060                GICV3_set_edge_triggered
                0x00000000400090d8                GICV3_set_level_sensitive
                0x0000000040009150                GICV3_wake_redistributor
                0x0000000040009208                GICV3_init_distributor
                0x0000000040009258                GICV3_init_cpu
                0x0000000040009284                GICV3_init_irq
                0x0000000040009370                GICV3_get_intid_el1
                0x000000004000938c                GICV3_ack_intid_el1
                0x00000000400093ac                GICV3_enable_ppi
 .text          0x000000004000948c        0x0 bin/obj/drivers/interrupts/irq.o
 .text          0x000000004000948c     0x2598 bin/obj/drivers/uart/uart.o
                0x000000004000a498                UART_reset
                0x000000004000a598                UART_read
                0x000000004000ac98                UART_get_irq_sources
                0x000000004000b230                unhandled_irq_source
                0x000000004000b4f4                UART_handle_irq
                0x000000004000b570                UART_init_stage0
                0x000000004000b7f4                UART_init_stage1
                0x000000004000b82c                UART_putc_sync
                0x000000004000b8a4                UART_puts_sync
                0x000000004000b8f4                UART_putc
                0x000000004000b9d4                UART_puts
 .text          0x000000004000ba24        0x0 bin/obj/rslib.a(imx8mp_kernel-d04bdacbb24302de.imx8mp_kernel.6f56ecdf942cbc9a-cgu.0.rcgu.o)
 .text._ZN4core5panic10panic_info12PanicMessage6as_str17hff4c20453d03ca71E
                0x000000004000ba24       0x40 bin/obj/rslib.a(imx8mp_kernel-d04bdacbb24302de.imx8mp_kernel.6f56ecdf942cbc9a-cgu.0.rcgu.o)
 .text.UART_txbuf_push
                0x000000004000ba64       0x60 bin/obj/rslib.a(imx8mp_kernel-d04bdacbb24302de.imx8mp_kernel.6f56ecdf942cbc9a-cgu.0.rcgu.o)
                0x000000004000ba64                UART_txbuf_push
 .text.UART_rxbuf_push
                0x000000004000bac4       0x6c bin/obj/rslib.a(imx8mp_kernel-d04bdacbb24302de.imx8mp_kernel.6f56ecdf942cbc9a-cgu.0.rcgu.o)
                0x000000004000bac4                UART_rxbuf_push
 .text.UART_txbuf_pop
                0x000000004000bb30       0x54 bin/obj/rslib.a(imx8mp_kernel-d04bdacbb24302de.imx8mp_kernel.6f56ecdf942cbc9a-cgu.0.rcgu.o)
                0x000000004000bb30                UART_txbuf_pop
 .text.UART_rxbuf_pop
                0x000000004000bb84       0x5c bin/obj/rslib.a(imx8mp_kernel-d04bdacbb24302de.imx8mp_kernel.6f56ecdf942cbc9a-cgu.0.rcgu.o)
                0x000000004000bb84                UART_rxbuf_pop
 .text.rust_kernel_initcalls_stage0
                0x000000004000bbe0        0x4 bin/obj/rslib.a(imx8mp_kernel-d04bdacbb24302de.imx8mp_kernel.6f56ecdf942cbc9a-cgu.0.rcgu.o)
                0x000000004000bbe0                rust_kernel_initcalls_stage1
                0x000000004000bbe0                rust_kernel_initcalls_stage2
                0x000000004000bbe0                rust_kernel_initcalls_stage0
 .text.pow2_ring_buffer_new
                0x000000004000bbe4       0x70 bin/obj/rslib.a(imx8mp_kernel-d04bdacbb24302de.imx8mp_kernel.6f56ecdf942cbc9a-cgu.0.rcgu.o)
                0x000000004000bbe4                pow2_ring_buffer_new
 .text.pow2_ring_buffer_push
                0x000000004000bc54       0xbc bin/obj/rslib.a(imx8mp_kernel-d04bdacbb24302de.imx8mp_kernel.6f56ecdf942cbc9a-cgu.0.rcgu.o)
                0x000000004000bc54                pow2_ring_buffer_push
 .text.pow2_ring_buffer_pop
                0x000000004000bd10       0x90 bin/obj/rslib.a(imx8mp_kernel-d04bdacbb24302de.imx8mp_kernel.6f56ecdf942cbc9a-cgu.0.rcgu.o)
                0x000000004000bd10                pow2_ring_buffer_pop
 .text.unlikely.rust_test_panic
                0x000000004000bda0       0x2c bin/obj/rslib.a(imx8mp_kernel-d04bdacbb24302de.imx8mp_kernel.6f56ecdf942cbc9a-cgu.0.rcgu.o)
                0x000000004000bda0                rust_test_panic
 .text._RNvCs73fAdSrgOJL_7___rustc17rust_begin_unwind
                0x000000004000bdcc       0xcc bin/obj/rslib.a(imx8mp_kernel-d04bdacbb24302de.imx8mp_kernel.6f56ecdf942cbc9a-cgu.0.rcgu.o)
                0x000000004000bdcc                __rustc::rust_begin_unwind
 .text.unlikely._ZN13imx8mp_kernel7drivers4uart14UART_txbuf_pop19panic_cold_explicit17h9e80ac023c3cecedE
                0x000000004000be98        0xc bin/obj/rslib.a(imx8mp_kernel-d04bdacbb24302de.imx8mp_kernel.6f56ecdf942cbc9a-cgu.0.rcgu.o)
 .text.unlikely._ZN13imx8mp_kernel7drivers4uart14UART_rxbuf_pop19panic_cold_explicit17hd068fbc725f195f3E
                0x000000004000bea4        0xc bin/obj/rslib.a(imx8mp_kernel-d04bdacbb24302de.imx8mp_kernel.6f56ecdf942cbc9a-cgu.0.rcgu.o)
 .text          0x000000004000beb0        0x0 bin/obj/rslib.a(core-9bc28a7f9131c3bd.core.d226853cd57cf678-cgu.0.rcgu.o)
 .text._ZN4core3num7dec2flt11decimal_seq10DecimalSeq4trim17h239225fef6553793E
                0x000000004000beb0       0x50 bin/obj/rslib.a(core-9bc28a7f9131c3bd.core.d226853cd57cf678-cgu.0.rcgu.o)
                0x000000004000beb0                core::num::dec2flt::decimal_seq::DecimalSeq::trim
 .text._ZN4core3num7dec2flt11decimal_seq10DecimalSeq5round17hcd99f9eef6925b1dE
                0x000000004000bf00       0xb4 bin/obj/rslib.a(core-9bc28a7f9131c3bd.core.d226853cd57cf678-cgu.0.rcgu.o)
                0x000000004000bf00                core::num::dec2flt::decimal_seq::DecimalSeq::round
 .text._ZN4core3num7dec2flt11decimal_seq10DecimalSeq10left_shift17h704ff9fb5187922cE
                0x000000004000bfb4      0x210 bin/obj/rslib.a(core-9bc28a7f9131c3bd.core.d226853cd57cf678-cgu.0.rcgu.o)
                0x000000004000bfb4                core::num::dec2flt::decimal_seq::DecimalSeq::left_shift
 .text._ZN4core3num7dec2flt11decimal_seq10DecimalSeq11right_shift17h8db82994b3c2bf14E
                0x000000004000c1c4      0x1c0 bin/obj/rslib.a(core-9bc28a7f9131c3bd.core.d226853cd57cf678-cgu.0.rcgu.o)
                0x000000004000c1c4                core::num::dec2flt::decimal_seq::DecimalSeq::right_shift
 .text._ZN4core3num7dec2flt11decimal_seq17parse_decimal_seq17hbb02b8b8ca85be1cE
                0x000000004000c384      0x458 bin/obj/rslib.a(core-9bc28a7f9131c3bd.core.d226853cd57cf678-cgu.0.rcgu.o)
                0x000000004000c384                core::num::dec2flt::decimal_seq::parse_decimal_seq
 .text._ZN59_$LT$f32$u20$as$u20$core..num..dec2flt..float..RawFloat$GT$15pow10_fast_path17h7b92d2a3e72c541eE
                0x000000004000c7dc       0x14 bin/obj/rslib.a(core-9bc28a7f9131c3bd.core.d226853cd57cf678-cgu.0.rcgu.o)
                0x000000004000c7dc                <f32 as core::num::dec2flt::float::RawFloat>::pow10_fast_path
 .text._ZN59_$LT$f64$u20$as$u20$core..num..dec2flt..float..RawFloat$GT$15pow10_fast_path17hda41ea29af23df86E
                0x000000004000c7f0       0x14 bin/obj/rslib.a(core-9bc28a7f9131c3bd.core.d226853cd57cf678-cgu.0.rcgu.o)
                0x000000004000c7f0                <f64 as core::num::dec2flt::float::RawFloat>::pow10_fast_path
 .text._ZN4core3num7dec2flt6lemire13compute_float17h62e7558d2cc8ca41E
                0x000000004000c804      0x150 bin/obj/rslib.a(core-9bc28a7f9131c3bd.core.d226853cd57cf678-cgu.0.rcgu.o)
 .text._ZN4core3num7dec2flt6lemire13compute_float17h6aa166906e1074a5E
                0x000000004000c954      0x150 bin/obj/rslib.a(core-9bc28a7f9131c3bd.core.d226853cd57cf678-cgu.0.rcgu.o)
 .text._ZN4core3num7dec2flt6lemire13compute_float17hef96d143e35827f2E
                0x000000004000caa4      0x12c bin/obj/rslib.a(core-9bc28a7f9131c3bd.core.d226853cd57cf678-cgu.0.rcgu.o)
 .text._ZN4core3num7dec2flt6lemire22compute_product_approx17h9e1a88b957d01469E
                0x000000004000cbd0       0x6c bin/obj/rslib.a(core-9bc28a7f9131c3bd.core.d226853cd57cf678-cgu.0.rcgu.o)
                0x000000004000cbd0                core::num::dec2flt::lemire::compute_product_approx
 .text._ZN4core3num7dec2flt5parse12parse_number17hbca92825f9b664e4E
                0x000000004000cc3c      0x4f4 bin/obj/rslib.a(core-9bc28a7f9131c3bd.core.d226853cd57cf678-cgu.0.rcgu.o)
                0x000000004000cc3c                core::num::dec2flt::parse::parse_number
 .text._ZN74_$LT$core..num..dec2flt..ParseFloatError$u20$as$u20$core..fmt..Display$GT$3fmt17h496ce0b7b985998bE
                0x000000004000d130       0x30 bin/obj/rslib.a(core-9bc28a7f9131c3bd.core.d226853cd57cf678-cgu.0.rcgu.o)
                0x000000004000d130                <core::num::dec2flt::ParseFloatError as core::fmt::Display>::fmt
 .text._ZN4core3num9diy_float2Fp3mul17h8519799e05f14d06E
                0x000000004000d160       0x18 bin/obj/rslib.a(core-9bc28a7f9131c3bd.core.d226853cd57cf678-cgu.0.rcgu.o)
                0x000000004000d160                core::num::diy_float::Fp::mul
 .text._ZN4core3num9diy_float2Fp9normalize17h9ed65dc8c2333c5aE
                0x000000004000d178       0x10 bin/obj/rslib.a(core-9bc28a7f9131c3bd.core.d226853cd57cf678-cgu.0.rcgu.o)
                0x000000004000d178                core::num::diy_float::Fp::normalize
 .text._ZN4core3num9diy_float2Fp12normalize_to17heb6e4683b3c29736E
                0x000000004000d188       0x80 bin/obj/rslib.a(core-9bc28a7f9131c3bd.core.d226853cd57cf678-cgu.0.rcgu.o)
                0x000000004000d188                core::num::diy_float::Fp::normalize_to
 .text._ZN4core3num7flt2dec9estimator23estimate_scaling_factor17h2f9855900c15d5c5E
                0x000000004000d208       0x30 bin/obj/rslib.a(core-9bc28a7f9131c3bd.core.d226853cd57cf678-cgu.0.rcgu.o)
                0x000000004000d208                core::num::flt2dec::estimator::estimate_scaling_factor
 .text._ZN4core3num7flt2dec8strategy6dragon9mul_pow1017h592e831f8fcec2a0E
                0x000000004000d238      0x1ec bin/obj/rslib.a(core-9bc28a7f9131c3bd.core.d226853cd57cf678-cgu.0.rcgu.o)
                0x000000004000d238                core::num::flt2dec::strategy::dragon::mul_pow10
 .text._ZN4core3num7flt2dec8strategy6dragon15format_shortest17h97a13c12311f8182E
                0x000000004000d424      0xb74 bin/obj/rslib.a(core-9bc28a7f9131c3bd.core.d226853cd57cf678-cgu.0.rcgu.o)
                0x000000004000d424                core::num::flt2dec::strategy::dragon::format_shortest
 .text._ZN4core3num7flt2dec8strategy6dragon12format_exact17h585a42357806ac2bE
                0x000000004000df98      0xa0c bin/obj/rslib.a(core-9bc28a7f9131c3bd.core.d226853cd57cf678-cgu.0.rcgu.o)
                0x000000004000df98                core::num::flt2dec::strategy::dragon::format_exact
 .text._ZN4core3num7flt2dec8strategy5grisu12cached_power17h0fb1cb16214fe432E
                0x000000004000e9a4       0x74 bin/obj/rslib.a(core-9bc28a7f9131c3bd.core.d226853cd57cf678-cgu.0.rcgu.o)
                0x000000004000e9a4                core::num::flt2dec::strategy::grisu::cached_power
 .text._ZN4core3num7flt2dec8strategy5grisu19format_shortest_opt17h415f579398a1be5dE
                0x000000004000ea18      0x5d4 bin/obj/rslib.a(core-9bc28a7f9131c3bd.core.d226853cd57cf678-cgu.0.rcgu.o)
                0x000000004000ea18                core::num::flt2dec::strategy::grisu::format_shortest_opt
 .text._ZN4core3num7flt2dec8strategy5grisu15format_shortest17h196a2cb9b24df22dE
                0x000000004000efec       0x7c bin/obj/rslib.a(core-9bc28a7f9131c3bd.core.d226853cd57cf678-cgu.0.rcgu.o)
                0x000000004000efec                core::num::flt2dec::strategy::grisu::format_shortest
 .text._ZN4core3num7flt2dec8strategy5grisu16format_exact_opt17hda1eb93170edd273E
                0x000000004000f068      0x384 bin/obj/rslib.a(core-9bc28a7f9131c3bd.core.d226853cd57cf678-cgu.0.rcgu.o)
                0x000000004000f068                core::num::flt2dec::strategy::grisu::format_exact_opt
 .text._ZN4core3num7flt2dec8strategy5grisu16format_exact_opt14possibly_round17h6f4836bc1d8795f1E
                0x000000004000f3ec      0x1fc bin/obj/rslib.a(core-9bc28a7f9131c3bd.core.d226853cd57cf678-cgu.0.rcgu.o)
 .text._ZN4core3num7flt2dec8strategy5grisu12format_exact17h7cdc457c17b032e7E
                0x000000004000f5e8       0x90 bin/obj/rslib.a(core-9bc28a7f9131c3bd.core.d226853cd57cf678-cgu.0.rcgu.o)
                0x000000004000f5e8                core::num::flt2dec::strategy::grisu::format_exact
 .text._ZN4core3num7flt2dec8round_up17hda0625987046ce83E
                0x000000004000f678       0xbc bin/obj/rslib.a(core-9bc28a7f9131c3bd.core.d226853cd57cf678-cgu.0.rcgu.o)
                0x000000004000f678                core::num::flt2dec::round_up
 .text._ZN4core3num7flt2dec17digits_to_dec_str17h7fcf97d9ea33742bE
                0x000000004000f734      0x168 bin/obj/rslib.a(core-9bc28a7f9131c3bd.core.d226853cd57cf678-cgu.0.rcgu.o)
                0x000000004000f734                core::num::flt2dec::digits_to_dec_str
 .text._ZN4core3num7flt2dec17digits_to_exp_str17h8fc96d380e57781dE
                0x000000004000f89c      0x168 bin/obj/rslib.a(core-9bc28a7f9131c3bd.core.d226853cd57cf678-cgu.0.rcgu.o)
                0x000000004000f89c                core::num::flt2dec::digits_to_exp_str
 .text._ZN4core3num3fmt4Part5write17hc88d48034308cf44E
                0x000000004000fa04      0x19c bin/obj/rslib.a(core-9bc28a7f9131c3bd.core.d226853cd57cf678-cgu.0.rcgu.o)
                0x000000004000fa04                core::num::fmt::Part::write
 .text._ZN4core3num3fmt9Formatted3len17hbe3d360a34d7e93dE
                0x000000004000fba0       0x94 bin/obj/rslib.a(core-9bc28a7f9131c3bd.core.d226853cd57cf678-cgu.0.rcgu.o)
                0x000000004000fba0                core::num::fmt::Formatted::len
 .text._ZN4core3num3fmt9Formatted5write17he64ac26e600559a4E
                0x000000004000fc34       0xbc bin/obj/rslib.a(core-9bc28a7f9131c3bd.core.d226853cd57cf678-cgu.0.rcgu.o)
                0x000000004000fc34                core::num::fmt::Formatted::write
 .text._ZN72_$LT$core..num..error..TryFromIntError$u20$as$u20$core..fmt..Display$GT$3fmt17h05fbaff2600b8487E
                0x000000004000fcf0       0x14 bin/obj/rslib.a(core-9bc28a7f9131c3bd.core.d226853cd57cf678-cgu.0.rcgu.o)
                0x000000004000fcf0                <core::num::error::TryFromIntError as core::fmt::Display>::fmt
 .text._ZN70_$LT$core..num..error..ParseIntError$u20$as$u20$core..fmt..Display$GT$3fmt17hc12b04f0a82537ffE
                0x000000004000fd04       0x28 bin/obj/rslib.a(core-9bc28a7f9131c3bd.core.d226853cd57cf678-cgu.0.rcgu.o)
                0x000000004000fd04                <core::num::error::ParseIntError as core::fmt::Display>::fmt
 .text.unlikely._ZN4core3num9int_log1030panic_for_nonpositive_argument17h77476f76d1302d4cE
                0x000000004000fd2c       0x34 bin/obj/rslib.a(core-9bc28a7f9131c3bd.core.d226853cd57cf678-cgu.0.rcgu.o)
                0x000000004000fd2c                core::num::int_log10::panic_for_nonpositive_argument
 .text.unlikely._ZN4core3num8int_sqrt27panic_for_negative_argument17h73425c538236248aE
                0x000000004000fd60       0x34 bin/obj/rslib.a(core-9bc28a7f9131c3bd.core.d226853cd57cf678-cgu.0.rcgu.o)
                0x000000004000fd60                core::num::int_sqrt::panic_for_negative_argument
 .text.unlikely._ZN4core3num14overflow_panic3add17h9e04a06944073695E
                0x000000004000fd94       0x34 bin/obj/rslib.a(core-9bc28a7f9131c3bd.core.d226853cd57cf678-cgu.0.rcgu.o)
                0x000000004000fd94                core::num::overflow_panic::add
 .text.unlikely._ZN4core3num14overflow_panic3sub17hbe1f456644e1122eE
                0x000000004000fdc8       0x34 bin/obj/rslib.a(core-9bc28a7f9131c3bd.core.d226853cd57cf678-cgu.0.rcgu.o)
                0x000000004000fdc8                core::num::overflow_panic::sub
 .text.unlikely._ZN4core3num14overflow_panic3mul17h714a566ba3aacf58E
                0x000000004000fdfc       0x34 bin/obj/rslib.a(core-9bc28a7f9131c3bd.core.d226853cd57cf678-cgu.0.rcgu.o)
                0x000000004000fdfc                core::num::overflow_panic::mul
 .text.unlikely._ZN4core3num14overflow_panic3div17h1dc8d59141309e20E
                0x000000004000fe30       0x34 bin/obj/rslib.a(core-9bc28a7f9131c3bd.core.d226853cd57cf678-cgu.0.rcgu.o)
                0x000000004000fe30                core::num::overflow_panic::div
 .text.unlikely._ZN4core3num14overflow_panic3rem17he68f7716df2e05a6E
                0x000000004000fe64       0x34 bin/obj/rslib.a(core-9bc28a7f9131c3bd.core.d226853cd57cf678-cgu.0.rcgu.o)
                0x000000004000fe64                core::num::overflow_panic::rem
 .text.unlikely._ZN4core3num14overflow_panic3neg17hc858b22bec1cd138E
                0x000000004000fe98       0x34 bin/obj/rslib.a(core-9bc28a7f9131c3bd.core.d226853cd57cf678-cgu.0.rcgu.o)
                0x000000004000fe98                core::num::overflow_panic::neg
 .text.unlikely._ZN4core3num14overflow_panic3shr17h3b046bd4a438a78bE
                0x000000004000fecc       0x34 bin/obj/rslib.a(core-9bc28a7f9131c3bd.core.d226853cd57cf678-cgu.0.rcgu.o)
                0x000000004000fecc                core::num::overflow_panic::shr
 .text.unlikely._ZN4core3num14overflow_panic3shl17hd7f93c0153906b81E
                0x000000004000ff00       0x34 bin/obj/rslib.a(core-9bc28a7f9131c3bd.core.d226853cd57cf678-cgu.0.rcgu.o)
                0x000000004000ff00                core::num::overflow_panic::shl
 .text.unlikely._ZN4core3num22from_ascii_radix_panic17h75a0319df69b5bf4E
                0x000000004000ff34        0xc bin/obj/rslib.a(core-9bc28a7f9131c3bd.core.d226853cd57cf678-cgu.0.rcgu.o)
                0x000000004000ff34                core::num::from_ascii_radix_panic
 .text._ZN76_$LT$core..mem..transmutability..Assume$u20$as$u20$core..ops..arith..Sub$GT$3sub17h95b0bc8048918af4E
                0x000000004000ff40        0xc bin/obj/rslib.a(core-9bc28a7f9131c3bd.core.d226853cd57cf678-cgu.0.rcgu.o)
                0x000000004000ff40                <core::mem::transmutability::Assume as core::ops::arith::Sub>::sub
 .text._ZN68_$LT$core..ptr..alignment..Alignment$u20$as$u20$core..fmt..Debug$GT$3fmt17haef888746397348cE
                0x000000004000ff4c       0x78 bin/obj/rslib.a(core-9bc28a7f9131c3bd.core.d226853cd57cf678-cgu.0.rcgu.o)
                0x000000004000ff4c                <core::ptr::alignment::Alignment as core::fmt::Debug>::fmt
 .text._ZN69_$LT$core..ffi..c_str..CStr$u20$as$u20$core..clone..CloneToUninit$GT$15clone_to_uninit17hdc9b51ad353bbbd3E
                0x000000004000ffc4       0x14 bin/obj/rslib.a(core-9bc28a7f9131c3bd.core.d226853cd57cf678-cgu.0.rcgu.o)
                0x000000004000ffc4                <core::ffi::c_str::CStr as core::clone::CloneToUninit>::clone_to_uninit
 .text._ZN57_$LT$core..error..Request$u20$as$u20$core..fmt..Debug$GT$3fmt17h78c96cd962131156E
                0x000000004000ffd8       0x60 bin/obj/rslib.a(core-9bc28a7f9131c3bd.core.d226853cd57cf678-cgu.0.rcgu.o)
                0x000000004000ffd8                <core::error::Request as core::fmt::Debug>::fmt
 .text._ZN78_$LT$core..error..Source$u20$as$u20$core..iter..traits..iterator..Iterator$GT$4next17hdce954c5148767e6E
                0x0000000040010038       0x50 bin/obj/rslib.a(core-9bc28a7f9131c3bd.core.d226853cd57cf678-cgu.0.rcgu.o)
                0x0000000040010038                <core::error::Source as core::iter::traits::iterator::Iterator>::next
 .text._ZN64_$LT$core..ops..range..RangeFull$u20$as$u20$core..fmt..Debug$GT$3fmt17h4320bcca462a4463E
                0x0000000040010088       0x1c bin/obj/rslib.a(core-9bc28a7f9131c3bd.core.d226853cd57cf678-cgu.0.rcgu.o)
                0x0000000040010088                <core::ops::range::RangeFull as core::fmt::Debug>::fmt
 .text._ZN71_$LT$core..ops..range..Range$LT$Idx$GT$$u20$as$u20$core..fmt..Debug$GT$3fmt17hda0b96faa9a26247E
                0x00000000400100a4      0x21c bin/obj/rslib.a(core-9bc28a7f9131c3bd.core.d226853cd57cf678-cgu.0.rcgu.o)
 .text._ZN105_$LT$dyn$u20$core..any..Any$u2b$core..marker..Send$u2b$core..marker..Sync$u20$as$u20$core..fmt..Debug$GT$3fmt17h3b5b4b639d9ab734E
                0x00000000400102c0       0x60 bin/obj/rslib.a(core-9bc28a7f9131c3bd.core.d226853cd57cf678-cgu.0.rcgu.o)
                0x00000000400102c0                <dyn core::any::Any as core::fmt::Debug>::fmt
                0x00000000400102c0                <dyn core::any::Any+core::marker::Send+core::marker::Sync as core::fmt::Debug>::fmt
                0x00000000400102c0                <dyn core::any::Any+core::marker::Send as core::fmt::Debug>::fmt
 .text._ZN54_$LT$core..any..TypeId$u20$as$u20$core..fmt..Debug$GT$3fmt17hb79a6ba20a1edea7E
                0x0000000040010320       0x64 bin/obj/rslib.a(core-9bc28a7f9131c3bd.core.d226853cd57cf678-cgu.0.rcgu.o)
                0x0000000040010320                <core::any::TypeId as core::fmt::Debug>::fmt
 .text._ZN73_$LT$core..ascii..ascii_char..AsciiChar$u20$as$u20$core..fmt..Display$GT$3fmt17h51d9d7b1a9efbd3eE
                0x0000000040010384       0x14 bin/obj/rslib.a(core-9bc28a7f9131c3bd.core.d226853cd57cf678-cgu.0.rcgu.o)
                0x0000000040010384                <core::ascii::ascii_char::AsciiChar as core::fmt::Display>::fmt
 .text._ZN71_$LT$core..ascii..ascii_char..AsciiChar$u20$as$u20$core..fmt..Debug$GT$3fmt17h23d33dd08c0a85e0E
                0x0000000040010398      0x158 bin/obj/rslib.a(core-9bc28a7f9131c3bd.core.d226853cd57cf678-cgu.0.rcgu.o)
                0x0000000040010398                <core::ascii::ascii_char::AsciiChar as core::fmt::Debug>::fmt
 .text._ZN4core5ascii14escape_default17h2e47cd0e281f1f16E
                0x00000000400104f0       0x74 bin/obj/rslib.a(core-9bc28a7f9131c3bd.core.d226853cd57cf678-cgu.0.rcgu.o)
                0x00000000400104f0                core::ascii::escape_default
 .text._ZN65_$LT$core..ascii..EscapeDefault$u20$as$u20$core..fmt..Display$GT$3fmt17hfad744a69dbf49aeE
                0x0000000040010564       0x20 bin/obj/rslib.a(core-9bc28a7f9131c3bd.core.d226853cd57cf678-cgu.0.rcgu.o)
                0x0000000040010564                <core::ascii::EscapeDefault as core::fmt::Display>::fmt
 .text._ZN63_$LT$core..ascii..EscapeDefault$u20$as$u20$core..fmt..Debug$GT$3fmt17he7c76f4398dcabfeE
                0x0000000040010584       0x60 bin/obj/rslib.a(core-9bc28a7f9131c3bd.core.d226853cd57cf678-cgu.0.rcgu.o)
                0x0000000040010584                <core::ascii::EscapeDefault as core::fmt::Debug>::fmt
 .text._ZN56_$LT$core..bstr..ByteStr$u20$as$u20$core..fmt..Debug$GT$3fmt17h5a7de1d4bb1416c6E
                0x00000000400105e4      0x2b0 bin/obj/rslib.a(core-9bc28a7f9131c3bd.core.d226853cd57cf678-cgu.0.rcgu.o)
                0x00000000400105e4                <core::bstr::ByteStr as core::fmt::Debug>::fmt
 .text._ZN58_$LT$core..bstr..ByteStr$u20$as$u20$core..fmt..Display$GT$3fmt17h6a2ae704564f9b96E
                0x0000000040010894      0x514 bin/obj/rslib.a(core-9bc28a7f9131c3bd.core.d226853cd57cf678-cgu.0.rcgu.o)
                0x0000000040010894                <core::bstr::ByteStr as core::fmt::Display>::fmt
 .text.unlikely._ZN4core4cell4lazy14panic_poisoned17h08b119a3f048eb5cE
                0x0000000040010da8       0x38 bin/obj/rslib.a(core-9bc28a7f9131c3bd.core.d226853cd57cf678-cgu.0.rcgu.o)
                0x0000000040010da8                core::cell::lazy::panic_poisoned
 .text._ZN62_$LT$core..cell..BorrowError$u20$as$u20$core..fmt..Display$GT$3fmt17hd39d15cf420fd15fE
                0x0000000040010de0       0x14 bin/obj/rslib.a(core-9bc28a7f9131c3bd.core.d226853cd57cf678-cgu.0.rcgu.o)
                0x0000000040010de0                <core::cell::BorrowError as core::fmt::Display>::fmt
 .text._ZN65_$LT$core..cell..BorrowMutError$u20$as$u20$core..fmt..Display$GT$3fmt17he44ddc8acedfc9cdE
                0x0000000040010df4       0x14 bin/obj/rslib.a(core-9bc28a7f9131c3bd.core.d226853cd57cf678-cgu.0.rcgu.o)
                0x0000000040010df4                <core::cell::BorrowMutError as core::fmt::Display>::fmt
 .text.unlikely._ZN4core4cell22panic_already_borrowed17h0c316df386ff956aE
                0x0000000040010e08       0x44 bin/obj/rslib.a(core-9bc28a7f9131c3bd.core.d226853cd57cf678-cgu.0.rcgu.o)
                0x0000000040010e08                core::cell::panic_already_borrowed
 .text.unlikely._ZN4core4cell30panic_already_mutably_borrowed17hb8c7155d1b59c5c1E
                0x0000000040010e4c       0x44 bin/obj/rslib.a(core-9bc28a7f9131c3bd.core.d226853cd57cf678-cgu.0.rcgu.o)
                0x0000000040010e4c                core::cell::panic_already_mutably_borrowed
 .text._ZN74_$LT$core..char..convert..ParseCharError$u20$as$u20$core..fmt..Display$GT$3fmt17hd7cbd9755c2ae5fcE
                0x0000000040010e90       0x30 bin/obj/rslib.a(core-9bc28a7f9131c3bd.core.d226853cd57cf678-cgu.0.rcgu.o)
                0x0000000040010e90                <core::char::convert::ParseCharError as core::fmt::Display>::fmt
 .text._ZN76_$LT$core..char..convert..CharTryFromError$u20$as$u20$core..fmt..Display$GT$3fmt17h1c891bae60ab8133E
                0x0000000040010ec0       0x14 bin/obj/rslib.a(core-9bc28a7f9131c3bd.core.d226853cd57cf678-cgu.0.rcgu.o)
                0x0000000040010ec0                <core::char::convert::CharTryFromError as core::fmt::Display>::fmt
 .text._ZN75_$LT$core..char..decode..DecodeUtf16Error$u20$as$u20$core..fmt..Display$GT$3fmt17h2f3f0b5018587072E
                0x0000000040010ed4       0x4c bin/obj/rslib.a(core-9bc28a7f9131c3bd.core.d226853cd57cf678-cgu.0.rcgu.o)
                0x0000000040010ed4                <core::char::decode::DecodeUtf16Error as core::fmt::Display>::fmt
 .text._ZN4core4char7methods22_$LT$impl$u20$char$GT$16escape_debug_ext17h805c355e72a84d22E
                0x0000000040010f20      0x2d0 bin/obj/rslib.a(core-9bc28a7f9131c3bd.core.d226853cd57cf678-cgu.0.rcgu.o)
 .text._ZN64_$LT$core..char..EscapeUnicode$u20$as$u20$core..fmt..Display$GT$3fmt17hbf7841dda7a78611E
                0x00000000400111f0       0x20 bin/obj/rslib.a(core-9bc28a7f9131c3bd.core.d226853cd57cf678-cgu.0.rcgu.o)
                0x00000000400111f0                <core::char::EscapeUnicode as core::fmt::Display>::fmt
 .text._ZN62_$LT$core..char..EscapeDebug$u20$as$u20$core..fmt..Display$GT$3fmt17h2c206438b598efeaE
                0x0000000040011210       0x38 bin/obj/rslib.a(core-9bc28a7f9131c3bd.core.d226853cd57cf678-cgu.0.rcgu.o)
 .text._ZN86_$LT$core..char..CaseMappingIter$u20$as$u20$core..iter..traits..iterator..Iterator$GT$4next17h8ccb93e6146cbe59E
                0x0000000040011248       0x2c bin/obj/rslib.a(core-9bc28a7f9131c3bd.core.d226853cd57cf678-cgu.0.rcgu.o)
                0x0000000040011248                <core::char::CaseMappingIter as core::iter::traits::iterator::Iterator>::next
 .text._ZN86_$LT$core..char..CaseMappingIter$u20$as$u20$core..iter..traits..iterator..Iterator$GT$5count17h24ad73a1e02aeae1E
                0x0000000040011274        0xc bin/obj/rslib.a(core-9bc28a7f9131c3bd.core.d226853cd57cf678-cgu.0.rcgu.o)
                0x0000000040011274                <core::char::CaseMappingIter as core::iter::traits::iterator::Iterator>::count
 .text._ZN86_$LT$core..char..CaseMappingIter$u20$as$u20$core..iter..traits..iterator..Iterator$GT$4last17he31c1699d051b3d7E
                0x0000000040011280       0x44 bin/obj/rslib.a(core-9bc28a7f9131c3bd.core.d226853cd57cf678-cgu.0.rcgu.o)
                0x0000000040011280                <core::char::CaseMappingIter as core::iter::traits::iterator::Iterator>::last
 .text._ZN86_$LT$core..char..CaseMappingIter$u20$as$u20$core..iter..traits..iterator..Iterator$GT$10advance_by17h8d3f32eef00561a6E
                0x00000000400112c4       0x24 bin/obj/rslib.a(core-9bc28a7f9131c3bd.core.d226853cd57cf678-cgu.0.rcgu.o)
                0x00000000400112c4                <core::char::CaseMappingIter as core::iter::traits::iterator::Iterator>::advance_by
 .text._ZN86_$LT$core..char..CaseMappingIter$u20$as$u20$core..iter..traits..iterator..Iterator$GT$24__iterator_get_unchecked17hf62f4ef2db1c7883E
                0x00000000400112e8       0x14 bin/obj/rslib.a(core-9bc28a7f9131c3bd.core.d226853cd57cf678-cgu.0.rcgu.o)
                0x00000000400112e8                <core::char::CaseMappingIter as core::iter::traits::iterator::Iterator>::__iterator_get_unchecked
 .text._ZN101_$LT$core..char..CaseMappingIter$u20$as$u20$core..iter..traits..double_ended..DoubleEndedIterator$GT$9next_back17h7823f12a437908dfE
                0x00000000400112fc       0x28 bin/obj/rslib.a(core-9bc28a7f9131c3bd.core.d226853cd57cf678-cgu.0.rcgu.o)
                0x00000000400112fc                <core::char::CaseMappingIter as core::iter::traits::double_ended::DoubleEndedIterator>::next_back
 .text._ZN101_$LT$core..char..CaseMappingIter$u20$as$u20$core..iter..traits..double_ended..DoubleEndedIterator$GT$15advance_back_by17h017e2bf6557cea32E
                0x0000000040011324       0x28 bin/obj/rslib.a(core-9bc28a7f9131c3bd.core.d226853cd57cf678-cgu.0.rcgu.o)
                0x0000000040011324                <core::char::CaseMappingIter as core::iter::traits::double_ended::DoubleEndedIterator>::advance_back_by
 .text._ZN67_$LT$core..char..TryFromCharError$u20$as$u20$core..fmt..Display$GT$3fmt17h79312bb879fcde6bE
                0x000000004001134c       0x14 bin/obj/rslib.a(core-9bc28a7f9131c3bd.core.d226853cd57cf678-cgu.0.rcgu.o)
                0x000000004001134c                <core::char::TryFromCharError as core::fmt::Display>::fmt
 .text._ZN79_$LT$core..ffi..c_str..FromBytesUntilNulError$u20$as$u20$core..fmt..Display$GT$3fmt17he9e76bd265079156E
                0x0000000040011360       0x1c bin/obj/rslib.a(core-9bc28a7f9131c3bd.core.d226853cd57cf678-cgu.0.rcgu.o)
                0x0000000040011360                <core::ffi::c_str::FromBytesUntilNulError as core::fmt::Display>::fmt
 .text._ZN59_$LT$core..ffi..c_str..CStr$u20$as$u20$core..fmt..Debug$GT$3fmt17h6b3538bfa94be212E
                0x000000004001137c        0x8 bin/obj/rslib.a(core-9bc28a7f9131c3bd.core.d226853cd57cf678-cgu.0.rcgu.o)
                0x000000004001137c                <core::ffi::c_str::CStr as core::fmt::Debug>::fmt
 .text._ZN78_$LT$core..ffi..c_str..FromBytesWithNulError$u20$as$u20$core..fmt..Display$GT$3fmt17h5084d2eaf17653ebE
                0x0000000040011384       0xd8 bin/obj/rslib.a(core-9bc28a7f9131c3bd.core.d226853cd57cf678-cgu.0.rcgu.o)
                0x0000000040011384                <core::ffi::c_str::FromBytesWithNulError as core::fmt::Display>::fmt
 .text._ZN4core3ffi5c_str4CStr20from_bytes_until_nul17h2f5288cb894cafb4E
                0x000000004001145c       0xfc bin/obj/rslib.a(core-9bc28a7f9131c3bd.core.d226853cd57cf678-cgu.0.rcgu.o)
                0x000000004001145c                core::ffi::c_str::CStr::from_bytes_until_nul
 .text._ZN4core3ffi5c_str4CStr19from_bytes_with_nul17had8b5103a9b6c1a9E
                0x0000000040011558      0x114 bin/obj/rslib.a(core-9bc28a7f9131c3bd.core.d226853cd57cf678-cgu.0.rcgu.o)
                0x0000000040011558                core::ffi::c_str::CStr::from_bytes_with_nul
 .text._ZN4core3ffi5c_str4CStr6to_str17ha7c8bb4beea702b9E
                0x000000004001166c        0x8 bin/obj/rslib.a(core-9bc28a7f9131c3bd.core.d226853cd57cf678-cgu.0.rcgu.o)
                0x000000004001166c                core::ffi::c_str::CStr::to_str
 .text._ZN54_$LT$core..ffi..c_void$u20$as$u20$core..fmt..Debug$GT$3fmt17h3d6b9af31054922dE
                0x0000000040011674       0x1c bin/obj/rslib.a(core-9bc28a7f9131c3bd.core.d226853cd57cf678-cgu.0.rcgu.o)
                0x0000000040011674                <core::ffi::c_void as core::fmt::Debug>::fmt
 .text._ZN72_$LT$core..io..borrowed_buf..BorrowedBuf$u20$as$u20$core..fmt..Debug$GT$3fmt17h5d8cfc2026e791c2E
                0x0000000040011690      0x108 bin/obj/rslib.a(core-9bc28a7f9131c3bd.core.d226853cd57cf678-cgu.0.rcgu.o)
                0x0000000040011690                <core::io::borrowed_buf::BorrowedBuf as core::fmt::Debug>::fmt
 .text._ZN86_$LT$core..net..display_buffer..DisplayBuffer$LT$_$GT$$u20$as$u20$core..fmt..Write$GT$9write_str17h7cb87aabbe2da0a8E
                0x0000000040011798       0x50 bin/obj/rslib.a(core-9bc28a7f9131c3bd.core.d226853cd57cf678-cgu.0.rcgu.o)
 .text._ZN86_$LT$core..net..display_buffer..DisplayBuffer$LT$_$GT$$u20$as$u20$core..fmt..Write$GT$9write_str17h9e6e0495af978fa6E
                0x00000000400117e8       0x50 bin/obj/rslib.a(core-9bc28a7f9131c3bd.core.d226853cd57cf678-cgu.0.rcgu.o)
 .text._ZN86_$LT$core..net..display_buffer..DisplayBuffer$LT$_$GT$$u20$as$u20$core..fmt..Write$GT$9write_str17hac6ee2067672445bE
                0x0000000040011838       0x50 bin/obj/rslib.a(core-9bc28a7f9131c3bd.core.d226853cd57cf678-cgu.0.rcgu.o)
 .text._ZN86_$LT$core..net..display_buffer..DisplayBuffer$LT$_$GT$$u20$as$u20$core..fmt..Write$GT$9write_str17hf0f3b2a287ec8c04E
                0x0000000040011888       0x50 bin/obj/rslib.a(core-9bc28a7f9131c3bd.core.d226853cd57cf678-cgu.0.rcgu.o)
 .text._ZN65_$LT$core..net..ip_addr..IpAddr$u20$as$u20$core..fmt..Display$GT$3fmt17ha099c0cfe6646a1dE
                0x00000000400118d8       0x14 bin/obj/rslib.a(core-9bc28a7f9131c3bd.core.d226853cd57cf678-cgu.0.rcgu.o)
                0x00000000400118d8                <core::net::ip_addr::IpAddr as core::fmt::Display>::fmt
 .text._ZN63_$LT$core..net..ip_addr..IpAddr$u20$as$u20$core..fmt..Debug$GT$3fmt17hf5183bca058806ddE
                0x00000000400118ec       0x14 bin/obj/rslib.a(core-9bc28a7f9131c3bd.core.d226853cd57cf678-cgu.0.rcgu.o)
                0x00000000400118ec                <core::net::ip_addr::IpAddr as core::fmt::Debug>::fmt
 .text._ZN67_$LT$core..net..ip_addr..Ipv4Addr$u20$as$u20$core..fmt..Display$GT$3fmt17hbd7b49f847cb0ab5E
                0x0000000040011900      0x170 bin/obj/rslib.a(core-9bc28a7f9131c3bd.core.d226853cd57cf678-cgu.0.rcgu.o)
                0x0000000040011900                <core::net::ip_addr::Ipv4Addr as core::fmt::Display>::fmt
 .text._ZN65_$LT$core..net..ip_addr..Ipv4Addr$u20$as$u20$core..fmt..Debug$GT$3fmt17hf3e6f0369743e83cE
                0x0000000040011a70        0x4 bin/obj/rslib.a(core-9bc28a7f9131c3bd.core.d226853cd57cf678-cgu.0.rcgu.o)
                0x0000000040011a70                <core::net::ip_addr::Ipv4Addr as core::fmt::Debug>::fmt
 .text._ZN67_$LT$core..net..ip_addr..Ipv6Addr$u20$as$u20$core..fmt..Display$GT$3fmt17h4bf22b80be2cbe0fE
                0x0000000040011a74      0x718 bin/obj/rslib.a(core-9bc28a7f9131c3bd.core.d226853cd57cf678-cgu.0.rcgu.o)
                0x0000000040011a74                <core::net::ip_addr::Ipv6Addr as core::fmt::Display>::fmt
 .text._ZN67_$LT$core..net..ip_addr..Ipv6Addr$u20$as$u20$core..fmt..Display$GT$3fmt12fmt_subslice17h5acb96e1b9d1ffffE
                0x000000004001218c      0x104 bin/obj/rslib.a(core-9bc28a7f9131c3bd.core.d226853cd57cf678-cgu.0.rcgu.o)
 .text._ZN65_$LT$core..net..ip_addr..Ipv6Addr$u20$as$u20$core..fmt..Debug$GT$3fmt17h18a2fb7280b63654E
                0x0000000040012290        0x4 bin/obj/rslib.a(core-9bc28a7f9131c3bd.core.d226853cd57cf678-cgu.0.rcgu.o)
                0x0000000040012290                <core::net::ip_addr::Ipv6Addr as core::fmt::Debug>::fmt
 .text._ZN4core3net6parser6Parser11read_number28_$u7b$$u7b$closure$u7d$$u7d$17h376f3257fac7f88fE
                0x0000000040012294      0x2a8 bin/obj/rslib.a(core-9bc28a7f9131c3bd.core.d226853cd57cf678-cgu.0.rcgu.o)
 .text._ZN4core3net6parser6Parser14read_ipv4_addr17h3ef02a9a82124c89E
                0x000000004001253c      0x2c8 bin/obj/rslib.a(core-9bc28a7f9131c3bd.core.d226853cd57cf678-cgu.0.rcgu.o)
 .text._ZN4core3net6parser6Parser14read_ipv6_addr17h68090c8579280fe4E
                0x0000000040012804      0x1cc bin/obj/rslib.a(core-9bc28a7f9131c3bd.core.d226853cd57cf678-cgu.0.rcgu.o)
 .text._ZN4core3net6parser6Parser14read_ipv6_addr11read_groups17h3eb8a7eb9ab156deE
                0x00000000400129d0      0x1d0 bin/obj/rslib.a(core-9bc28a7f9131c3bd.core.d226853cd57cf678-cgu.0.rcgu.o)
 .text._ZN4core3net6parser6Parser19read_socket_addr_v617hf9db6fd35c12970bE
                0x0000000040012ba0      0x25c bin/obj/rslib.a(core-9bc28a7f9131c3bd.core.d226853cd57cf678-cgu.0.rcgu.o)
 .text._ZN4core3net6parser44_$LT$impl$u20$core..net..ip_addr..IpAddr$GT$11parse_ascii17h1f2a43004f9c5ec4E
                0x0000000040012dfc      0x164 bin/obj/rslib.a(core-9bc28a7f9131c3bd.core.d226853cd57cf678-cgu.0.rcgu.o)
                0x0000000040012dfc                core::net::parser::<impl core::net::ip_addr::IpAddr>::parse_ascii
 .text._ZN4core3net6parser83_$LT$impl$u20$core..str..traits..FromStr$u20$for$u20$core..net..ip_addr..IpAddr$GT$8from_str17h7fa43c1e9703f987E
                0x0000000040012f60      0x164 bin/obj/rslib.a(core-9bc28a7f9131c3bd.core.d226853cd57cf678-cgu.0.rcgu.o)
                0x0000000040012f60                core::net::parser::<impl core::str::traits::FromStr for core::net::ip_addr::IpAddr>::from_str
 .text._ZN4core3net6parser46_$LT$impl$u20$core..net..ip_addr..Ipv4Addr$GT$11parse_ascii17h8c4d78b746d8b8a9E
                0x00000000400130c4       0x7c bin/obj/rslib.a(core-9bc28a7f9131c3bd.core.d226853cd57cf678-cgu.0.rcgu.o)
                0x00000000400130c4                core::net::parser::<impl core::net::ip_addr::Ipv4Addr>::parse_ascii
 .text._ZN4core3net6parser85_$LT$impl$u20$core..str..traits..FromStr$u20$for$u20$core..net..ip_addr..Ipv4Addr$GT$8from_str17h57df2271314bedc3E
                0x0000000040013140       0x7c bin/obj/rslib.a(core-9bc28a7f9131c3bd.core.d226853cd57cf678-cgu.0.rcgu.o)
                0x0000000040013140                core::net::parser::<impl core::str::traits::FromStr for core::net::ip_addr::Ipv4Addr>::from_str
 .text._ZN4core3net6parser46_$LT$impl$u20$core..net..ip_addr..Ipv6Addr$GT$11parse_ascii17h065ae678081927e2E
                0x00000000400131bc       0x9c bin/obj/rslib.a(core-9bc28a7f9131c3bd.core.d226853cd57cf678-cgu.0.rcgu.o)
                0x00000000400131bc                core::net::parser::<impl core::net::ip_addr::Ipv6Addr>::parse_ascii
 .text._ZN4core3net6parser85_$LT$impl$u20$core..str..traits..FromStr$u20$for$u20$core..net..ip_addr..Ipv6Addr$GT$8from_str17hc2e68dfa798b6c60E
                0x0000000040013258       0x9c bin/obj/rslib.a(core-9bc28a7f9131c3bd.core.d226853cd57cf678-cgu.0.rcgu.o)
                0x0000000040013258                core::net::parser::<impl core::str::traits::FromStr for core::net::ip_addr::Ipv6Addr>::from_str
 .text._ZN4core3net6parser54_$LT$impl$u20$core..net..socket_addr..SocketAddrV4$GT$11parse_ascii17h92cbc127f1420788E
                0x00000000400132f4      0x11c bin/obj/rslib.a(core-9bc28a7f9131c3bd.core.d226853cd57cf678-cgu.0.rcgu.o)
                0x00000000400132f4                core::net::parser::<impl core::net::socket_addr::SocketAddrV4>::parse_ascii
 .text._ZN4core3net6parser93_$LT$impl$u20$core..str..traits..FromStr$u20$for$u20$core..net..socket_addr..SocketAddrV4$GT$8from_str17hb8b8abae36b04d2cE
                0x0000000040013410      0x118 bin/obj/rslib.a(core-9bc28a7f9131c3bd.core.d226853cd57cf678-cgu.0.rcgu.o)
                0x0000000040013410                core::net::parser::<impl core::str::traits::FromStr for core::net::socket_addr::SocketAddrV4>::from_str
 .text._ZN4core3net6parser54_$LT$impl$u20$core..net..socket_addr..SocketAddrV6$GT$11parse_ascii17h054031fb253aac66E
                0x0000000040013528       0x7c bin/obj/rslib.a(core-9bc28a7f9131c3bd.core.d226853cd57cf678-cgu.0.rcgu.o)
                0x0000000040013528                core::net::parser::<impl core::net::socket_addr::SocketAddrV6>::parse_ascii
 .text._ZN4core3net6parser93_$LT$impl$u20$core..str..traits..FromStr$u20$for$u20$core..net..socket_addr..SocketAddrV6$GT$8from_str17h7fbfac753f22af87E
                0x00000000400135a4       0x7c bin/obj/rslib.a(core-9bc28a7f9131c3bd.core.d226853cd57cf678-cgu.0.rcgu.o)
                0x00000000400135a4                core::net::parser::<impl core::str::traits::FromStr for core::net::socket_addr::SocketAddrV6>::from_str
 .text._ZN4core3net6parser52_$LT$impl$u20$core..net..socket_addr..SocketAddr$GT$11parse_ascii17h9f08c9dd873734f6E
                0x0000000040013620      0x1ac bin/obj/rslib.a(core-9bc28a7f9131c3bd.core.d226853cd57cf678-cgu.0.rcgu.o)
                0x0000000040013620                core::net::parser::<impl core::net::socket_addr::SocketAddr>::parse_ascii
 .text._ZN4core3net6parser91_$LT$impl$u20$core..str..traits..FromStr$u20$for$u20$core..net..socket_addr..SocketAddr$GT$8from_str17h8ccef824192b2892E
                0x00000000400137cc        0x4 bin/obj/rslib.a(core-9bc28a7f9131c3bd.core.d226853cd57cf678-cgu.0.rcgu.o)
                0x00000000400137cc                core::net::parser::<impl core::str::traits::FromStr for core::net::socket_addr::SocketAddr>::from_str
 .text._ZN72_$LT$core..net..parser..AddrParseError$u20$as$u20$core..fmt..Display$GT$3fmt17h86b0b6ce6dd91ce6E
                0x00000000400137d0       0x28 bin/obj/rslib.a(core-9bc28a7f9131c3bd.core.d226853cd57cf678-cgu.0.rcgu.o)
                0x00000000400137d0                <core::net::parser::AddrParseError as core::fmt::Display>::fmt
 .text._ZN73_$LT$core..net..socket_addr..SocketAddr$u20$as$u20$core..fmt..Display$GT$3fmt17hc1e8c186ac1e2d22E
                0x00000000400137f8       0x1c bin/obj/rslib.a(core-9bc28a7f9131c3bd.core.d226853cd57cf678-cgu.0.rcgu.o)
                0x00000000400137f8                <core::net::socket_addr::SocketAddr as core::fmt::Display>::fmt
 .text._ZN71_$LT$core..net..socket_addr..SocketAddr$u20$as$u20$core..fmt..Debug$GT$3fmt17hed43315cee45212fE
                0x0000000040013814       0x1c bin/obj/rslib.a(core-9bc28a7f9131c3bd.core.d226853cd57cf678-cgu.0.rcgu.o)
                0x0000000040013814                <core::net::socket_addr::SocketAddr as core::fmt::Debug>::fmt
 .text._ZN75_$LT$core..net..socket_addr..SocketAddrV4$u20$as$u20$core..fmt..Display$GT$3fmt17h09f048bff52c7e54E
                0x0000000040013830      0x150 bin/obj/rslib.a(core-9bc28a7f9131c3bd.core.d226853cd57cf678-cgu.0.rcgu.o)
                0x0000000040013830                <core::net::socket_addr::SocketAddrV4 as core::fmt::Display>::fmt
 .text._ZN73_$LT$core..net..socket_addr..SocketAddrV4$u20$as$u20$core..fmt..Debug$GT$3fmt17hefc9690eb6846316E
                0x0000000040013980        0x4 bin/obj/rslib.a(core-9bc28a7f9131c3bd.core.d226853cd57cf678-cgu.0.rcgu.o)
                0x0000000040013980                <core::net::socket_addr::SocketAddrV4 as core::fmt::Debug>::fmt
 .text._ZN75_$LT$core..net..socket_addr..SocketAddrV6$u20$as$u20$core..fmt..Display$GT$3fmt17hfb2939480984bf1dE
                0x0000000040013984      0x248 bin/obj/rslib.a(core-9bc28a7f9131c3bd.core.d226853cd57cf678-cgu.0.rcgu.o)
                0x0000000040013984                <core::net::socket_addr::SocketAddrV6 as core::fmt::Display>::fmt
 .text._ZN73_$LT$core..net..socket_addr..SocketAddrV6$u20$as$u20$core..fmt..Debug$GT$3fmt17hfe4680f1cbb91d34E
                0x0000000040013bcc        0x4 bin/obj/rslib.a(core-9bc28a7f9131c3bd.core.d226853cd57cf678-cgu.0.rcgu.o)
                0x0000000040013bcc                <core::net::socket_addr::SocketAddrV6 as core::fmt::Debug>::fmt
 .text.unlikely._ZN4core6option13unwrap_failed17ha81251c04f59d195E
                0x0000000040013bd0       0x1c bin/obj/rslib.a(core-9bc28a7f9131c3bd.core.d226853cd57cf678-cgu.0.rcgu.o)
                0x0000000040013bd0                core::option::unwrap_failed
 .text.unlikely._ZN4core6option13expect_failed17hd32d6cf3a4bf1d96E
                0x0000000040013bec       0x48 bin/obj/rslib.a(core-9bc28a7f9131c3bd.core.d226853cd57cf678-cgu.0.rcgu.o)
                0x0000000040013bec                core::option::expect_failed
 .text._ZN68_$LT$core..panic..location..Location$u20$as$u20$core..fmt..Debug$GT$3fmt17he0fd85aed8862e61E
                0x0000000040013c34      0x110 bin/obj/rslib.a(core-9bc28a7f9131c3bd.core.d226853cd57cf678-cgu.0.rcgu.o)
                0x0000000040013c34                <core::panic::location::Location as core::fmt::Debug>::fmt
 .text._ZN73_$LT$core..panic..panic_info..PanicInfo$u20$as$u20$core..fmt..Display$GT$3fmt17h5808df031e1f34aeE
                0x0000000040013d44      0x134 bin/obj/rslib.a(core-9bc28a7f9131c3bd.core.d226853cd57cf678-cgu.0.rcgu.o)
                0x0000000040013d44                <core::panic::panic_info::PanicInfo as core::fmt::Display>::fmt
 .text.unlikely._ZN4core9panicking9panic_fmt17h59c12d7bbf12008bE
                0x0000000040013e78       0x20 bin/obj/rslib.a(core-9bc28a7f9131c3bd.core.d226853cd57cf678-cgu.0.rcgu.o)
                0x0000000040013e78                core::panicking::panic_fmt
 .text.unlikely._ZN4core9panicking18panic_nounwind_fmt17h43d790f68ff1e4a4E
                0x0000000040013e98       0x44 bin/obj/rslib.a(core-9bc28a7f9131c3bd.core.d226853cd57cf678-cgu.0.rcgu.o)
                0x0000000040013e98                core::panicking::panic_nounwind_fmt
 .text.unlikely._ZN4core9panicking5panic17h8ee0369f01486facE
                0x0000000040013edc       0x34 bin/obj/rslib.a(core-9bc28a7f9131c3bd.core.d226853cd57cf678-cgu.0.rcgu.o)
                0x0000000040013edc                core::panicking::panic
 .text.unlikely._ZN4core9panicking14panic_nounwind17h732209add0f70db3E
                0x0000000040013f10       0x3c bin/obj/rslib.a(core-9bc28a7f9131c3bd.core.d226853cd57cf678-cgu.0.rcgu.o)
                0x0000000040013f10                core::panicking::panic_nounwind
 .text.unlikely._ZN4core9panicking26panic_nounwind_nobacktrace17h73dd0549be049235E
                0x0000000040013f4c       0x3c bin/obj/rslib.a(core-9bc28a7f9131c3bd.core.d226853cd57cf678-cgu.0.rcgu.o)
                0x0000000040013f4c                core::panicking::panic_nounwind_nobacktrace
 .text.unlikely._ZN4core9panicking14panic_explicit17h9f5c3629a163b730E
                0x0000000040013f88       0x48 bin/obj/rslib.a(core-9bc28a7f9131c3bd.core.d226853cd57cf678-cgu.0.rcgu.o)
                0x0000000040013f88                core::panicking::panic_explicit
 .text.unlikely._ZN4core9panicking18panic_bounds_check17head8e44ed03a260fE
                0x0000000040013fd0       0x50 bin/obj/rslib.a(core-9bc28a7f9131c3bd.core.d226853cd57cf678-cgu.0.rcgu.o)
                0x0000000040013fd0                core::panicking::panic_bounds_check
 .text.unlikely._ZN4core9panicking36panic_misaligned_pointer_dereference17h668991c61ca32a1cE
                0x0000000040014020       0x58 bin/obj/rslib.a(core-9bc28a7f9131c3bd.core.d226853cd57cf678-cgu.0.rcgu.o)
                0x0000000040014020                core::panicking::panic_misaligned_pointer_dereference
 .text.unlikely._ZN4core9panicking30panic_null_pointer_dereference17h66c6810a4da7c5ecE
                0x0000000040014078       0x38 bin/obj/rslib.a(core-9bc28a7f9131c3bd.core.d226853cd57cf678-cgu.0.rcgu.o)
                0x0000000040014078                core::panicking::panic_null_pointer_dereference
 .text.unlikely._ZN4core9panicking19panic_cannot_unwind17ha3109e66db2eb33cE
                0x00000000400140b0       0x18 bin/obj/rslib.a(core-9bc28a7f9131c3bd.core.d226853cd57cf678-cgu.0.rcgu.o)
                0x00000000400140b0                core::panicking::panic_cannot_unwind
 .text.unlikely._ZN4core9panicking16panic_in_cleanup17h9f77cff3a1188b8dE
                0x00000000400140c8       0x18 bin/obj/rslib.a(core-9bc28a7f9131c3bd.core.d226853cd57cf678-cgu.0.rcgu.o)
                0x00000000400140c8                core::panicking::panic_in_cleanup
 .text.unlikely._ZN4core9panicking15const_panic_fmt17h124756fff53c4a69E
                0x00000000400140e0       0x64 bin/obj/rslib.a(core-9bc28a7f9131c3bd.core.d226853cd57cf678-cgu.0.rcgu.o)
                0x00000000400140e0                core::panicking::const_panic_fmt
 .text.unlikely._ZN4core9panicking13assert_failed17h1578fa687b85f9edE
                0x0000000040014144       0x1c bin/obj/rslib.a(core-9bc28a7f9131c3bd.core.d226853cd57cf678-cgu.0.rcgu.o)
                0x0000000040014144                core::panicking::assert_failed
 .text.unlikely._ZN4core9panicking13assert_failed17h4ad99645d14da504E
                0x0000000040014160       0x1c bin/obj/rslib.a(core-9bc28a7f9131c3bd.core.d226853cd57cf678-cgu.0.rcgu.o)
                0x0000000040014160                core::panicking::assert_failed
 .text._ZN84_$LT$core..panicking..assert_matches_failed..Pattern$u20$as$u20$core..fmt..Debug$GT$3fmt17h7d1bcdb86d2f1592E
                0x000000004001417c       0x14 bin/obj/rslib.a(core-9bc28a7f9131c3bd.core.d226853cd57cf678-cgu.0.rcgu.o)
                0x000000004001417c                <core::panicking::assert_matches_failed::Pattern as core::fmt::Debug>::fmt
 .text.unlikely._ZN4core9panicking19assert_failed_inner17h3ec2d0c2274a870cE
                0x0000000040014190       0xec bin/obj/rslib.a(core-9bc28a7f9131c3bd.core.d226853cd57cf678-cgu.0.rcgu.o)
                0x0000000040014190                core::panicking::assert_failed_inner
 .text._ZN48_$LT$char$u20$as$u20$core..pat..RangePattern$GT$7sub_one17h2990797fe0abc807E
                0x000000004001427c       0x54 bin/obj/rslib.a(core-9bc28a7f9131c3bd.core.d226853cd57cf678-cgu.0.rcgu.o)
                0x000000004001427c                <char as core::pat::RangePattern>::sub_one
 .text.unlikely._ZN4core6result13unwrap_failed17hc7bf42bcdf7cf52aE
                0x00000000400142d0       0x5c bin/obj/rslib.a(core-9bc28a7f9131c3bd.core.d226853cd57cf678-cgu.0.rcgu.o)
                0x00000000400142d0                core::result::unwrap_failed
 .text._ZN67_$LT$core..sync..atomic..AtomicBool$u20$as$u20$core..fmt..Debug$GT$3fmt17h785780f3c4703d75E
                0x000000004001432c       0x2c bin/obj/rslib.a(core-9bc28a7f9131c3bd.core.d226853cd57cf678-cgu.0.rcgu.o)
                0x000000004001432c                <core::sync::atomic::AtomicBool as core::fmt::Debug>::fmt
 .text._ZN4core3fmt8builders10PadAdapter4wrap17h5eebf7fa637ed883E
                0x0000000040014358       0x4c bin/obj/rslib.a(core-9bc28a7f9131c3bd.core.d226853cd57cf678-cgu.0.rcgu.o)
                0x0000000040014358                core::fmt::builders::PadAdapter::wrap
 .text._ZN68_$LT$core..fmt..builders..PadAdapter$u20$as$u20$core..fmt..Write$GT$9write_str17hb6e46af551676d26E
                0x00000000400143a4      0x268 bin/obj/rslib.a(core-9bc28a7f9131c3bd.core.d226853cd57cf678-cgu.0.rcgu.o)
                0x00000000400143a4                <core::fmt::builders::PadAdapter as core::fmt::Write>::write_str
 .text._ZN68_$LT$core..fmt..builders..PadAdapter$u20$as$u20$core..fmt..Write$GT$10write_char17hf3b7446aace36723E
                0x000000004001460c       0x80 bin/obj/rslib.a(core-9bc28a7f9131c3bd.core.d226853cd57cf678-cgu.0.rcgu.o)
                0x000000004001460c                <core::fmt::builders::PadAdapter as core::fmt::Write>::write_char
 .text._ZN4core3fmt8builders11DebugStruct5field17h6af7cc2ebccff4ceE
                0x000000004001468c      0x1bc bin/obj/rslib.a(core-9bc28a7f9131c3bd.core.d226853cd57cf678-cgu.0.rcgu.o)
                0x000000004001468c                core::fmt::builders::DebugStruct::field
 .text._ZN4core3fmt8builders11DebugStruct21finish_non_exhaustive17h96f08ce6c43761c6E
                0x0000000040014848       0xdc bin/obj/rslib.a(core-9bc28a7f9131c3bd.core.d226853cd57cf678-cgu.0.rcgu.o)
                0x0000000040014848                core::fmt::builders::DebugStruct::finish_non_exhaustive
 .text._ZN4core3fmt8builders11DebugStruct6finish17h4fba06c8bf4906b7E
                0x0000000040014924       0x7c bin/obj/rslib.a(core-9bc28a7f9131c3bd.core.d226853cd57cf678-cgu.0.rcgu.o)
                0x0000000040014924                core::fmt::builders::DebugStruct::finish
 .text._ZN4core3fmt8builders10DebugTuple5field17h60cebf54beee8106E
                0x00000000400149a0      0x148 bin/obj/rslib.a(core-9bc28a7f9131c3bd.core.d226853cd57cf678-cgu.0.rcgu.o)
                0x00000000400149a0                core::fmt::builders::DebugTuple::field
 .text._ZN4core3fmt8builders10DebugTuple21finish_non_exhaustive17h6f64c306b7c72ee9E
                0x0000000040014ae8       0xd8 bin/obj/rslib.a(core-9bc28a7f9131c3bd.core.d226853cd57cf678-cgu.0.rcgu.o)
                0x0000000040014ae8                core::fmt::builders::DebugTuple::finish_non_exhaustive
 .text._ZN4core3fmt8builders10DebugTuple6finish17hbb5533ad16eeb5e1E
                0x0000000040014bc0       0xb0 bin/obj/rslib.a(core-9bc28a7f9131c3bd.core.d226853cd57cf678-cgu.0.rcgu.o)
                0x0000000040014bc0                core::fmt::builders::DebugTuple::finish
 .text._ZN4core3fmt8builders8DebugSet5entry17hc4f82619b7f731baE
                0x0000000040014c70      0x144 bin/obj/rslib.a(core-9bc28a7f9131c3bd.core.d226853cd57cf678-cgu.0.rcgu.o)
                0x0000000040014c70                core::fmt::builders::DebugSet::entry
                0x0000000040014c70                core::fmt::builders::DebugList::entry
 .text._ZN4core3fmt8builders8DebugSet21finish_non_exhaustive17h67dc56552ef4fcc4E
                0x0000000040014db4       0xdc bin/obj/rslib.a(core-9bc28a7f9131c3bd.core.d226853cd57cf678-cgu.0.rcgu.o)
                0x0000000040014db4                core::fmt::builders::DebugSet::finish_non_exhaustive
 .text._ZN4core3fmt8builders8DebugSet6finish17hb2c0dc036a0de16fE
                0x0000000040014e90       0x58 bin/obj/rslib.a(core-9bc28a7f9131c3bd.core.d226853cd57cf678-cgu.0.rcgu.o)
                0x0000000040014e90                core::fmt::builders::DebugSet::finish
 .text._ZN4core3fmt8builders9DebugList21finish_non_exhaustive17h2cde829a23765496E
                0x0000000040014ee8      0x104 bin/obj/rslib.a(core-9bc28a7f9131c3bd.core.d226853cd57cf678-cgu.0.rcgu.o)
                0x0000000040014ee8                core::fmt::builders::DebugList::finish_non_exhaustive
 .text._ZN4core3fmt8builders9DebugList6finish17h8aef6923c58387bbE
                0x0000000040014fec       0x58 bin/obj/rslib.a(core-9bc28a7f9131c3bd.core.d226853cd57cf678-cgu.0.rcgu.o)
                0x0000000040014fec                core::fmt::builders::DebugList::finish
 .text._ZN4core3fmt8builders8DebugMap5entry17h098de1a122a91595E
                0x0000000040015044      0x120 bin/obj/rslib.a(core-9bc28a7f9131c3bd.core.d226853cd57cf678-cgu.0.rcgu.o)
                0x0000000040015044                core::fmt::builders::DebugMap::entry
 .text._ZN4core3fmt8builders8DebugMap3key17h07903bc2746b5865E
                0x0000000040015164      0x1a4 bin/obj/rslib.a(core-9bc28a7f9131c3bd.core.d226853cd57cf678-cgu.0.rcgu.o)
                0x0000000040015164                core::fmt::builders::DebugMap::key
 .text._ZN4core3fmt8builders8DebugMap5value17h7c10a7a869441789E
                0x0000000040015308      0x110 bin/obj/rslib.a(core-9bc28a7f9131c3bd.core.d226853cd57cf678-cgu.0.rcgu.o)
                0x0000000040015308                core::fmt::builders::DebugMap::value
 .text._ZN4core3fmt8builders8DebugMap21finish_non_exhaustive17hd8b10cea4d9ff8adE
                0x0000000040015418      0x110 bin/obj/rslib.a(core-9bc28a7f9131c3bd.core.d226853cd57cf678-cgu.0.rcgu.o)
                0x0000000040015418                core::fmt::builders::DebugMap::finish_non_exhaustive
 .text._ZN4core3fmt8builders8DebugMap6finish17h58a5583264a108d0E
                0x0000000040015528       0x98 bin/obj/rslib.a(core-9bc28a7f9131c3bd.core.d226853cd57cf678-cgu.0.rcgu.o)
                0x0000000040015528                core::fmt::builders::DebugMap::finish
 .text._ZN4core3fmt5float29float_to_decimal_common_exact17h9020898cd84b3411E
                0x00000000400155c0      0x304 bin/obj/rslib.a(core-9bc28a7f9131c3bd.core.d226853cd57cf678-cgu.0.rcgu.o)
 .text._ZN4core3fmt5float29float_to_decimal_common_exact17hc9bb6d03934ed708E
                0x00000000400158c4      0x308 bin/obj/rslib.a(core-9bc28a7f9131c3bd.core.d226853cd57cf678-cgu.0.rcgu.o)
 .text._ZN4core3fmt5float29float_to_decimal_common_exact17hddfb439dbc36b5e5E
                0x0000000040015bcc      0x308 bin/obj/rslib.a(core-9bc28a7f9131c3bd.core.d226853cd57cf678-cgu.0.rcgu.o)
 .text._ZN4core3fmt5float32float_to_decimal_common_shortest17h45bea25343d2d3eaE
                0x0000000040015ed4      0x24c bin/obj/rslib.a(core-9bc28a7f9131c3bd.core.d226853cd57cf678-cgu.0.rcgu.o)
 .text._ZN4core3fmt5float32float_to_decimal_common_shortest17h6e3d8c493f37ad26E
                0x0000000040016120      0x24c bin/obj/rslib.a(core-9bc28a7f9131c3bd.core.d226853cd57cf678-cgu.0.rcgu.o)
 .text._ZN4core3fmt5float32float_to_decimal_common_shortest17h86aab77d6c02d2fbE
                0x000000004001636c      0x248 bin/obj/rslib.a(core-9bc28a7f9131c3bd.core.d226853cd57cf678-cgu.0.rcgu.o)
 .text._ZN4core3fmt5float33float_to_exponential_common_exact17h1a43beb607228a04E
                0x00000000400165b4      0x334 bin/obj/rslib.a(core-9bc28a7f9131c3bd.core.d226853cd57cf678-cgu.0.rcgu.o)
 .text._ZN4core3fmt5float33float_to_exponential_common_exact17h2cc19d9feaec91d7E
                0x00000000400168e8      0x330 bin/obj/rslib.a(core-9bc28a7f9131c3bd.core.d226853cd57cf678-cgu.0.rcgu.o)
 .text._ZN4core3fmt5float33float_to_exponential_common_exact17h9b09ee5386a011d7E
                0x0000000040016c18      0x334 bin/obj/rslib.a(core-9bc28a7f9131c3bd.core.d226853cd57cf678-cgu.0.rcgu.o)
 .text._ZN4core3fmt5float36float_to_exponential_common_shortest17h0c5b68c5cdb5cafdE
                0x0000000040016f4c      0x304 bin/obj/rslib.a(core-9bc28a7f9131c3bd.core.d226853cd57cf678-cgu.0.rcgu.o)
 .text._ZN4core3fmt5float36float_to_exponential_common_shortest17h0f67a8cbef0b56f4E
                0x0000000040017250      0x304 bin/obj/rslib.a(core-9bc28a7f9131c3bd.core.d226853cd57cf678-cgu.0.rcgu.o)
 .text._ZN4core3fmt5float36float_to_exponential_common_shortest17hfdd8087b6d176695E
                0x0000000040017554      0x300 bin/obj/rslib.a(core-9bc28a7f9131c3bd.core.d226853cd57cf678-cgu.0.rcgu.o)
 .text._ZN4core3fmt3num53_$LT$impl$u20$core..fmt..Display$u20$for$u20$u128$GT$3fmt17h73a3bf4b662cca51E
                0x0000000040017854       0x54 bin/obj/rslib.a(core-9bc28a7f9131c3bd.core.d226853cd57cf678-cgu.0.rcgu.o)
                0x0000000040017854                core::fmt::num::<impl core::fmt::Display for u128>::fmt
 .text._ZN4core3fmt3num53_$LT$impl$u20$core..fmt..Display$u20$for$u20$i128$GT$3fmt17h9720ba3df8f84a6bE
                0x00000000400178a8       0x68 bin/obj/rslib.a(core-9bc28a7f9131c3bd.core.d226853cd57cf678-cgu.0.rcgu.o)
                0x00000000400178a8                core::fmt::num::<impl core::fmt::Display for i128>::fmt
 .text._ZN4core3fmt3num22_$LT$impl$u20$u128$GT$4_fmt17h6eb1bb1f566cdc24E
[...]
 .debug_str     0x000000000003e8fb       0x5e bin/obj/__arm/sysregs/arm_generic_timer.o
 .debug_str     0x000000000003e8fb       0x54 bin/obj/__arm/sysregs/sysregs.o
 .debug_str     0x000000000003e8fb       0x5b bin/obj/__arm/exceptions/el2_vectors.o
 .debug_str     0x000000000003e8fb       0x5a bin/obj/__arm/exceptions/exceptions.o
 .debug_str     0x000000000003e8fb       0x5b bin/obj/__arm/exceptions/el1_vectors.o
 .debug_str     0x000000000003e8fb       0x52 bin/obj/__lib/memcpy/memcpy.o
 .debug_str     0x000000000003e8fb       0x56 bin/obj/__lib/lock/spinlock_irq.o
 .debug_str     0x000000000003e8fb       0x51 bin/obj/__lib/lock/irqlock.o
 .debug_str     0x000000000003e8fb       0x52 bin/obj/__lib/lock/spinlock.o
 .debug_str     0x000000000003e8fb       0x4f bin/obj/__boot/clean_bss.o
 .debug_str     0x000000000003e8fb       0x4a bin/obj/__boot/boot.o
 .debug_str     0x000000000003e8fb       0x49 bin/obj/__boot/el1.o
 .debug_str     0x000000000003e8fb       0x51 bin/obj/__boot/panic/panic.o
 .debug_str     0x000000000003e8fb       0x61 bin/obj/__drivers/tmu/tmu_critical_default.o
 .debug_str     0x000000000003e8fb       0x6d bin/obj/__drivers/interrupts/gicv3/gicv3_arm_interface.o
 .debug_str     0x000000000003e8fb      0xfa2 bin/obj/kernel/irq/irq.o
 .debug_str     0x000000000003e8fb      0x32e bin/obj/kernel/devices/drivers.o
 .debug_str     0x000000000003e8fb      0xfdf bin/obj/kernel/init/init_drivers.o
 .debug_str     0x000000000003e8fb      0x366 bin/obj/kernel/init/init.o
 .debug_str     0x000000000003e8fb       0x79 bin/obj/kernel/malloc/buddy_allocator.o
 .debug_str     0x000000000003e8fb      0x36f bin/obj/kernel/kernel_entry.o
 .debug_str     0x000000000003e8fb      0x159 bin/obj/arm/cpu.o
 .debug_str     0x000000000003e8fb      0x1d7 bin/obj/arm/exceptions/handlers/el1/el1_cur_sp0_fiq.o
 .debug_str     0x000000000003e8fb      0x1da bin/obj/arm/exceptions/handlers/el1/el1_low_a32_serror.o
 .debug_str     0x000000000003e8fb      0x1d7 bin/obj/arm/exceptions/handlers/el1/el1_low_a32_fiq.o
 .debug_str     0x000000000003e8fb      0x1d8 bin/obj/arm/exceptions/handlers/el1/el1_low_a64_sync.o
 .debug_str     0x000000000003e8fb      0x1d8 bin/obj/arm/exceptions/handlers/el1/el1_cur_spx_sync.o
 .debug_str     0x000000000003e8fb      0x1d7 bin/obj/arm/exceptions/handlers/el1/el1_cur_spx_fiq.o
 .debug_str     0x000000000003e8fb      0x16e bin/obj/arm/exceptions/handlers/el1/el1_cur_spx_irq.o
 .debug_str     0x000000000003e8fb      0x1da bin/obj/arm/exceptions/handlers/el1/el1_cur_spx_serror.o
 .debug_str     0x000000000003e8fb      0x1d7 bin/obj/arm/exceptions/handlers/el1/el1_low_a32_irq.o
 .debug_str     0x000000000003e8fb      0x1d7 bin/obj/arm/exceptions/handlers/el1/el1_low_a64_fiq.o
 .debug_str     0x000000000003e8fb      0x1d7 bin/obj/arm/exceptions/handlers/el1/el1_low_a64_irq.o
 .debug_str     0x000000000003e8fb      0x1d8 bin/obj/arm/exceptions/handlers/el1/el1_cur_sp0_sync.o
 .debug_str     0x000000000003e8fb      0x1d7 bin/obj/arm/exceptions/handlers/el1/el1_cur_sp0_irq.o
 .debug_str     0x000000000003e8fb      0x1da bin/obj/arm/exceptions/handlers/el1/el1_low_a64_serror.o
 .debug_str     0x000000000003e8fb      0x1d8 bin/obj/arm/exceptions/handlers/el1/el1_low_a32_sync.o
 .debug_str     0x000000000003e8fb      0x1da bin/obj/arm/exceptions/handlers/el1/el1_cur_sp0_serror.o
 .debug_str     0x000000000003e8fb      0x1da bin/obj/arm/exceptions/handlers/el2/el2_low_a32_serror.o
 .debug_str     0x000000000003e8fb      0x1da bin/obj/arm/exceptions/handlers/el2/el2_cur_spx_serror.o
 .debug_str     0x000000000003e8fb      0x1da bin/obj/arm/exceptions/handlers/el2/el2_low_a64_serror.o
 .debug_str     0x000000000003e8fb      0x1d8 bin/obj/arm/exceptions/handlers/el2/el2_low_a64_sync.o
 .debug_str     0x000000000003e8fb      0x1d7 bin/obj/arm/exceptions/handlers/el2/el2_cur_sp0_irq.o
 .debug_str     0x000000000003e8fb      0x1da bin/obj/arm/exceptions/handlers/el2/el2_cur_sp0_serror.o
 .debug_str     0x000000000003e8fb      0x1d7 bin/obj/arm/exceptions/handlers/el2/el2_low_a64_irq.o
 .debug_str     0x000000000003e8fb      0x1d7 bin/obj/arm/exceptions/handlers/el2/el2_low_a64_fiq.o
 .debug_str     0x000000000003e8fb      0x1d7 bin/obj/arm/exceptions/handlers/el2/el2_cur_spx_fiq.o
 .debug_str     0x000000000003e8fb      0x1d7 bin/obj/arm/exceptions/handlers/el2/el2_low_a32_irq.o
 .debug_str     0x000000000003e8fb      0x1d7 bin/obj/arm/exceptions/handlers/el2/el2_cur_sp0_fiq.o
 .debug_str     0x000000000003e8fb      0x1d7 bin/obj/arm/exceptions/handlers/el2/el2_low_a32_fiq.o
 .debug_str     0x000000000003e8fb      0x1d8 bin/obj/arm/exceptions/handlers/el2/el2_cur_spx_sync.o
 .debug_str     0x000000000003e8fb      0x1d8 bin/obj/arm/exceptions/handlers/el2/el2_low_a32_sync.o
 .debug_str     0x000000000003e8fb      0x1d8 bin/obj/arm/exceptions/handlers/el2/el2_cur_sp0_sync.o
 .debug_str     0x000000000003e8fb      0x1d7 bin/obj/arm/exceptions/handlers/el2/el2_cur_spx_irq.o
 .debug_str     0x000000000003e8fb      0x36c bin/obj/arm/exceptions/exceptions.o
 .debug_str     0x000000000003e8fb      0x389 bin/obj/lib/string.o
 .debug_str     0x000000000003e8fb      0x370 bin/obj/lib/memcpy/memcpy.o
 .debug_str     0x000000000003e8fb      0x5b3 bin/obj/boot/panic/panic.o
 .debug_str     0x000000000003e8fb      0x3ee bin/obj/drivers/arm_generic_timer/arm_generic_timer.o
 .debug_str     0x000000000003e8fb      0xafd bin/obj/drivers/tmu/tmu.o
 .debug_str     0x000000000003e8fb      0x8e7 bin/obj/drivers/interrupts/gicv3/gicv3.o
 .debug_str     0x000000000003e8fb       0x79 bin/obj/drivers/interrupts/irq.o
 .debug_str     0x000000000003e8fb      0xe77 bin/obj/drivers/uart/uart.o
 .debug_str     0x000000000003e8fb     0x1344 bin/obj/rslib.a(imx8mp_kernel-d04bdacbb24302de.imx8mp_kernel.6f56ecdf942cbc9a-cgu.0.rcgu.o)
 .debug_str     0x000000000003e8fb    0x3929e bin/obj/rslib.a(core-9bc28a7f9131c3bd.core.d226853cd57cf678-cgu.0.rcgu.o)
 .debug_str     0x000000000003e8fb      0x194 bin/obj/rslib.a(compiler_builtins-f062c31c443b6323.compiler_builtins.9d65875af80bedf9-cgu.155.rcgu.o)
 .debug_str     0x000000000003e8fb      0x1dc bin/obj/rslib.a(compiler_builtins-f062c31c443b6323.compiler_builtins.9d65875af80bedf9-cgu.167.rcgu.o)
 .debug_str     0x000000000003e8fb      0x47f bin/obj/rslib.a(compiler_builtins-f062c31c443b6323.compiler_builtins.9d65875af80bedf9-cgu.195.rcgu.o)
 .debug_str     0x000000000003e8fb      0x7b4 bin/obj/rslib.a(compiler_builtins-f062c31c443b6323.compiler_builtins.9d65875af80bedf9-cgu.254.rcgu.o)
 .debug_str     0x000000000003e8fb      0x981 bin/obj/rslib.a(compiler_builtins-f062c31c443b6323.compiler_builtins.9d65875af80bedf9-cgu.010.rcgu.o)

.debug_rnglists
                0x0000000000000000       0x71
 .debug_rnglists
                0x0000000000000000       0x23 bin/obj/__arm/exceptions/el2_vectors.o
 .debug_rnglists
                0x0000000000000023       0x23 bin/obj/__arm/exceptions/el1_vectors.o
 .debug_rnglists
                0x0000000000000046       0x2b bin/obj/lib/string.o

.comment        0x0000000000000000       0x71
 .comment       0x0000000000000000       0x71 bin/obj/kernel/irq/irq.o
                                         0x46 (size before relaxing)
 .comment       0x0000000000000071       0x46 bin/obj/kernel/devices/drivers.o
 .comment       0x0000000000000071       0x46 bin/obj/kernel/init/init_drivers.o
 .comment       0x0000000000000071       0x46 bin/obj/kernel/init/init.o
 .comment       0x0000000000000071       0x46 bin/obj/kernel/malloc/buddy_allocator.o
 .comment       0x0000000000000071       0x46 bin/obj/kernel/kernel_entry.o
 .comment       0x0000000000000071       0x46 bin/obj/arm/cpu.o
 .comment       0x0000000000000071       0x46 bin/obj/arm/exceptions/handlers/el1/el1_cur_sp0_fiq.o
 .comment       0x0000000000000071       0x46 bin/obj/arm/exceptions/handlers/el1/el1_low_a32_serror.o
 .comment       0x0000000000000071       0x46 bin/obj/arm/exceptions/handlers/el1/el1_low_a32_fiq.o
 .comment       0x0000000000000071       0x46 bin/obj/arm/exceptions/handlers/el1/el1_low_a64_sync.o
 .comment       0x0000000000000071       0x46 bin/obj/arm/exceptions/handlers/el1/el1_cur_spx_sync.o
 .comment       0x0000000000000071       0x46 bin/obj/arm/exceptions/handlers/el1/el1_cur_spx_fiq.o
 .comment       0x0000000000000071       0x46 bin/obj/arm/exceptions/handlers/el1/el1_cur_spx_irq.o
 .comment       0x0000000000000071       0x46 bin/obj/arm/exceptions/handlers/el1/el1_cur_spx_serror.o
 .comment       0x0000000000000071       0x46 bin/obj/arm/exceptions/handlers/el1/el1_low_a32_irq.o
 .comment       0x0000000000000071       0x46 bin/obj/arm/exceptions/handlers/el1/el1_low_a64_fiq.o
 .comment       0x0000000000000071       0x46 bin/obj/arm/exceptions/handlers/el1/el1_low_a64_irq.o
 .comment       0x0000000000000071       0x46 bin/obj/arm/exceptions/handlers/el1/el1_cur_sp0_sync.o
 .comment       0x0000000000000071       0x46 bin/obj/arm/exceptions/handlers/el1/el1_cur_sp0_irq.o
 .comment       0x0000000000000071       0x46 bin/obj/arm/exceptions/handlers/el1/el1_low_a64_serror.o
 .comment       0x0000000000000071       0x46 bin/obj/arm/exceptions/handlers/el1/el1_low_a32_sync.o
 .comment       0x0000000000000071       0x46 bin/obj/arm/exceptions/handlers/el1/el1_cur_sp0_serror.o
 .comment       0x0000000000000071       0x46 bin/obj/arm/exceptions/handlers/el2/el2_low_a32_serror.o
 .comment       0x0000000000000071       0x46 bin/obj/arm/exceptions/handlers/el2/el2_cur_spx_serror.o
 .comment       0x0000000000000071       0x46 bin/obj/arm/exceptions/handlers/el2/el2_low_a64_serror.o
 .comment       0x0000000000000071       0x46 bin/obj/arm/exceptions/handlers/el2/el2_low_a64_sync.o
 .comment       0x0000000000000071       0x46 bin/obj/arm/exceptions/handlers/el2/el2_cur_sp0_irq.o
 .comment       0x0000000000000071       0x46 bin/obj/arm/exceptions/handlers/el2/el2_cur_sp0_serror.o
 .comment       0x0000000000000071       0x46 bin/obj/arm/exceptions/handlers/el2/el2_low_a64_irq.o
 .comment       0x0000000000000071       0x46 bin/obj/arm/exceptions/handlers/el2/el2_low_a64_fiq.o
 .comment       0x0000000000000071       0x46 bin/obj/arm/exceptions/handlers/el2/el2_cur_spx_fiq.o
 .comment       0x0000000000000071       0x46 bin/obj/arm/exceptions/handlers/el2/el2_low_a32_irq.o
 .comment       0x0000000000000071       0x46 bin/obj/arm/exceptions/handlers/el2/el2_cur_sp0_fiq.o
 .comment       0x0000000000000071       0x46 bin/obj/arm/exceptions/handlers/el2/el2_low_a32_fiq.o
 .comment       0x0000000000000071       0x46 bin/obj/arm/exceptions/handlers/el2/el2_cur_spx_sync.o
 .comment       0x0000000000000071       0x46 bin/obj/arm/exceptions/handlers/el2/el2_low_a32_sync.o
 .comment       0x0000000000000071       0x46 bin/obj/arm/exceptions/handlers/el2/el2_cur_sp0_sync.o
 .comment       0x0000000000000071       0x46 bin/obj/arm/exceptions/handlers/el2/el2_cur_spx_irq.o
 .comment       0x0000000000000071       0x46 bin/obj/arm/exceptions/exceptions.o
 .comment       0x0000000000000071       0x46 bin/obj/lib/string.o
 .comment       0x0000000000000071       0x46 bin/obj/lib/memcpy/memcpy.o
 .comment       0x0000000000000071       0x46 bin/obj/boot/panic/panic.o
 .comment       0x0000000000000071       0x46 bin/obj/drivers/arm_generic_timer/arm_generic_timer.o
 .comment       0x0000000000000071       0x46 bin/obj/drivers/tmu/tmu.o
 .comment       0x0000000000000071       0x46 bin/obj/drivers/interrupts/gicv3/gicv3.o
 .comment       0x0000000000000071       0x46 bin/obj/drivers/interrupts/irq.o
 .comment       0x0000000000000071       0x46 bin/obj/drivers/uart/uart.o
 .comment       0x0000000000000071       0x2d bin/obj/rslib.a(imx8mp_kernel-d04bdacbb24302de.imx8mp_kernel.6f56ecdf942cbc9a-cgu.0.rcgu.o)
 .comment       0x0000000000000071       0x2d bin/obj/rslib.a(core-9bc28a7f9131c3bd.core.d226853cd57cf678-cgu.0.rcgu.o)
 .comment       0x0000000000000071       0x2d bin/obj/rslib.a(compiler_builtins-f062c31c443b6323.compiler_builtins.9d65875af80bedf9-cgu.155.rcgu.o)
 .comment       0x0000000000000071       0x2d bin/obj/rslib.a(compiler_builtins-f062c31c443b6323.compiler_builtins.9d65875af80bedf9-cgu.167.rcgu.o)
 .comment       0x0000000000000071       0x2d bin/obj/rslib.a(compiler_builtins-f062c31c443b6323.compiler_builtins.9d65875af80bedf9-cgu.195.rcgu.o)
 .comment       0x0000000000000071       0x2d bin/obj/rslib.a(compiler_builtins-f062c31c443b6323.compiler_builtins.9d65875af80bedf9-cgu.254.rcgu.o)
 .comment       0x0000000000000071       0x2d bin/obj/rslib.a(compiler_builtins-f062c31c443b6323.compiler_builtins.9d65875af80bedf9-cgu.010.rcgu.o)

.note.GNU-stack
                0x0000000000000000        0x0
 .note.GNU-stack
                0x0000000000000000        0x0 bin/obj/rslib.a(imx8mp_kernel-d04bdacbb24302de.imx8mp_kernel.6f56ecdf942cbc9a-cgu.0.rcgu.o)
 .note.GNU-stack
                0x0000000000000000        0x0 bin/obj/rslib.a(core-9bc28a7f9131c3bd.core.d226853cd57cf678-cgu.0.rcgu.o)
 .note.GNU-stack
                0x0000000000000000        0x0 bin/obj/rslib.a(compiler_builtins-f062c31c443b6323.compiler_builtins.9d65875af80bedf9-cgu.155.rcgu.o)
 .note.GNU-stack
                0x0000000000000000        0x0 bin/obj/rslib.a(compiler_builtins-f062c31c443b6323.compiler_builtins.9d65875af80bedf9-cgu.167.rcgu.o)
 .note.GNU-stack
                0x0000000000000000        0x0 bin/obj/rslib.a(compiler_builtins-f062c31c443b6323.compiler_builtins.9d65875af80bedf9-cgu.195.rcgu.o)
 .note.GNU-stack
                0x0000000000000000        0x0 bin/obj/rslib.a(compiler_builtins-f062c31c443b6323.compiler_builtins.9d65875af80bedf9-cgu.254.rcgu.o)
 .note.GNU-stack
                0x0000000000000000        0x0 bin/obj/rslib.a(compiler_builtins-f062c31c443b6323.compiler_builtins.9d65875af80bedf9-cgu.010.rcgu.o)

.debug_frame    0x0000000000000000     0x7380
 .debug_frame   0x0000000000000000       0xa8 bin/obj/kernel/irq/irq.o
 .debug_frame   0x00000000000000a8      0x148 bin/obj/kernel/init/init_drivers.o
 .debug_frame   0x00000000000001f0       0x40 bin/obj/kernel/init/init.o
 .debug_frame   0x0000000000000230       0xa0 bin/obj/kernel/kernel_entry.o
 .debug_frame   0x00000000000002d0       0x38 bin/obj/arm/cpu.o
 .debug_frame   0x0000000000000308       0x30 bin/obj/arm/exceptions/handlers/el1/el1_cur_sp0_fiq.o
 .debug_frame   0x0000000000000338       0x30 bin/obj/arm/exceptions/handlers/el1/el1_low_a32_serror.o
 .debug_frame   0x0000000000000368       0x30 bin/obj/arm/exceptions/handlers/el1/el1_low_a32_fiq.o
 .debug_frame   0x0000000000000398       0x30 bin/obj/arm/exceptions/handlers/el1/el1_low_a64_sync.o
 .debug_frame   0x00000000000003c8       0x30 bin/obj/arm/exceptions/handlers/el1/el1_cur_spx_sync.o
 .debug_frame   0x00000000000003f8       0x30 bin/obj/arm/exceptions/handlers/el1/el1_cur_spx_fiq.o
 .debug_frame   0x0000000000000428       0x38 bin/obj/arm/exceptions/handlers/el1/el1_cur_spx_irq.o
 .debug_frame   0x0000000000000460       0x30 bin/obj/arm/exceptions/handlers/el1/el1_cur_spx_serror.o
 .debug_frame   0x0000000000000490       0x30 bin/obj/arm/exceptions/handlers/el1/el1_low_a32_irq.o
 .debug_frame   0x00000000000004c0       0x30 bin/obj/arm/exceptions/handlers/el1/el1_low_a64_fiq.o
 .debug_frame   0x00000000000004f0       0x30 bin/obj/arm/exceptions/handlers/el1/el1_low_a64_irq.o
 .debug_frame   0x0000000000000520       0x30 bin/obj/arm/exceptions/handlers/el1/el1_cur_sp0_sync.o
 .debug_frame   0x0000000000000550       0x30 bin/obj/arm/exceptions/handlers/el1/el1_cur_sp0_irq.o
 .debug_frame   0x0000000000000580       0x30 bin/obj/arm/exceptions/handlers/el1/el1_low_a64_serror.o
 .debug_frame   0x00000000000005b0       0x30 bin/obj/arm/exceptions/handlers/el1/el1_low_a32_sync.o
 .debug_frame   0x00000000000005e0       0x30 bin/obj/arm/exceptions/handlers/el1/el1_cur_sp0_serror.o
 .debug_frame   0x0000000000000610       0x30 bin/obj/arm/exceptions/handlers/el2/el2_low_a32_serror.o
 .debug_frame   0x0000000000000640       0x30 bin/obj/arm/exceptions/handlers/el2/el2_cur_spx_serror.o
 .debug_frame   0x0000000000000670       0x30 bin/obj/arm/exceptions/handlers/el2/el2_low_a64_serror.o
 .debug_frame   0x00000000000006a0       0x30 bin/obj/arm/exceptions/handlers/el2/el2_low_a64_sync.o
 .debug_frame   0x00000000000006d0       0x30 bin/obj/arm/exceptions/handlers/el2/el2_cur_sp0_irq.o
 .debug_frame   0x0000000000000700       0x30 bin/obj/arm/exceptions/handlers/el2/el2_cur_sp0_serror.o
 .debug_frame   0x0000000000000730       0x30 bin/obj/arm/exceptions/handlers/el2/el2_low_a64_irq.o
 .debug_frame   0x0000000000000760       0x30 bin/obj/arm/exceptions/handlers/el2/el2_low_a64_fiq.o
 .debug_frame   0x0000000000000790       0x30 bin/obj/arm/exceptions/handlers/el2/el2_cur_spx_fiq.o
 .debug_frame   0x00000000000007c0       0x30 bin/obj/arm/exceptions/handlers/el2/el2_low_a32_irq.o
 .debug_frame   0x00000000000007f0       0x30 bin/obj/arm/exceptions/handlers/el2/el2_cur_sp0_fiq.o
 .debug_frame   0x0000000000000820       0x30 bin/obj/arm/exceptions/handlers/el2/el2_low_a32_fiq.o
 .debug_frame   0x0000000000000850       0x30 bin/obj/arm/exceptions/handlers/el2/el2_cur_spx_sync.o
 .debug_frame   0x0000000000000880       0x30 bin/obj/arm/exceptions/handlers/el2/el2_low_a32_sync.o
 .debug_frame   0x00000000000008b0       0x30 bin/obj/arm/exceptions/handlers/el2/el2_cur_sp0_sync.o
 .debug_frame   0x00000000000008e0       0x30 bin/obj/arm/exceptions/handlers/el2/el2_cur_spx_irq.o
 .debug_frame   0x0000000000000910       0xd8 bin/obj/arm/exceptions/exceptions.o
 .debug_frame   0x00000000000009e8       0x80 bin/obj/lib/string.o
 .debug_frame   0x0000000000000a68       0x88 bin/obj/lib/memcpy/memcpy.o
 .debug_frame   0x0000000000000af0      0x148 bin/obj/boot/panic/panic.o
 .debug_frame   0x0000000000000c38      0x278 bin/obj/drivers/arm_generic_timer/arm_generic_timer.o
 .debug_frame   0x0000000000000eb0      0x978 bin/obj/drivers/tmu/tmu.o
 .debug_frame   0x0000000000001828      0x6f0 bin/obj/drivers/interrupts/gicv3/gicv3.o
 .debug_frame   0x0000000000001f18      0xdf8 bin/obj/drivers/uart/uart.o
 .debug_frame   0x0000000000002d10      0x190 bin/obj/rslib.a(imx8mp_kernel-d04bdacbb24302de.imx8mp_kernel.6f56ecdf942cbc9a-cgu.0.rcgu.o)
 .debug_frame   0x0000000000002ea0     0x43b8 bin/obj/rslib.a(core-9bc28a7f9131c3bd.core.d226853cd57cf678-cgu.0.rcgu.o)
 .debug_frame   0x0000000000007258       0x38 bin/obj/rslib.a(compiler_builtins-f062c31c443b6323.compiler_builtins.9d65875af80bedf9-cgu.155.rcgu.o)
 .debug_frame   0x0000000000007290       0x30 bin/obj/rslib.a(compiler_builtins-f062c31c443b6323.compiler_builtins.9d65875af80bedf9-cgu.167.rcgu.o)
 .debug_frame   0x00000000000072c0       0x30 bin/obj/rslib.a(compiler_builtins-f062c31c443b6323.compiler_builtins.9d65875af80bedf9-cgu.195.rcgu.o)
 .debug_frame   0x00000000000072f0       0x30 bin/obj/rslib.a(compiler_builtins-f062c31c443b6323.compiler_builtins.9d65875af80bedf9-cgu.254.rcgu.o)
 .debug_frame   0x0000000000007320       0x60 bin/obj/rslib.a(compiler_builtins-f062c31c443b6323.compiler_builtins.9d65875af80bedf9-cgu.010.rcgu.o)

.debug_loc      0x0000000000000000      0xe38
 .debug_loc     0x0000000000000000      0xe38 bin/obj/rslib.a(imx8mp_kernel-d04bdacbb24302de.imx8mp_kernel.6f56ecdf942cbc9a-cgu.0.rcgu.o)

.debug_ranges   0x0000000000000000    0x1c740
 .debug_ranges  0x0000000000000000      0x690 bin/obj/rslib.a(imx8mp_kernel-d04bdacbb24302de.imx8mp_kernel.6f56ecdf942cbc9a-cgu.0.rcgu.o)
 .debug_ranges  0x0000000000000690    0x1bdc0 bin/obj/rslib.a(core-9bc28a7f9131c3bd.core.d226853cd57cf678-cgu.0.rcgu.o)
 .debug_ranges  0x000000000001c450       0x90 bin/obj/rslib.a(compiler_builtins-f062c31c443b6323.compiler_builtins.9d65875af80bedf9-cgu.195.rcgu.o)
 .debug_ranges  0x000000000001c4e0       0x90 bin/obj/rslib.a(compiler_builtins-f062c31c443b6323.compiler_builtins.9d65875af80bedf9-cgu.254.rcgu.o)
 .debug_ranges  0x000000000001c570      0x1d0 bin/obj/rslib.a(compiler_builtins-f062c31c443b6323.compiler_builtins.9d65875af80bedf9-cgu.010.rcgu.o)
