
There are no discarded input sections

Memory Configuration

Name             Origin             Length             Attributes
*default*        0x0000000000000000 0xffffffffffffffff

Linker script and memory map

                0x0000000040000000                . = 0x40000000

.text           0x0000000040000000     0x1780
 *(.text.boot)
 .text.boot     0x0000000040000000       0x38 bin/obj/__boot/boot.o
                0x0000000040000000                _start
 *(.text*)
 .text          0x0000000040000038        0xc bin/obj/__lib/kernel_utils.o
                0x0000000040000038                _currentEL
 *fill*         0x0000000040000044        0xc 
 .text          0x0000000040000050      0x240 bin/obj/__lib/memcpy/memcpy.o
                0x0000000040000050                _memcpy
                0x0000000040000150                _memcpy64
                0x0000000040000180                _memcpy32
                0x00000000400001b0                _memcpy16
                0x00000000400001e0                _memcpy8
                0x0000000040000210                _memcpy4
                0x0000000040000240                _memcpy2
                0x0000000040000270                _memcpy1
 .text          0x0000000040000290       0x58 bin/obj/__boot/clean_bss.o
                0x0000000040000290                _clean_bss
 .text          0x00000000400002e8        0x0 bin/obj/__boot/boot.o
 .text          0x00000000400002e8      0x27c bin/obj/kernel/panic.o
                0x00000000400002e8                init_panic
                0x000000004000039c                panic
                0x00000000400004b0                set_panic
                0x0000000040000520                set_and_throw_panic
 .text          0x0000000040000564        0x0 bin/obj/kernel/malloc/buddy_allocator.o
 .text          0x0000000040000564      0x108 bin/obj/kernel/kernel_entry.o
                0x0000000040000584                kernel_entry
 .text          0x000000004000066c      0x7d4 bin/obj/lib/string.o
                0x000000004000066c                strcopy
                0x0000000040000700                uint8_to_ascii_char
                0x0000000040000770                stdint_to_ascii
 .text          0x0000000040000e40      0x1d0 bin/obj/lib/memcpy/memcpy.o
                0x0000000040000e40                memcpy64_aligned
                0x0000000040000f7c                memcpy64
 .text          0x0000000040001010      0x768 bin/obj/drivers/uart/uart.o
                0x00000000400014dc                UART_putc
                0x0000000040001544                UART_puts
                0x0000000040001594                UART_reset
                0x000000004000162c                UART_init
                0x0000000040001780                . = ALIGN (0x10)
 *fill*         0x0000000040001778        0x8 

.iplt           0x0000000040001780        0x0
 .iplt          0x0000000040001780        0x0 bin/obj/__boot/clean_bss.o

.rodata         0x0000000040001780      0x2f0
 *(.rodata*)
 .rodata        0x0000000040001780       0xc3 bin/obj/kernel/panic.o
 *fill*         0x0000000040001843        0x5 
 .rodata        0x0000000040001848        0xe bin/obj/kernel/kernel_entry.o
 *fill*         0x0000000040001856        0x2 
 .rodata        0x0000000040001858      0x115 bin/obj/lib/string.o
 *fill*         0x000000004000196d        0x3 
 .rodata        0x0000000040001970       0xd7 bin/obj/lib/memcpy/memcpy.o
 *fill*         0x0000000040001a47        0x1 
 .rodata        0x0000000040001a48       0x20 bin/obj/drivers/uart/uart.o
                0x0000000040001a70                . = ALIGN (0x10)
 *fill*         0x0000000040001a68        0x8 

.rela.dyn       0x0000000040001a70        0x0
 .rela.iplt     0x0000000040001a70        0x0 bin/obj/__boot/clean_bss.o
 .rela.text     0x0000000040001a70        0x0 bin/obj/__boot/clean_bss.o
 .rela.text.boot
                0x0000000040001a70        0x0 bin/obj/__boot/clean_bss.o

.data           0x0000000040001a70        0x0
 *(.data*)
 .data          0x0000000040001a70        0x0 bin/obj/__lib/kernel_utils.o
 .data          0x0000000040001a70        0x0 bin/obj/__lib/memcpy/memcpy.o
 .data          0x0000000040001a70        0x0 bin/obj/__boot/clean_bss.o
 .data          0x0000000040001a70        0x0 bin/obj/__boot/boot.o
 .data          0x0000000040001a70        0x0 bin/obj/kernel/panic.o
 .data          0x0000000040001a70        0x0 bin/obj/kernel/malloc/buddy_allocator.o
 .data          0x0000000040001a70        0x0 bin/obj/kernel/kernel_entry.o
 .data          0x0000000040001a70        0x0 bin/obj/lib/string.o
 .data          0x0000000040001a70        0x0 bin/obj/lib/memcpy/memcpy.o
 .data          0x0000000040001a70        0x0 bin/obj/drivers/uart/uart.o
                0x0000000040001a70                . = ALIGN (0x10)

.igot.plt       0x0000000040001a70        0x0
 .igot.plt      0x0000000040001a70        0x0 bin/obj/__boot/clean_bss.o

.bss            0x0000000040001a80     0x1940
                0x0000000040001a80                __bss_start = .
 *(.bss*)
 .bss           0x0000000040001a80        0x0 bin/obj/__lib/kernel_utils.o
 .bss           0x0000000040001a80        0x0 bin/obj/__lib/memcpy/memcpy.o
 .bss           0x0000000040001a80        0x0 bin/obj/__boot/clean_bss.o
 .bss           0x0000000040001a80        0x0 bin/obj/__boot/boot.o
 .bss           0x0000000040001a80     0x1428 bin/obj/kernel/panic.o
                0x0000000040001a80                PANIC_MESSAGE_LEN
                0x0000000040001a88                PANIC_FILE_LEN
                0x0000000040001a90                PANIC_MESSAGE_PTR
                0x0000000040001a98                PANIC_FILE_PTR
                0x0000000040001aa0                PANIC_LINE
                0x0000000040001aa4                PANIC_COL
 .bss           0x0000000040002ea8        0x0 bin/obj/kernel/malloc/buddy_allocator.o
 *fill*         0x0000000040002ea8       0x18 
 .bss           0x0000000040002ec0      0x500 bin/obj/kernel/kernel_entry.o
 .bss           0x00000000400033c0        0x0 bin/obj/lib/string.o
 .bss           0x00000000400033c0        0x0 bin/obj/lib/memcpy/memcpy.o
 .bss           0x00000000400033c0        0x0 bin/obj/drivers/uart/uart.o
 *(COMMON)
                0x00000000400033c0                . = ALIGN (0x40)
                0x00000000400033c0                __bss_end = .

.stacks         0x0000000040004000   0xa00000
                0x0000000040004000                . = ALIGN (0x10)
                0x0000000040004000                __stack_el1_bottom = .
                0x0000000040504000                . = (. + 0x500000)
 *fill*         0x0000000040004000   0x500000 
                0x0000000040504000                __stack_el1_top = .
                0x0000000040504000                . = ALIGN (0x10)
                0x0000000040504000                __stack_el2_bottom = .
                0x0000000040a04000                . = (. + 0x500000)
 *fill*         0x0000000040504000   0x500000 
                0x0000000040a04000                __stack_el2_top = .
LOAD bin/obj/__lib/kernel_utils.o
LOAD bin/obj/__lib/memcpy/memcpy.o
LOAD bin/obj/__boot/clean_bss.o
LOAD bin/obj/__boot/boot.o
LOAD bin/obj/kernel/panic.o
LOAD bin/obj/kernel/malloc/buddy_allocator.o
LOAD bin/obj/kernel/kernel_entry.o
LOAD bin/obj/lib/string.o
LOAD bin/obj/lib/memcpy/memcpy.o
LOAD bin/obj/drivers/uart/uart.o
LOAD bin/obj/rslib.a
OUTPUT(bin/kernel.elf elf64-littleaarch64)
LOAD linker stubs

.comment        0x0000000000000000       0x45
 .comment       0x0000000000000000       0x45 bin/obj/kernel/panic.o
                                         0x46 (size before relaxing)
 .comment       0x0000000000000045       0x46 bin/obj/kernel/malloc/buddy_allocator.o
 .comment       0x0000000000000045       0x46 bin/obj/kernel/kernel_entry.o
 .comment       0x0000000000000045       0x46 bin/obj/lib/string.o
 .comment       0x0000000000000045       0x46 bin/obj/lib/memcpy/memcpy.o
 .comment       0x0000000000000045       0x46 bin/obj/drivers/uart/uart.o
